Archive member included because of file (symbol)

contiki-z1.a(er-coap-engine.)
                              water_flow_module.co (coap_rest_implementation)
contiki-z1.a(er-coap-transac)
                              contiki-z1.a(er-coap-engine.) (coap_register_as_transaction_handler)
contiki-z1.a(er-coap-observe)
                              contiki-z1.a(er-coap-transac) (coap_remove_observer_by_client)
contiki-z1.a(er-coap-res-wel)
                              contiki-z1.a(er-coap-engine.) (res_well_known_core)
contiki-z1.a(rest-engine.o)   water_flow_module.co (rest_init_engine)
contiki-z1.a(jsonparse.o)     water_flow_module.co (jsonparse_setup)
contiki-z1.a(contiki-z1-plat)
                              obj_z1/contiki-z1-main.o (init_platform)
contiki-z1.a(msp430.o)        obj_z1/contiki-z1-main.o (splhigh_)
contiki-z1.a(leds.o)          obj_z1/contiki-z1-main.o (leds_init)
contiki-z1.a(watchdog.o)      obj_z1/contiki-z1-main.o (watchdog_start)
contiki-z1.a(xmem.o)          obj_z1/contiki-z1-main.o (xmem_init)
contiki-z1.a(spi.o)           contiki-z1.a(xmem.o) (spi_init)
contiki-z1.a(cc2420.o)        obj_z1/contiki-z1-main.o (cc2420_set_pan_addr)
contiki-z1.a(cc2420-arch.o)   contiki-z1.a(cc2420.o) (cc2420_arch_init)
contiki-z1.a(node-id.o)       obj_z1/contiki-z1-main.o (node_id_restore)
contiki-z1.a(sensors.o)       contiki-z1.a(contiki-z1-plat) (sensors_process)
contiki-z1.a(uart0.o)         obj_z1/contiki-z1-main.o (uart0_active)
contiki-z1.a(uart0-putchar.o)
                              obj_z1/contiki-z1-main.o (putchar)
contiki-z1.a(z1-sensors.o)    contiki-z1.a(sensors.o) (sensors_flags)
contiki-z1.a(adxl345.o)       obj_z1/contiki-z1-main.o (adxl345)
contiki-z1.a(tmp102.o)        contiki-z1.a(z1-sensors.o) (tmp102)
contiki-z1.a(clock.o)         obj_z1/contiki-z1-main.o (clock_init)
contiki-z1.a(leds-arch.o)     contiki-z1.a(leds.o) (leds_arch_init)
contiki-z1.a(rtimer-arch.o)   obj_z1/contiki-z1-main.o (rtimer_arch_now)
contiki-z1.a(autostart.o)     obj_z1/contiki-z1-main.o (autostart_start)
contiki-z1.a(ctimer.o)        obj_z1/contiki-z1-main.o (ctimer_init)
contiki-z1.a(energest.o)      obj_z1/contiki-z1-main.o (energest_init)
contiki-z1.a(etimer.o)        contiki-z1.a(clock.o) (etimer_request_poll)
contiki-z1.a(process.o)       contiki-z1.a(er-coap-engine.) (process_current)
contiki-z1.a(rtimer.o)        obj_z1/contiki-z1-main.o (rtimer_init)
contiki-z1.a(timer.o)         contiki-z1.a(adxl345.o) (timer_set)
contiki-z1.a(serial-line.o)   water_flow_module.co (serial_line_event_message)
contiki-z1.a(list.o)          contiki-z1.a(rest-engine.o) (list_init)
contiki-z1.a(memb.o)          contiki-z1.a(er-coap-transac) (memb_alloc)
contiki-z1.a(random.o)        obj_z1/contiki-z1-main.o (random_init)
contiki-z1.a(ringbuf.o)       contiki-z1.a(serial-line.o) (ringbuf_init)
contiki-z1.a(uip-ds6.o)       obj_z1/contiki-z1-main.o (uip_ds6_get_link_local)
contiki-z1.a(uip-ds6-route.o)
                              contiki-z1.a(uip-ds6.o) (uip_ds6_route_init)
contiki-z1.a(uip6.o)          contiki-z1.a(er-coap-engine.) (uip_aligned_buf)
contiki-z1.a(uip-ds6-nbr.o)   contiki-z1.a(uip-ds6.o) (uip_ds6_neighbors_init)
contiki-z1.a(uip-nd6.o)       contiki-z1.a(uip6.o) (uip_nd6_init)
contiki-z1.a(sicslowpan.o)    obj_z1/contiki-z1-main.o (sicslowpan_driver)
contiki-z1.a(tcpip.o)         contiki-z1.a(sicslowpan.o) (tcpip_set_outputfunc)
contiki-z1.a(uip-debug.o)     contiki-z1.a(uip-ds6-route.o) (uip_debug_ipaddr_print)
contiki-z1.a(rpl-dag.o)       contiki-z1.a(tcpip.o) (rpl_repair_root)
contiki-z1.a(rpl-timers.o)    contiki-z1.a(rpl-dag.o) (rpl_reset_dio_timer)
contiki-z1.a(rpl-ext-header.)
                              contiki-z1.a(uip6.o) (rpl_verify_hbh_header)
contiki-z1.a(rpl.o)           contiki-z1.a(rpl-timers.o) (rpl_get_mode)
contiki-z1.a(rpl-mrhof.o)     contiki-z1.a(rpl-dag.o) (rpl_mrhof)
contiki-z1.a(queuebuf.o)      obj_z1/contiki-z1-main.o (queuebuf_init)
contiki-z1.a(nbr-table.o)     contiki-z1.a(uip-ds6-route.o) (nbr_table_register)
contiki-z1.a(packetbuf.o)     contiki-z1.a(cc2420.o) (packetbuf_set_datalen)
contiki-z1.a(linkaddr.o)      obj_z1/contiki-z1-main.o (linkaddr_copy)
contiki-z1.a(link-stats.o)    contiki-z1.a(rpl-dag.o) (link_stats_from_lladdr)
contiki-z1.a(framer-802154.o)
                              contiki-z1.a(sicslowpan.o) (framer_802154)
contiki-z1.a(csma.o)          obj_z1/contiki-z1-main.o (csma_driver)
contiki-z1.a(frame802154.o)   contiki-z1.a(framer-802154.o) (frame802154_get_pan_id)
contiki-z1.a(mac.o)           contiki-z1.a(csma.o) (mac_call_sent_callback)
contiki-z1.a(nullrdc.o)       obj_z1/contiki-z1-main.o (nullrdc_driver)
contiki-z1.a(nullsec.o)       obj_z1/contiki-z1-main.o (nullsec_driver)
contiki-z1.a(er-coap.o)       contiki-z1.a(er-coap-engine.) (coap_init_connection)
contiki-z1.a(i2cmaster.o)     contiki-z1.a(adxl345.o) (i2c_receiveinit)
contiki-z1.a(button-sensor.o)
                              contiki-z1.a(z1-sensors.o) (button_sensor)
[...]
Memory Configuration

Name             Origin             Length             Attributes
sfr              0x0000000000000000 0x0000000000000010
peripheral_8bit  0x0000000000000010 0x00000000000000f0
peripheral_16bit 0x0000000000000100 0x0000000000000100
ram_mirror       0x0000000000000200 0x0000000000000800 xw
infomem          0x0000000000001000 0x0000000000000100
infod            0x0000000000001000 0x0000000000000040
infoc            0x0000000000001040 0x0000000000000040
infob            0x0000000000001080 0x0000000000000040
infoa            0x00000000000010c0 0x0000000000000040
ram              0x0000000000001100 0x0000000000002000 xw
rom              0x0000000000003100 0x000000000000cebe xr
vectors          0x000000000000ffc0 0x0000000000000040
far_rom          0x0000000000010000 0x000000000000a000
bsl              0x0000000000000000 0x0000000000000000
ram2             0x0000000000000000 0x0000000000000000 xw
usbram           0x0000000000000000 0x0000000000000000 xw
*default*        0x0000000000000000 0xffffffffffffffff

Linker script and memory map

LOAD /usr/lib/gcc/msp430/4.6.3/mcpu-430x/mmpy-16/crt0ivtbl32.o
                0x0000000000000041                __P1SEL2 = 0x41
                0x0000000000000045                __P5SEL2 = 0x45
LOAD water_flow_module.co
LOAD obj_z1/contiki-z1-main.o
LOAD contiki-z1.a
LOAD /usr/lib/gcc/msp430/4.6.3/mcpu-430x/mmpy-16/libgcc.a
LOAD /usr/lib/gcc/msp430/4.6.3/../../../../msp430/lib/mcpu-430x/mmpy-16/libc.a
LOAD /usr/lib/gcc/msp430/4.6.3/mcpu-430x/mmpy-16/libgcc.a
LOAD /usr/lib/gcc/msp430/4.6.3/mcpu-430x/mmpy-16/libcrt0.a
                0x0000000000000040                PROVIDE (__info_segment_size, 0x40)
                0x0000000000001000                PROVIDE (__infod, 0x1000)
                0x0000000000001040                PROVIDE (__infoc, 0x1040)
                0x0000000000001080                PROVIDE (__infob, 0x1080)
                0x00000000000010c0                PROVIDE (__infoa, 0x10c0)
                0x0000000000000000                __IE1 = 0x0
                0x0000000000000002                __IFG1 = 0x2
                0x0000000000000001                __IE2 = 0x1
                0x0000000000000003                __IFG2 = 0x3
                0x0000000000000006                __UC1IE = 0x6
                0x0000000000000007                __UC1IFG = 0x7
                0x00000000000001a0                __ADC12CTL0 = 0x1a0
                0x00000000000001a2                __ADC12CTL1 = 0x1a2
                0x00000000000001a4                __ADC12IFG = 0x1a4
                0x00000000000001a6                __ADC12IE = 0x1a6
                0x00000000000001a8                __ADC12IV = 0x1a8
                0x0000000000000140                __ADC12MEM0 = 0x140
                0x0000000000000142                __ADC12MEM1 = 0x142
                0x0000000000000144                __ADC12MEM2 = 0x144
                0x0000000000000146                __ADC12MEM3 = 0x146
                0x0000000000000148                __ADC12MEM4 = 0x148
                0x000000000000014a                __ADC12MEM5 = 0x14a
                0x000000000000014c                __ADC12MEM6 = 0x14c
                0x000000000000014e                __ADC12MEM7 = 0x14e
                0x0000000000000150                __ADC12MEM8 = 0x150
                0x0000000000000152                __ADC12MEM9 = 0x152
                0x0000000000000154                __ADC12MEM10 = 0x154
                0x0000000000000156                __ADC12MEM11 = 0x156
                0x0000000000000158                __ADC12MEM12 = 0x158
                0x000000000000015a                __ADC12MEM13 = 0x15a
                0x000000000000015c                __ADC12MEM14 = 0x15c
                0x000000000000015e                __ADC12MEM15 = 0x15e
                0x0000000000000080                __ADC12MCTL0 = 0x80
                0x0000000000000081                __ADC12MCTL1 = 0x81
                0x0000000000000082                __ADC12MCTL2 = 0x82
                0x0000000000000083                __ADC12MCTL3 = 0x83
                0x0000000000000084                __ADC12MCTL4 = 0x84
                0x0000000000000085                __ADC12MCTL5 = 0x85
                0x0000000000000086                __ADC12MCTL6 = 0x86
                0x0000000000000087                __ADC12MCTL7 = 0x87
                0x0000000000000088                __ADC12MCTL8 = 0x88
                0x0000000000000089                __ADC12MCTL9 = 0x89
                0x000000000000008a                __ADC12MCTL10 = 0x8a
                0x000000000000008b                __ADC12MCTL11 = 0x8b
                0x000000000000008c                __ADC12MCTL12 = 0x8c
                0x000000000000008d                __ADC12MCTL13 = 0x8d
                0x000000000000008e                __ADC12MCTL14 = 0x8e
                0x000000000000008f                __ADC12MCTL15 = 0x8f
                0x0000000000000056                __DCOCTL = 0x56
                0x0000000000000057                __BCSCTL1 = 0x57
                0x0000000000000058                __BCSCTL2 = 0x58
                0x0000000000000053                __BCSCTL3 = 0x53
                0x0000000000000059                __CACTL1 = 0x59
                0x000000000000005a                __CACTL2 = 0x5a
                0x000000000000005b                __CAPD = 0x5b
                0x00000000000001c0                __DAC12_0CTL = 0x1c0
                0x00000000000001c2                __DAC12_1CTL = 0x1c2
                0x00000000000001c8                __DAC12_0DAT = 0x1c8
                0x00000000000001ca                __DAC12_1DAT = 0x1ca
                0x0000000000000122                __DMACTL0 = 0x122
                0x0000000000000124                __DMACTL1 = 0x124
                0x0000000000000126                __DMAIV = 0x126
                0x00000000000001d0                __DMA0CTL = 0x1d0
                0x00000000000001dc                __DMA1CTL = 0x1dc
                0x00000000000001e8                __DMA2CTL = 0x1e8
                0x00000000000001d2                __DMA0SA = 0x1d2
                0x00000000000001d2                __DMA0SAL = 0x1d2
                0x00000000000001d6                __DMA0DA = 0x1d6
                0x00000000000001d6                __DMA0DAL = 0x1d6
                0x00000000000001da                __DMA0SZ = 0x1da
                0x00000000000001de                __DMA1SA = 0x1de
                0x00000000000001de                __DMA1SAL = 0x1de
                0x00000000000001e2                __DMA1DA = 0x1e2
                0x00000000000001e2                __DMA1DAL = 0x1e2
                0x00000000000001e6                __DMA1SZ = 0x1e6
                0x00000000000001ea                __DMA2SA = 0x1ea
                0x00000000000001ea                __DMA2SAL = 0x1ea
                0x00000000000001ee                __DMA2DA = 0x1ee
                0x00000000000001ee                __DMA2DAL = 0x1ee
                0x00000000000001f2                __DMA2SZ = 0x1f2
                0x0000000000000128                __FCTL1 = 0x128
                0x000000000000012a                __FCTL2 = 0x12a
                0x000000000000012c                __FCTL3 = 0x12c
                0x00000000000001be                __FCTL4 = 0x1be
                0x0000000000000130                __MPY = 0x130
                0x0000000000000132                __MPYS = 0x132
                0x0000000000000134                __MAC = 0x134
                0x0000000000000136                __MACS = 0x136
                0x0000000000000138                __OP2 = 0x138
                0x000000000000013a                __RESLO = 0x13a
                0x000000000000013c                __RESHI = 0x13c
                0x000000000000013e                __SUMEXT = 0x13e
                0x0000000000000020                __P1IN = 0x20
                0x0000000000000021                __P1OUT = 0x21
                0x0000000000000022                __P1DIR = 0x22
                0x0000000000000023                __P1IFG = 0x23
                0x0000000000000024                __P1IES = 0x24
                0x0000000000000025                __P1IE = 0x25
                0x0000000000000026                __P1SEL = 0x26
                0x0000000000000027                __P1REN = 0x27
                0x0000000000000028                __P2IN = 0x28
                0x0000000000000029                __P2OUT = 0x29
                0x000000000000002a                __P2DIR = 0x2a
                0x000000000000002b                __P2IFG = 0x2b
                0x000000000000002c                __P2IES = 0x2c
                0x000000000000002d                __P2IE = 0x2d
                0x000000000000002e                __P2SEL = 0x2e
                0x000000000000002f                __P2REN = 0x2f
                0x0000000000000018                __P3IN = 0x18
                0x0000000000000019                __P3OUT = 0x19
                0x000000000000001a                __P3DIR = 0x1a
                0x000000000000001b                __P3SEL = 0x1b
                0x0000000000000010                __P3REN = 0x10
                0x000000000000001c                __P4IN = 0x1c
                0x000000000000001d                __P4OUT = 0x1d
                0x000000000000001e                __P4DIR = 0x1e
                0x000000000000001f                __P4SEL = 0x1f
                0x0000000000000011                __P4REN = 0x11
                0x0000000000000030                __P5IN = 0x30
                0x0000000000000031                __P5OUT = 0x31
                0x0000000000000032                __P5DIR = 0x32
                0x0000000000000033                __P5SEL = 0x33
                0x0000000000000012                __P5REN = 0x12
                0x0000000000000034                __P6IN = 0x34
                0x0000000000000035                __P6OUT = 0x35
                0x0000000000000036                __P6DIR = 0x36
                0x0000000000000037                __P6SEL = 0x37
                0x0000000000000013                __P6REN = 0x13
                0x0000000000000038                __P7IN = 0x38
                0x000000000000003a                __P7OUT = 0x3a
                0x000000000000003c                __P7DIR = 0x3c
                0x000000000000003e                __P7SEL = 0x3e
                0x0000000000000014                __P7REN = 0x14
                0x0000000000000039                __P8IN = 0x39
                0x000000000000003b                __P8OUT = 0x3b
                0x000000000000003d                __P8DIR = 0x3d
                0x000000000000003f                __P8SEL = 0x3f
                0x0000000000000015                __P8REN = 0x15
                0x0000000000000038                __PAIN = 0x38
                0x000000000000003a                __PAOUT = 0x3a
                0x000000000000003c                __PADIR = 0x3c
                0x000000000000003e                __PASEL = 0x3e
                0x0000000000000014                __PAREN = 0x14
                0x0000000000000055                __SVSCTL = 0x55
                0x000000000000012e                __TAIV = 0x12e
                0x0000000000000160                __TACTL = 0x160
                0x0000000000000162                __TACCTL0 = 0x162
                0x0000000000000164                __TACCTL1 = 0x164
                0x0000000000000166                __TACCTL2 = 0x166
                0x0000000000000170                __TAR = 0x170
                0x0000000000000172                __TACCR0 = 0x172
                0x0000000000000174                __TACCR1 = 0x174
                0x0000000000000176                __TACCR2 = 0x176
                0x000000000000011e                __TBIV = 0x11e
                0x0000000000000180                __TBCTL = 0x180
                0x0000000000000182                __TBCCTL0 = 0x182
                0x0000000000000184                __TBCCTL1 = 0x184
                0x0000000000000186                __TBCCTL2 = 0x186
                0x0000000000000188                __TBCCTL3 = 0x188
                0x000000000000018a                __TBCCTL4 = 0x18a
                0x000000000000018c                __TBCCTL5 = 0x18c
                0x000000000000018e                __TBCCTL6 = 0x18e
                0x0000000000000190                __TBR = 0x190
                0x0000000000000192                __TBCCR0 = 0x192
                0x0000000000000194                __TBCCR1 = 0x194
                0x0000000000000196                __TBCCR2 = 0x196
                0x0000000000000198                __TBCCR3 = 0x198
                0x000000000000019a                __TBCCR4 = 0x19a
                0x000000000000019c                __TBCCR5 = 0x19c
                0x000000000000019e                __TBCCR6 = 0x19e
                0x0000000000000060                __UCA0CTL0 = 0x60
                0x0000000000000061                __UCA0CTL1 = 0x61
                0x0000000000000062                __UCA0BR0 = 0x62
                0x0000000000000063                __UCA0BR1 = 0x63
                0x0000000000000064                __UCA0MCTL = 0x64
                0x0000000000000065                __UCA0STAT = 0x65
                0x0000000000000066                __UCA0RXBUF = 0x66
                0x0000000000000067                __UCA0TXBUF = 0x67
                0x000000000000005d                __UCA0ABCTL = 0x5d
                0x000000000000005e                __UCA0IRTCTL = 0x5e
                0x000000000000005f                __UCA0IRRCTL = 0x5f
                0x0000000000000068                __UCB0CTL0 = 0x68
                0x0000000000000069                __UCB0CTL1 = 0x69
                0x000000000000006a                __UCB0BR0 = 0x6a
                0x000000000000006b                __UCB0BR1 = 0x6b
                0x000000000000006c                __UCB0I2CIE = 0x6c
                0x000000000000006d                __UCB0STAT = 0x6d
                0x000000000000006e                __UCB0RXBUF = 0x6e
                0x000000000000006f                __UCB0TXBUF = 0x6f
                0x0000000000000118                __UCB0I2COA = 0x118
                0x000000000000011a                __UCB0I2CSA = 0x11a
                0x00000000000000d0                __UCA1CTL0 = 0xd0
                0x00000000000000d1                __UCA1CTL1 = 0xd1
                0x00000000000000d2                __UCA1BR0 = 0xd2
                0x00000000000000d3                __UCA1BR1 = 0xd3
                0x00000000000000d4                __UCA1MCTL = 0xd4
                0x00000000000000d5                __UCA1STAT = 0xd5
                0x00000000000000d6                __UCA1RXBUF = 0xd6
                0x00000000000000d7                __UCA1TXBUF = 0xd7
                0x00000000000000cd                __UCA1ABCTL = 0xcd
                0x00000000000000ce                __UCA1IRTCTL = 0xce
                0x00000000000000cf                __UCA1IRRCTL = 0xcf
                0x00000000000000d8                __UCB1CTL0 = 0xd8
                0x00000000000000d9                __UCB1CTL1 = 0xd9
                0x00000000000000da                __UCB1BR0 = 0xda
                0x00000000000000db                __UCB1BR1 = 0xdb
                0x00000000000000dc                __UCB1I2CIE = 0xdc
                0x00000000000000dd                __UCB1STAT = 0xdd
                0x00000000000000de                __UCB1RXBUF = 0xde
                0x00000000000000df                __UCB1TXBUF = 0xdf
                0x000000000000017c                __UCB1I2COA = 0x17c
                0x000000000000017e                __UCB1I2CSA = 0x17e
                0x0000000000000120                __WDTCTL = 0x120
                0x00000000000010c0                __TLV_CHECKSUM = 0x10c0
                0x00000000000010f6                __TLV_DCO_30_TAG = 0x10f6
                0x00000000000010f7                __TLV_DCO_30_LEN = 0x10f7
                0x00000000000010da                __TLV_ADC12_1_TAG = 0x10da
                0x00000000000010db                __TLV_ADC12_1_LEN = 0x10db
                0x00000000000010f8                __CALDCO_16MHZ = 0x10f8
                0x00000000000010f9                __CALBC1_16MHZ = 0x10f9
                0x00000000000010fa                __CALDCO_12MHZ = 0x10fa
                0x00000000000010fb                __CALBC1_12MHZ = 0x10fb
                0x00000000000010fc                __CALDCO_8MHZ = 0x10fc
                0x00000000000010fd                __CALBC1_8MHZ = 0x10fd
                0x00000000000010fe                __CALDCO_1MHZ = 0x10fe
                0x00000000000010ff                __CALBC1_1MHZ = 0x10ff

.hash
 *(.hash)

.dynsym
 *(.dynsym)

.dynstr
 *(.dynstr)

.gnu.version
 *(.gnu.version)

.gnu.version_d
 *(.gnu.version_d)

.gnu.version_r
 *(.gnu.version_r)

.rel.init
 *(.rel.init)

.rela.init
 *(.rela.init)

.rel.fini
 *(.rel.fini)

.rela.fini
 *(.rela.fini)

.rel.text
 *(.rel.text .rel.text.* .rel.gnu.linkonce.t.*)

.rela.text
 *(.rela.text .rela.text.* .rela.gnu.linkonce.t.*)

.rel.rodata
 *(.rel.rodata .rel.rodata.* .rel.gnu.linkonce.r.*)

.rela.rodata
 *(.rela.rodata .rela.rodata.* .rela.gnu.linkonce.r.*)

.rel.data
 *(.rel.data .rel.data.* .rel.gnu.linkonce.d.*)

.rela.data
 *(.rela.data .rela.data.* .rela.gnu.linkonce.d.*)

.rel.bss
 *(.rel.bss .rel.bss.* .rel.gnu.linkonce.b.*)

.rela.bss
 *(.rela.bss .rela.bss.* .rela.gnu.linkonce.b.*)

.rel.ctors
 *(.rel.ctors)

.rela.ctors
 *(.rela.ctors)

.rel.dtors
 *(.rel.dtors)

.rela.dtors
 *(.rela.dtors)

.rel.got
 *(.rel.got)

.rela.got
 *(.rela.got)

.rel.plt
 *(.rel.plt)

.rela.plt
 *(.rela.plt)

.text           0x0000000000003100     0xc794
                0x0000000000003100                . = ALIGN (0x2)
 *(.init .init.*)
 *(.init0)
 .init0         0x0000000000003100        0x0 /usr/lib/gcc/msp430/4.6.3/mcpu-430x/mmpy-16/libcrt0.a(_reset_vector__.o)
                0x0000000000003100                _reset_vector__
 *(.init1)
 .init1         0x0000000000003100        0xc /usr/lib/gcc/msp430/4.6.3/mcpu-430x/mmpy-16/libcrt0.a(__watchdog_support.o)
                0x0000000000003100                __watchdog_support
 *(.init2)
 .init2         0x000000000000310c        0x4 /usr/lib/gcc/msp430/4.6.3/mcpu-430x/mmpy-16/libcrt0.a(__init_stack.o)
                0x000000000000310c                __init_stack
 *(.init3)
 .init3         0x0000000000003110        0x0 /usr/lib/gcc/msp430/4.6.3/mcpu-430x/mmpy-16/libcrt0.a(__low_level_init.o)
                0x0000000000003110                __low_level_init
 *(.init4)
 .init4         0x0000000000003110       0x18 /usr/lib/gcc/msp430/4.6.3/mcpu-430x/mmpy-16/libcrt0.a(_copy_data.o)
                0x0000000000003110                __do_copy_data
 .init4         0x0000000000003128       0x16 /usr/lib/gcc/msp430/4.6.3/mcpu-430x/mmpy-16/libcrt0.a(_clear_bss.o)
                0x0000000000003128                __do_clear_bss
 *(.init5)
 *(.init6)
 *(.init7)
 *(.init8)
 *(.init9)
 .init9         0x000000000000313e      0x350 obj_z1/contiki-z1-main.o
                0x000000000000313e                main
 *(.fini9)
 .fini9         0x000000000000348e        0x0 /usr/lib/gcc/msp430/4.6.3/mcpu-430x/mmpy-16/libcrt0.a(__stop_progExec__.o)
                0x000000000000348e                __stop_progExec__
 *(.fini8)
 *(.fini7)
 *(.fini6)
 *(.fini5)
 *(.fini4)
 *(.fini3)
 *(.fini2)
 *(.fini1)
 *(.fini0)
 .fini0         0x000000000000348e        0x6 /usr/lib/gcc/msp430/4.6.3/mcpu-430x/mmpy-16/libcrt0.a(_endless_loop__.o)
                0x000000000000348e                _endless_loop__
 *(.fini .fini.*)
                0x0000000000003494                . = ALIGN (0x2)
                0x0000000000003494                __ctors_start = .
 *(.ctors)
                0x0000000000003494                __ctors_end = .
                0x0000000000003494                __dtors_start = .
 *(.dtors)
                0x0000000000003494                __dtors_end = .
                0x0000000000003494                . = ALIGN (0x2)
 *(.text .text.* .gnu.linkonce.t.*)
 .text          0x0000000000003494        0x4 /usr/lib/gcc/msp430/4.6.3/mcpu-430x/mmpy-16/crt0ivtbl32.o
                0x0000000000003494                __isr_14
                0x0000000000003494                __isr_4
                0x0000000000003494                __isr_29
                0x0000000000003494                __isr_11
                0x0000000000003494                __isr_5
                0x0000000000003494                __isr_2
                0x0000000000003494                __isr_10
                0x0000000000003494                __isr_7
                0x0000000000003494                __isr_0
                0x0000000000003494                __isr_28
                0x0000000000003494                __isr_8
                0x0000000000003494                __isr_20
                0x0000000000003494                __isr_3
                0x0000000000003494                __isr_12
                0x0000000000003494                __isr_13
                0x0000000000003494                __isr_27
                0x0000000000003494                __isr_9
                0x0000000000003494                __isr_30
                0x0000000000003494                __isr_6
                0x0000000000003494                __isr_22
                0x0000000000003494                __isr_1
                0x0000000000003494                __isr_15
                0x0000000000003494                __isr_21
 .text.res_event_post_handler
                0x0000000000003498       0x3c water_flow_module.co
                0x0000000000003498                res_event_post_handler
 .text.res_event_get_handler
                0x00000000000034d4       0x5a water_flow_module.co
                0x00000000000034d4                res_event_get_handler
 .text.gps_event_get_handler
                0x000000000000352e       0x42 water_flow_module.co
                0x000000000000352e                gps_event_get_handler
 .text.json_iterate_to
                0x0000000000003570       0x78 water_flow_module.co
                0x0000000000003570                json_iterate_to
 .text.json_get_int
                0x00000000000035e8       0x2e water_flow_module.co
                0x00000000000035e8                json_get_int
 .text.jparse_and_store
                0x0000000000003616       0x84 water_flow_module.co
                0x0000000000003616                jparse_and_store
 .text.update_position
                0x000000000000369a       0x1e water_flow_module.co
                0x000000000000369a                update_position
 .text.check_resource_changed
                0x00000000000036b8       0x24 water_flow_module.co
                0x00000000000036b8                check_resource_changed
 .text.state_step
                0x00000000000036dc       0x46 water_flow_module.co
                0x00000000000036dc                state_step
 .text.store_gps
                0x0000000000003722       0x5e water_flow_module.co
                0x0000000000003722                store_gps
 .text.process_thread_server
                0x0000000000003780       0xb0 water_flow_module.co
 .text.coap_set_service_callback
                0x0000000000003830        0x6 contiki-z1.a(er-coap-engine.)
                0x0000000000003830                coap_set_service_callback
 .text.coap_get_rest_method
                0x0000000000003836       0x1a contiki-z1.a(er-coap-engine.)
                0x0000000000003836                coap_get_rest_method
 .text.process_thread_coap_engine
                0x0000000000003850      0x3fa contiki-z1.a(er-coap-engine.)
 .text.coap_init_engine
                0x0000000000003c4a        0xc contiki-z1.a(er-coap-engine.)
                0x0000000000003c4a                coap_init_engine
 .text.coap_register_as_transaction_handler
                0x0000000000003c56        0x8 contiki-z1.a(er-coap-transac)
                0x0000000000003c56                coap_register_as_transaction_handler
 .text.coap_new_transaction
                0x0000000000003c5e       0x46 contiki-z1.a(er-coap-transac)
                0x0000000000003c5e                coap_new_transaction
 .text.coap_clear_transaction
                0x0000000000003ca4       0x26 contiki-z1.a(er-coap-transac)
                0x0000000000003ca4                coap_clear_transaction
 .text.coap_send_transaction
                0x0000000000003cca       0xb0 contiki-z1.a(er-coap-transac)
                0x0000000000003cca                coap_send_transaction
 .text.coap_get_transaction_by_mid
                0x0000000000003d7a       0x1e contiki-z1.a(er-coap-transac)
                0x0000000000003d7a                coap_get_transaction_by_mid
 .text.coap_check_transactions
                0x0000000000003d98       0x2e contiki-z1.a(er-coap-transac)
                0x0000000000003d98                coap_check_transactions
 .text.coap_remove_observer
                0x0000000000003dc6       0x1c contiki-z1.a(er-coap-observe)
                0x0000000000003dc6                coap_remove_observer
 .text.coap_remove_observer_by_client
                0x0000000000003de2       0x42 contiki-z1.a(er-coap-observe)
                0x0000000000003de2                coap_remove_observer_by_client
 .text.coap_remove_observer_by_token
                0x0000000000003e24       0x60 contiki-z1.a(er-coap-observe)
                0x0000000000003e24                coap_remove_observer_by_token
 .text.coap_remove_observer_by_uri
                0x0000000000003e84       0x6c contiki-z1.a(er-coap-observe)
                0x0000000000003e84                coap_remove_observer_by_uri
 .text.coap_remove_observer_by_mid
                0x0000000000003ef0       0x4a contiki-z1.a(er-coap-observe)
                0x0000000000003ef0                coap_remove_observer_by_mid
 .text.coap_notify_observers_sub
                0x0000000000003f3a      0x19e contiki-z1.a(er-coap-observe)
                0x0000000000003f3a                coap_notify_observers_sub
 .text.coap_notify_observers
                0x00000000000040d8        0x8 contiki-z1.a(er-coap-observe)
                0x00000000000040d8                coap_notify_observers
 .text.coap_observe_handler
                0x00000000000040e0      0x122 contiki-z1.a(er-coap-observe)
                0x00000000000040e0                coap_observe_handler
 .text.well_known_core_get_handler
                0x0000000000004202      0x27e contiki-z1.a(er-coap-res-wel)
                0x0000000000004202                well_known_core_get_handler
 .text.process_thread_rest_engine_process
                0x0000000000004480       0xb8 contiki-z1.a(rest-engine.o)
 .text.rest_invoke_restful_service
                0x0000000000004538       0xee contiki-z1.a(rest-engine.o)
                0x0000000000004538                rest_invoke_restful_service
 .text.rest_init_engine
                0x0000000000004626       0x2a contiki-z1.a(rest-engine.o)
                0x0000000000004626                rest_init_engine
 .text.rest_activate_resource
                0x0000000000004650       0x68 contiki-z1.a(rest-engine.o)
                0x0000000000004650                rest_activate_resource
 .text.rest_get_resources
                0x00000000000046b8        0x6 contiki-z1.a(rest-engine.o)
                0x00000000000046b8                rest_get_resources
 .text.atomic   0x00000000000046be      0x126 contiki-z1.a(jsonparse.o)
 .text.is_atomic.isra.1
                0x00000000000047e4       0x32 contiki-z1.a(jsonparse.o)
 .text.jsonparse_setup
                0x0000000000004816       0x1e contiki-z1.a(jsonparse.o)
                0x0000000000004816                jsonparse_setup
 .text.jsonparse_copy_value
                0x0000000000004834      0x104 contiki-z1.a(jsonparse.o)
                0x0000000000004834                jsonparse_copy_value
 .text.jsonparse_get_value_as_int
                0x0000000000004938       0x1a contiki-z1.a(jsonparse.o)
                0x0000000000004938                jsonparse_get_value_as_int
 .text.jsonparse_get_type
                0x0000000000004952       0x16 contiki-z1.a(jsonparse.o)
                0x0000000000004952                jsonparse_get_type
 .text.jsonparse_next
                0x0000000000004968      0x262 contiki-z1.a(jsonparse.o)
                0x0000000000004968                jsonparse_next
 .text.init_platform
                0x0000000000004bca        0xc contiki-z1.a(contiki-z1-plat)
                0x0000000000004bca                init_platform
 .text.msp430_init_dco
                0x0000000000004bd6       0x28 contiki-z1.a(msp430.o)
                0x0000000000004bd6                msp430_init_dco
 .text.splhigh_
                0x0000000000004bfe        0x8 contiki-z1.a(msp430.o)
                0x0000000000004bfe                splhigh_
 .text.msp430_sync_dco
                0x0000000000004c06       0x72 contiki-z1.a(msp430.o)
                0x0000000000004c06                msp430_sync_dco
 .text.msp430_cpu_init
                0x0000000000004c78       0x2e contiki-z1.a(msp430.o)
                0x0000000000004c78                msp430_cpu_init
 .text.show_leds
                0x0000000000004ca6       0xee contiki-z1.a(leds.o)
 .text.leds_init
                0x0000000000004d94        0xa contiki-z1.a(leds.o)
                0x0000000000004d94                leds_init
 .text.leds_on  0x0000000000004d9e        0xa contiki-z1.a(leds.o)
                0x0000000000004d9e                leds_on
 .text.leds_off
                0x0000000000004da8        0xe contiki-z1.a(leds.o)
                0x0000000000004da8                leds_off
 .text.watchdog_interrupt
                0x0000000000004db6        0x6 contiki-z1.a(watchdog.o)
                0x0000000000004db6                __isr_26
                0x0000000000004db6                watchdog_interrupt
 .text.watchdog_start
                0x0000000000004dbc       0x14 contiki-z1.a(watchdog.o)
                0x0000000000004dbc                watchdog_start
 .text.watchdog_periodic
                0x0000000000004dd0       0x12 contiki-z1.a(watchdog.o)
                0x0000000000004dd0                watchdog_periodic
 .text.watchdog_stop
                0x0000000000004de2       0x16 contiki-z1.a(watchdog.o)
                0x0000000000004de2                watchdog_stop
 .text.watchdog_init
                0x0000000000004df8       0x14 contiki-z1.a(watchdog.o)
                0x0000000000004df8                watchdog_init
 .text.wait_ready
                0x0000000000004e0c       0x4e contiki-z1.a(xmem.o)
 .text.xmem_init
                0x0000000000004e5a       0x1e contiki-z1.a(xmem.o)
                0x0000000000004e5a                xmem_init
 .text.xmem_pread
                0x0000000000004e78       0xd0 contiki-z1.a(xmem.o)
                0x0000000000004e78                xmem_pread
 .text.spi_init
                0x0000000000004f48       0x38 contiki-z1.a(spi.o)
                0x0000000000004f48                spi_init
 .text.get_object
                0x0000000000004f80        0x4 contiki-z1.a(cc2420.o)
 .text.set_object
                0x0000000000004f84        0x4 contiki-z1.a(cc2420.o)
 .text.strobe   0x0000000000004f88       0x20 contiki-z1.a(cc2420.o)
 .text.getreg   0x0000000000004fa8       0x50 contiki-z1.a(cc2420.o)
 .text.setreg   0x0000000000004ff8       0x52 contiki-z1.a(cc2420.o)
 .text.write_ram
                0x000000000000504a       0x7e contiki-z1.a(cc2420.o)
 .text.write_fifo_buf
                0x00000000000050c8       0x40 contiki-z1.a(cc2420.o)
 .text.get_status
                0x0000000000005108       0x24 contiki-z1.a(cc2420.o)
 .text.set_txpower
                0x000000000000512c       0x26 contiki-z1.a(cc2420.o)
 .text.cc2420_receiving_packet
                0x0000000000005152        0xe contiki-z1.a(cc2420.o)
 .text.pending_packet
                0x0000000000005160        0xe contiki-z1.a(cc2420.o)
 .text.on       0x000000000000516e       0x26 contiki-z1.a(cc2420.o)
 .text.wait_for_transmission
                0x0000000000005194       0x22 contiki-z1.a(cc2420.o)
 .text.wait_for_status
                0x00000000000051b6       0x26 contiki-z1.a(cc2420.o)
 .text.getrxdata
                0x00000000000051dc       0x54 contiki-z1.a(cc2420.o)
 .text.flushrx  0x0000000000005230       0x1a contiki-z1.a(cc2420.o)
 .text.off      0x000000000000524a       0x5e contiki-z1.a(cc2420.o)
 .text.RELEASE_LOCK
                0x00000000000052a8       0x28 contiki-z1.a(cc2420.o)
 .text.set_key  0x00000000000052d0       0x18 contiki-z1.a(cc2420.o)
 .text.set_frame_filtering
                0x00000000000052e8       0x30 contiki-z1.a(cc2420.o)
 .text.set_auto_ack
                0x0000000000005318       0x30 contiki-z1.a(cc2420.o)
 .text.set_poll_mode
                0x0000000000005348       0x36 contiki-z1.a(cc2420.o)
 .text.cc2420_prepare
                0x000000000000537e       0x38 contiki-z1.a(cc2420.o)
 .text.cc2420_on
                0x00000000000053b6       0x22 contiki-z1.a(cc2420.o)
                0x00000000000053b6                cc2420_on
 .text.cc2420_off
                0x00000000000053d8       0x30 contiki-z1.a(cc2420.o)
                0x00000000000053d8                cc2420_off
 .text.cc2420_cca
                0x0000000000005408       0x5a contiki-z1.a(cc2420.o)
 .text.cc2420_read
                0x0000000000005462       0xbc contiki-z1.a(cc2420.o)
 .text.process_thread_cc2420_process
                0x000000000000551e       0x58 contiki-z1.a(cc2420.o)
 .text.encrypt  0x0000000000005576       0x8c contiki-z1.a(cc2420.o)
 .text.cc2420_set_channel
                0x0000000000005602       0x3a contiki-z1.a(cc2420.o)
                0x0000000000005602                cc2420_set_channel
 .text.cc2420_set_pan_addr
                0x000000000000563c       0x4c contiki-z1.a(cc2420.o)
                0x000000000000563c                cc2420_set_pan_addr
 .text.cc2420_interrupt
                0x0000000000005688       0x18 contiki-z1.a(cc2420.o)
                0x0000000000005688                cc2420_interrupt
 .text.cc2420_set_txpower
                0x00000000000056a0        0xe contiki-z1.a(cc2420.o)
                0x00000000000056a0                cc2420_set_txpower
 .text.cc2420_get_txpower
                0x00000000000056ae       0x1e contiki-z1.a(cc2420.o)
                0x00000000000056ae                cc2420_get_txpower
 .text.cc2420_transmit
                0x00000000000056cc      0x10c contiki-z1.a(cc2420.o)
 .text.cc2420_send
                0x00000000000057d8       0x12 contiki-z1.a(cc2420.o)
 .text.cc2420_rssi
                0x00000000000057ea       0x48 contiki-z1.a(cc2420.o)
                0x00000000000057ea                cc2420_rssi
 .text.get_value
                0x0000000000005832      0x102 contiki-z1.a(cc2420.o)
 .text.cc2420_set_cca_threshold
                0x0000000000005934       0x16 contiki-z1.a(cc2420.o)
                0x0000000000005934                cc2420_set_cca_threshold
 .text.set_value
                0x000000000000594a       0xb4 contiki-z1.a(cc2420.o)
 .text.cc2420_init
                0x00000000000059fe       0xf0 contiki-z1.a(cc2420.o)
                0x00000000000059fe                cc2420_init
 .text.cc2420_arch_init
                0x0000000000005aee       0x1a contiki-z1.a(cc2420-arch.o)
                0x0000000000005aee                cc2420_arch_init
 .text.node_id_restore
                0x0000000000005b08       0x4c contiki-z1.a(node-id.o)
                0x0000000000005b08                node_id_restore
 .text.process_thread_sensors_process
                0x0000000000005b54       0xbe contiki-z1.a(sensors.o)
 .text.sensors_changed
                0x0000000000005c12       0x2a contiki-z1.a(sensors.o)
                0x0000000000005c12                sensors_changed
 .text.uart0_active
                0x0000000000005c3c        0xe contiki-z1.a(uart0.o)
                0x0000000000005c3c                uart0_active
 .text.uart0_set_input
                0x0000000000005c4a        0x6 contiki-z1.a(uart0.o)
                0x0000000000005c4a                uart0_set_input
 .text.uart0_writeb
                0x0000000000005c50       0x18 contiki-z1.a(uart0.o)
                0x0000000000005c50                uart0_writeb
 .text.uart0_init
                0x0000000000005c68       0x54 contiki-z1.a(uart0.o)
                0x0000000000005c68                uart0_init
 .text.uart0_rx_interrupt
                0x0000000000005cbc       0x66 contiki-z1.a(uart0.o)
                0x0000000000005cbc                __isr_23
                0x0000000000005cbc                uart0_rx_interrupt
 .text.putchar  0x0000000000005d22       0x10 contiki-z1.a(uart0-putchar.o)
                0x0000000000005d22                putchar
 .text.status   0x0000000000005d32       0x12 contiki-z1.a(adxl345.o)
 .text.accm_write_reg
                0x0000000000005d44       0x2e contiki-z1.a(adxl345.o)
 .text.accm_write_stream
                0x0000000000005d72       0x2a contiki-z1.a(adxl345.o)
 .text.accm_read_reg
                0x0000000000005d9c       0x54 contiki-z1.a(adxl345.o)
 .text.process_thread_accmeter_process
                0x0000000000005df0       0x56 contiki-z1.a(adxl345.o)
 .text.accm_read_axis
                0x0000000000005e46       0x66 contiki-z1.a(adxl345.o)
                0x0000000000005e46                accm_read_axis
 .text.value    0x0000000000005eac       0x20 contiki-z1.a(adxl345.o)
 .text.accm_init
                0x0000000000005ecc       0x76 contiki-z1.a(adxl345.o)
                0x0000000000005ecc                accm_init
 .text.accm_stop
                0x0000000000005f42       0x32 contiki-z1.a(adxl345.o)
                0x0000000000005f42                accm_stop
 .text.configure
                0x0000000000005f74       0x26 contiki-z1.a(adxl345.o)
 .text.port1_isr
                0x0000000000005f9a       0xc4 contiki-z1.a(adxl345.o)
                0x0000000000005f9a                port1_isr
                0x0000000000005f9a                __isr_18
 .text.status   0x000000000000605e       0x12 contiki-z1.a(tmp102.o)
 .text.tmp102_init
                0x0000000000006070       0x24 contiki-z1.a(tmp102.o)
                0x0000000000006070                tmp102_init
 .text.tmp102_stop
                0x0000000000006094        0xc contiki-z1.a(tmp102.o)
                0x0000000000006094                tmp102_stop
 .text.configure
                0x00000000000060a0       0x26 contiki-z1.a(tmp102.o)
 .text.tmp102_read_reg
                0x00000000000060c6       0x60 contiki-z1.a(tmp102.o)
                0x00000000000060c6                tmp102_read_reg
 .text.tmp102_read_temp_x100
                0x0000000000006126       0x56 contiki-z1.a(tmp102.o)
                0x0000000000006126                tmp102_read_temp_x100
 .text.value    0x000000000000617c        0x6 contiki-z1.a(tmp102.o)
 .text.timera1  0x0000000000006182      0x10a contiki-z1.a(clock.o)
                0x0000000000006182                __isr_24
                0x0000000000006182                timera1
 .text.clock_time
                0x000000000000628c       0x1a contiki-z1.a(clock.o)
                0x000000000000628c                clock_time
 .text.clock_init
                0x00000000000062a6       0x28 contiki-z1.a(clock.o)
                0x00000000000062a6                clock_init
 .text.clock_delay
                0x00000000000062ce        0xc contiki-z1.a(clock.o)
                0x00000000000062ce                clock_delay
 .text.clock_wait
                0x00000000000062da       0x28 contiki-z1.a(clock.o)
                0x00000000000062da                clock_wait
 .text.clock_seconds
                0x0000000000006302       0x1a contiki-z1.a(clock.o)
                0x0000000000006302                clock_seconds
 .text.leds_arch_init
                0x000000000000631c        0xe contiki-z1.a(leds-arch.o)
                0x000000000000631c                leds_arch_init
 .text.leds_arch_set
                0x000000000000632a       0x3a contiki-z1.a(leds-arch.o)
                0x000000000000632a                leds_arch_set
 .text.rtimer_arch_init
                0x0000000000006364        0xe contiki-z1.a(rtimer-arch.o)
                0x0000000000006364                rtimer_arch_init
 .text.rtimer_arch_now
                0x0000000000006372        0xe contiki-z1.a(rtimer-arch.o)
                0x0000000000006372                rtimer_arch_now
 .text.timera0  0x0000000000006380       0x5c contiki-z1.a(rtimer-arch.o)
                0x0000000000006380                __isr_25
                0x0000000000006380                timera0
 .text.rtimer_arch_schedule
                0x00000000000063dc        0x6 contiki-z1.a(rtimer-arch.o)
                0x00000000000063dc                rtimer_arch_schedule
 .text.autostart_start
                0x00000000000063e2       0x16 contiki-z1.a(autostart.o)
                0x00000000000063e2                autostart_start
 .text.process_thread_ctimer_process
                0x00000000000063f8       0x9c contiki-z1.a(ctimer.o)
 .text.ctimer_init
                0x0000000000006494       0x18 contiki-z1.a(ctimer.o)
                0x0000000000006494                ctimer_init
 .text.ctimer_set_with_process
                0x00000000000064ac       0x4e contiki-z1.a(ctimer.o)
                0x00000000000064ac                ctimer_set_with_process
 .text.ctimer_set
                0x00000000000064fa       0x10 contiki-z1.a(ctimer.o)
                0x00000000000064fa                ctimer_set
 .text.ctimer_reset
                0x000000000000650a       0x2c contiki-z1.a(ctimer.o)
                0x000000000000650a                ctimer_reset
 .text.ctimer_restart
                0x0000000000006536       0x2c contiki-z1.a(ctimer.o)
                0x0000000000006536                ctimer_restart
 .text.ctimer_stop
                0x0000000000006562       0x28 contiki-z1.a(ctimer.o)
                0x0000000000006562                ctimer_stop
 .text.energest_init
                0x000000000000658a       0x28 contiki-z1.a(energest.o)
                0x000000000000658a                energest_init
 .text.energest_type_time
                0x00000000000065b2       0x3c contiki-z1.a(energest.o)
                0x00000000000065b2                energest_type_time
 .text.energest_type_set
                0x00000000000065ee        0xc contiki-z1.a(energest.o)
                0x00000000000065ee                energest_type_set
 .text.energest_flush
                0x00000000000065fa       0x38 contiki-z1.a(energest.o)
                0x00000000000065fa                energest_flush
 .text.update_time
                0x0000000000006632       0x70 contiki-z1.a(etimer.o)
 .text.etimer_request_poll
                0x00000000000066a2        0xa contiki-z1.a(etimer.o)
                0x00000000000066a2                etimer_request_poll
 .text.process_thread_etimer_process
                0x00000000000066ac       0xc0 contiki-z1.a(etimer.o)
 .text.add_timer
                0x000000000000676c       0x40 contiki-z1.a(etimer.o)
 .text.etimer_set
                0x00000000000067ac       0x12 contiki-z1.a(etimer.o)
                0x00000000000067ac                etimer_set
 .text.etimer_reset
                0x00000000000067be       0x12 contiki-z1.a(etimer.o)
                0x00000000000067be                etimer_reset
 .text.etimer_restart
                0x00000000000067d0       0x12 contiki-z1.a(etimer.o)
                0x00000000000067d0                etimer_restart
 .text.etimer_expired
                0x00000000000067e2        0xe contiki-z1.a(etimer.o)
                0x00000000000067e2                etimer_expired
 .text.etimer_expiration_time
                0x00000000000067f0       0x14 contiki-z1.a(etimer.o)
                0x00000000000067f0                etimer_expiration_time
 .text.etimer_pending
                0x0000000000006804        0xc contiki-z1.a(etimer.o)
                0x0000000000006804                etimer_pending
 .text.etimer_next_expiration_time
                0x0000000000006810       0x16 contiki-z1.a(etimer.o)
                0x0000000000006810                etimer_next_expiration_time
 .text.etimer_stop
                0x0000000000006826       0x3c contiki-z1.a(etimer.o)
                0x0000000000006826                etimer_stop
 .text.call_process
                0x0000000000006862       0x46 contiki-z1.a(process.o)
 .text.exit_process
                0x00000000000068a8       0x8a contiki-z1.a(process.o)
 .text.do_poll  0x0000000000006932       0x30 contiki-z1.a(process.o)
 .text.process_alloc_event
                0x0000000000006962        0xe contiki-z1.a(process.o)
                0x0000000000006962                process_alloc_event
 .text.process_init
                0x0000000000006970       0x1c contiki-z1.a(process.o)
                0x0000000000006970                process_init
 .text.process_run
                0x000000000000698c       0x8c contiki-z1.a(process.o)
                0x000000000000698c                process_run
 .text.process_nevents
                0x0000000000006a18        0xe contiki-z1.a(process.o)
                0x0000000000006a18                process_nevents
 .text.process_post
                0x0000000000006a26       0x4a contiki-z1.a(process.o)
                0x0000000000006a26                process_post
 .text.process_post_synch
                0x0000000000006a70       0x12 contiki-z1.a(process.o)
                0x0000000000006a70                process_post_synch
 .text.process_start
                0x0000000000006a82       0x32 contiki-z1.a(process.o)
                0x0000000000006a82                process_start
 .text.process_poll
                0x0000000000006ab4       0x18 contiki-z1.a(process.o)
                0x0000000000006ab4                process_poll
 .text.process_is_running
                0x0000000000006acc        0xe contiki-z1.a(process.o)
                0x0000000000006acc                process_is_running
 .text.rtimer_init
                0x0000000000006ada        0x6 contiki-z1.a(rtimer.o)
                0x0000000000006ada                rtimer_init
 .text.rtimer_run_next
                0x0000000000006ae0       0x26 contiki-z1.a(rtimer.o)
                0x0000000000006ae0                rtimer_run_next
 .text.timer_set
                0x0000000000006b06       0x1c contiki-z1.a(timer.o)
                0x0000000000006b06                timer_set
 .text.timer_reset
                0x0000000000006b22        0xe contiki-z1.a(timer.o)
                0x0000000000006b22                timer_reset
 .text.timer_restart
                0x0000000000006b30       0x14 contiki-z1.a(timer.o)
                0x0000000000006b30                timer_restart
 .text.timer_expired
                0x0000000000006b44       0x2a contiki-z1.a(timer.o)
                0x0000000000006b44                timer_expired
 .text.process_thread_serial_line_process
                0x0000000000006b6e       0x9c contiki-z1.a(serial-line.o)
 .text.serial_line_input_byte
                0x0000000000006c0a       0x4a contiki-z1.a(serial-line.o)
                0x0000000000006c0a                serial_line_input_byte
 .text.serial_line_init
                0x0000000000006c54       0x1c contiki-z1.a(serial-line.o)
                0x0000000000006c54                serial_line_init
 .text.list_init
                0x0000000000006c70        0x6 contiki-z1.a(list.o)
                0x0000000000006c70                list_init
 .text.list_head
                0x0000000000006c76        0x4 contiki-z1.a(list.o)
                0x0000000000006c76                list_head
 .text.list_tail
                0x0000000000006c7a       0x12 contiki-z1.a(list.o)
                0x0000000000006c7a                list_tail
 .text.list_remove
                0x0000000000006c8c       0x34 contiki-z1.a(list.o)
                0x0000000000006c8c                list_remove
 .text.list_push
                0x0000000000006cc0       0x16 contiki-z1.a(list.o)
                0x0000000000006cc0                list_push
 .text.list_add
                0x0000000000006cd6       0x26 contiki-z1.a(list.o)
                0x0000000000006cd6                list_add
 .text.list_length
                0x0000000000006cfc       0x10 contiki-z1.a(list.o)
                0x0000000000006cfc                list_length
 .text.list_item_next
                0x0000000000006d0c        0xc contiki-z1.a(list.o)
                0x0000000000006d0c                list_item_next
 .text.memb_init
                0x0000000000006d18       0x36 contiki-z1.a(memb.o)
                0x0000000000006d18                memb_init
 .text.memb_alloc
                0x0000000000006d4e       0x3e contiki-z1.a(memb.o)
                0x0000000000006d4e                memb_alloc
 .text.memb_free
                0x0000000000006d8c       0x3a contiki-z1.a(memb.o)
                0x0000000000006d8c                memb_free
 .text.memb_inmemb
                0x0000000000006dc6       0x2e contiki-z1.a(memb.o)
                0x0000000000006dc6                memb_inmemb
 .text.memb_numfree
                0x0000000000006df4       0x26 contiki-z1.a(memb.o)
                0x0000000000006df4                memb_numfree
 .text.random_init
                0x0000000000006e1a        0x6 contiki-z1.a(random.o)
                0x0000000000006e1a                random_init
 .text.random_rand
                0x0000000000006e20        0x6 contiki-z1.a(random.o)
                0x0000000000006e20                random_rand
 .text.ringbuf_init
                0x0000000000006e26       0x14 contiki-z1.a(ringbuf.o)
                0x0000000000006e26                ringbuf_init
 .text.ringbuf_put
                0x0000000000006e3a       0x38 contiki-z1.a(ringbuf.o)
                0x0000000000006e3a                ringbuf_put
 .text.ringbuf_get
                0x0000000000006e72       0x30 contiki-z1.a(ringbuf.o)
                0x0000000000006e72                ringbuf_get
 .text.uip_ds6_list_loop
                0x0000000000006ea2       0x66 contiki-z1.a(uip-ds6.o)
                0x0000000000006ea2                uip_ds6_list_loop
 .text.uip_ds6_prefix_add
                0x0000000000006f08       0x70 contiki-z1.a(uip-ds6.o)
                0x0000000000006f08                uip_ds6_prefix_add
 .text.uip_ds6_is_addr_onlink
                0x0000000000006f78       0x42 contiki-z1.a(uip-ds6.o)
                0x0000000000006f78                uip_ds6_is_addr_onlink
 .text.uip_ds6_addr_lookup
                0x0000000000006fba       0x2a contiki-z1.a(uip-ds6.o)
                0x0000000000006fba                uip_ds6_addr_lookup
 .text.uip_ds6_get_link_local
                0x0000000000006fe4       0x3e contiki-z1.a(uip-ds6.o)
                0x0000000000006fe4                uip_ds6_get_link_local
 .text.uip_ds6_maddr_add
                0x0000000000007022       0x48 contiki-z1.a(uip-ds6.o)
                0x0000000000007022                uip_ds6_maddr_add
 .text.uip_ds6_addr_add
                0x000000000000706a       0xb4 contiki-z1.a(uip-ds6.o)
                0x000000000000706a                uip_ds6_addr_add
 .text.uip_ds6_maddr_lookup
                0x000000000000711e       0x2a contiki-z1.a(uip-ds6.o)
                0x000000000000711e                uip_ds6_maddr_lookup
 .text.uip_ds6_addr_rm
                0x0000000000007148       0x54 contiki-z1.a(uip-ds6.o)
                0x0000000000007148                uip_ds6_addr_rm
 .text.uip_ds6_periodic
                0x000000000000719c       0x46 contiki-z1.a(uip-ds6.o)
                0x000000000000719c                uip_ds6_periodic
 .text.uip_ds6_set_addr_iid
                0x00000000000071e2       0x14 contiki-z1.a(uip-ds6.o)
                0x00000000000071e2                uip_ds6_set_addr_iid
 .text.get_match_length
                0x00000000000071f6       0x3a contiki-z1.a(uip-ds6.o)
                0x00000000000071f6                get_match_length
 .text.uip_ds6_select_src
                0x0000000000007230       0x9a contiki-z1.a(uip-ds6.o)
                0x0000000000007230                uip_ds6_select_src
 .text.uip_ds6_compute_reachable_time
                0x00000000000072ca       0x36 contiki-z1.a(uip-ds6.o)
                0x00000000000072ca                uip_ds6_compute_reachable_time
 .text.uip_ds6_init
                0x0000000000007300      0x138 contiki-z1.a(uip-ds6.o)
                0x0000000000007300                uip_ds6_init
 .text.call_route_callback
                0x0000000000007438       0x40 contiki-z1.a(uip-ds6-route.o)
 .text.uip_ds6_route_init
                0x0000000000007478       0x36 contiki-z1.a(uip-ds6-route.o)
                0x0000000000007478                uip_ds6_route_init
 .text.uip_ds6_route_nexthop
                0x00000000000074ae       0x1a contiki-z1.a(uip-ds6-route.o)
                0x00000000000074ae                uip_ds6_route_nexthop
 .text.uip_ds6_route_head
                0x00000000000074c8        0xa contiki-z1.a(uip-ds6-route.o)
                0x00000000000074c8                uip_ds6_route_head
 .text.uip_ds6_route_next
                0x00000000000074d2        0xe contiki-z1.a(uip-ds6-route.o)
                0x00000000000074d2                uip_ds6_route_next
 .text.uip_ds6_route_is_nexthop
                0x00000000000074e0       0x1e contiki-z1.a(uip-ds6-route.o)
                0x00000000000074e0                uip_ds6_route_is_nexthop
 .text.uip_ds6_route_lookup
                0x00000000000074fe       0x6e contiki-z1.a(uip-ds6-route.o)
                0x00000000000074fe                uip_ds6_route_lookup
 .text.uip_ds6_route_rm
                0x000000000000756c       0xa0 contiki-z1.a(uip-ds6-route.o)
                0x000000000000756c                uip_ds6_route_rm
 .text.rm_routelist
                0x000000000000760c       0x34 contiki-z1.a(uip-ds6-route.o)
 .text.rm_routelist_callback
                0x0000000000007640        0x6 contiki-z1.a(uip-ds6-route.o)
 .text.uip_ds6_route_add
                0x0000000000007646       0xfc contiki-z1.a(uip-ds6-route.o)
                0x0000000000007646                uip_ds6_route_add
 .text.uip_ds6_defrt_rm
                0x0000000000007742       0x44 contiki-z1.a(uip-ds6-route.o)
                0x0000000000007742                uip_ds6_defrt_rm
 .text.uip_ds6_defrt_lookup
                0x0000000000007786       0x32 contiki-z1.a(uip-ds6-route.o)
                0x0000000000007786                uip_ds6_defrt_lookup
 .text.uip_ds6_defrt_add
                0x00000000000077b8       0x68 contiki-z1.a(uip-ds6-route.o)
                0x00000000000077b8                uip_ds6_defrt_add
 .text.uip_ds6_defrt_choose
                0x0000000000007820       0x36 contiki-z1.a(uip-ds6-route.o)
                0x0000000000007820                uip_ds6_defrt_choose
 .text.uip_ds6_defrt_periodic
                0x0000000000007856       0x38 contiki-z1.a(uip-ds6-route.o)
                0x0000000000007856                uip_ds6_defrt_periodic
 .text.chksum   0x000000000000788e       0x32 contiki-z1.a(uip6.o)
 .text.upper_layer_chksum
                0x00000000000078c0       0x56 contiki-z1.a(uip6.o)
 .text.ext_hdr_options_process
                0x0000000000007916       0xcc contiki-z1.a(uip6.o)
 .text.uip_icmp6chksum
                0x00000000000079e2        0xa contiki-z1.a(uip6.o)
                0x00000000000079e2                uip_icmp6chksum
 .text.uip_udpchksum
                0x00000000000079ec        0xa contiki-z1.a(uip6.o)
                0x00000000000079ec                uip_udpchksum
 .text.uip_init
                0x00000000000079f6       0x26 contiki-z1.a(uip6.o)
                0x00000000000079f6                uip_init
 .text.remove_ext_hdr
                0x0000000000007a1c       0x52 contiki-z1.a(uip6.o)
                0x0000000000007a1c                remove_ext_hdr
 .text.uip_udp_new
                0x0000000000007a6e       0xa0 contiki-z1.a(uip6.o)
                0x0000000000007a6e                uip_udp_new
 .text.uip_process
                0x0000000000007b0e      0x498 contiki-z1.a(uip6.o)
                0x0000000000007b0e                uip_process
 .text.uip_htonl
                0x0000000000007fa6       0x2a contiki-z1.a(uip6.o)
                0x0000000000007fa6                uip_htonl
 .text.uip_ds6_nbr_rm
                0x0000000000007fd0       0x1e contiki-z1.a(uip-ds6-nbr.o)
                0x0000000000007fd0                uip_ds6_nbr_rm
 .text.uip_ds6_neighbors_init
                0x0000000000007fee       0x12 contiki-z1.a(uip-ds6-nbr.o)
                0x0000000000007fee                uip_ds6_neighbors_init
 .text.uip_ds6_nbr_add
                0x0000000000008000       0x36 contiki-z1.a(uip-ds6-nbr.o)
                0x0000000000008000                uip_ds6_nbr_add
 .text.uip_ds6_nbr_get_ll
                0x0000000000008036        0xc contiki-z1.a(uip-ds6-nbr.o)
                0x0000000000008036                uip_ds6_nbr_get_ll
 .text.uip_ds6_nbr_lookup
                0x0000000000008042       0x3e contiki-z1.a(uip-ds6-nbr.o)
                0x0000000000008042                uip_ds6_nbr_lookup
 .text.uip_ds6_nbr_ll_lookup
                0x0000000000008080        0xc contiki-z1.a(uip-ds6-nbr.o)
                0x0000000000008080                uip_ds6_nbr_ll_lookup
 .text.uip_ds6_nbr_ipaddr_from_lladdr
                0x000000000000808c        0x6 contiki-z1.a(uip-ds6-nbr.o)
                0x000000000000808c                uip_ds6_nbr_ipaddr_from_lladdr
 .text.uip_ds6_nbr_lladdr_from_ipaddr
                0x0000000000008092       0x12 contiki-z1.a(uip-ds6-nbr.o)
                0x0000000000008092                uip_ds6_nbr_lladdr_from_ipaddr
 .text.uip_ds6_link_neighbor_callback
                0x00000000000080a4       0x32 contiki-z1.a(uip-ds6-nbr.o)
                0x00000000000080a4                uip_ds6_link_neighbor_callback
 .text.ns_input
                0x00000000000080d6      0x262 contiki-z1.a(uip-nd6.o)
 .text.uip_nd6_init
                0x0000000000008338        0xa contiki-z1.a(uip-nd6.o)
                0x0000000000008338                uip_nd6_init
 .text.clear_fragments
                0x0000000000008342       0x3a contiki-z1.a(sicslowpan.o)
 .text.set_packet_attrs
                0x000000000000837c       0x44 contiki-z1.a(sicslowpan.o)
 .text.addr_context_lookup_by_number
                0x00000000000083c0       0x34 contiki-z1.a(sicslowpan.o)
 .text.compress_addr_64
                0x00000000000083f4       0xaa contiki-z1.a(sicslowpan.o)
 .text.store_fragment
                0x000000000000849e       0x6e contiki-z1.a(sicslowpan.o)
 .text.add_fragment
                0x000000000000850c      0x162 contiki-z1.a(sicslowpan.o)
 .text.uncompress_addr
                0x000000000000866e       0x96 contiki-z1.a(sicslowpan.o)
 .text.input    0x0000000000008704      0x61a contiki-z1.a(sicslowpan.o)
 .text.sicslowpan_init
                0x0000000000008d1e       0x24 contiki-z1.a(sicslowpan.o)
                0x0000000000008d1e                sicslowpan_init
 .text.addr_context_lookup_by_prefix
                0x0000000000008d42       0x4a contiki-z1.a(sicslowpan.o)
 .text.send_packet
                0x0000000000008d8c       0x1a contiki-z1.a(sicslowpan.o)
 .text.output   0x0000000000008da6      0x68e contiki-z1.a(sicslowpan.o)
 .text.packet_sent
                0x0000000000009434       0x22 contiki-z1.a(sicslowpan.o)
 .text.tcpip_output
                0x0000000000009456       0x10 contiki-z1.a(tcpip.o)
                0x0000000000009456                tcpip_output
 .text.tcpip_set_outputfunc
                0x0000000000009466        0x6 contiki-z1.a(tcpip.o)
                0x0000000000009466                tcpip_set_outputfunc
 .text.udp_new  0x000000000000946c       0x1a contiki-z1.a(tcpip.o)
                0x000000000000946c                udp_new
 .text.tcpip_input
                0x0000000000009486       0x16 contiki-z1.a(tcpip.o)
                0x0000000000009486                tcpip_input
 .text.tcpip_ipv6_output
                0x000000000000949c       0xc0 contiki-z1.a(tcpip.o)
                0x000000000000949c                tcpip_ipv6_output
 .text.process_thread_tcpip_process
                0x000000000000955c       0xcc contiki-z1.a(tcpip.o)
 .text.tcpip_uipcall
                0x0000000000009628       0x2a contiki-z1.a(tcpip.o)
                0x0000000000009628                tcpip_uipcall
 .text.uip_debug_ipaddr_print
                0x0000000000009652       0xba contiki-z1.a(uip-debug.o)
                0x0000000000009652                uip_debug_ipaddr_print
 .text.lollipop_greater_than
                0x000000000000970c       0x44 contiki-z1.a(rpl-dag.o)
 .text.acceptable_rank
                0x0000000000009750       0x44 contiki-z1.a(rpl-dag.o)
 .text.find_parent_any_dag_any_instance
                0x0000000000009794       0x14 contiki-z1.a(rpl-dag.o)
 .text.rpl_set_preferred_parent
                0x00000000000097a8       0x2c contiki-z1.a(rpl-dag.o)
 .text.set_ip_from_prefix
                0x00000000000097d4       0x30 contiki-z1.a(rpl-dag.o)
 .text.check_prefix
                0x0000000000009804       0x70 contiki-z1.a(rpl-dag.o)
 .text.rpl_dag_init
                0x0000000000009874        0xe contiki-z1.a(rpl-dag.o)
                0x0000000000009874                rpl_dag_init
 .text.rpl_get_parent
                0x0000000000009882        0xc contiki-z1.a(rpl-dag.o)
                0x0000000000009882                rpl_get_parent
 .text.rpl_rank_via_parent
                0x000000000000988e       0x2e contiki-z1.a(rpl-dag.o)
                0x000000000000988e                rpl_rank_via_parent
 .text.rpl_get_parent_lladdr
                0x00000000000098bc        0xc contiki-z1.a(rpl-dag.o)
                0x00000000000098bc                rpl_get_parent_lladdr
 .text.rpl_get_parent_ipaddr
                0x00000000000098c8        0xa contiki-z1.a(rpl-dag.o)
                0x00000000000098c8                rpl_get_parent_ipaddr
 .text.rpl_get_parent_link_stats
                0x00000000000098d2        0xa contiki-z1.a(rpl-dag.o)
                0x00000000000098d2                rpl_get_parent_link_stats
 .text.rpl_parent_is_fresh
                0x00000000000098dc        0xa contiki-z1.a(rpl-dag.o)
                0x00000000000098dc                rpl_parent_is_fresh
 .text.best_parent
                0x00000000000098e6       0x70 contiki-z1.a(rpl-dag.o)
 .text.rpl_parent_is_reachable
                0x0000000000009956       0x46 contiki-z1.a(rpl-dag.o)
                0x0000000000009956                rpl_parent_is_reachable
 .text.rpl_set_prefix
                0x000000000000999c       0x74 contiki-z1.a(rpl-dag.o)
                0x000000000000999c                rpl_set_prefix
 .text.rpl_set_default_route
                0x0000000000009a10       0x3a contiki-z1.a(rpl-dag.o)
                0x0000000000009a10                rpl_set_default_route
 .text.rpl_alloc_instance
                0x0000000000009a4a       0x34 contiki-z1.a(rpl-dag.o)
                0x0000000000009a4a                rpl_alloc_instance
 .text.rpl_add_parent
                0x0000000000009a7e       0x3a contiki-z1.a(rpl-dag.o)
                0x0000000000009a7e                rpl_add_parent
 .text.rpl_find_parent
                0x0000000000009ab8       0x18 contiki-z1.a(rpl-dag.o)
                0x0000000000009ab8                rpl_find_parent
 .text.rpl_find_parent_any_dag
                0x0000000000009ad0       0x20 contiki-z1.a(rpl-dag.o)
                0x0000000000009ad0                rpl_find_parent_any_dag
 .text.rpl_select_parent
                0x0000000000009af0       0x62 contiki-z1.a(rpl-dag.o)
                0x0000000000009af0                rpl_select_parent
 .text.rpl_select_dag
                0x0000000000009b52      0x16e contiki-z1.a(rpl-dag.o)
                0x0000000000009b52                rpl_select_dag
 .text.rpl_nullify_parent
                0x0000000000009cc0       0x5c contiki-z1.a(rpl-dag.o)
                0x0000000000009cc0                rpl_nullify_parent
 .text.rpl_remove_parent
                0x0000000000009d1c       0x16 contiki-z1.a(rpl-dag.o)
                0x0000000000009d1c                rpl_remove_parent
 .text.nbr_callback
                0x0000000000009d32        0x6 contiki-z1.a(rpl-dag.o)
 .text.remove_parents.constprop.3
                0x0000000000009d38       0x2c contiki-z1.a(rpl-dag.o)
 .text.rpl_free_dag
                0x0000000000009d64       0x44 contiki-z1.a(rpl-dag.o)
                0x0000000000009d64                rpl_free_dag
 .text.rpl_move_parent
                0x0000000000009da8       0x60 contiki-z1.a(rpl-dag.o)
                0x0000000000009da8                rpl_move_parent
 .text.rpl_get_dag
                0x0000000000009e08       0x5c contiki-z1.a(rpl-dag.o)
                0x0000000000009e08                rpl_get_dag
 .text.rpl_get_any_dag
                0x0000000000009e64       0x18 contiki-z1.a(rpl-dag.o)
                0x0000000000009e64                rpl_get_any_dag
 .text.rpl_get_instance
                0x0000000000009e7c       0x1a contiki-z1.a(rpl-dag.o)
                0x0000000000009e7c                rpl_get_instance
 .text.rpl_alloc_dag
                0x0000000000009e96       0x5c contiki-z1.a(rpl-dag.o)
                0x0000000000009e96                rpl_alloc_dag
 .text.rpl_repair_root
                0x0000000000009ef2       0x50 contiki-z1.a(rpl-dag.o)
                0x0000000000009ef2                rpl_repair_root
 .text.rpl_find_of
                0x0000000000009f42       0x10 contiki-z1.a(rpl-dag.o)
                0x0000000000009f42                rpl_find_of
 .text.rpl_join_instance
                0x0000000000009f52      0x144 contiki-z1.a(rpl-dag.o)
                0x0000000000009f52                rpl_join_instance
 .text.rpl_local_repair
                0x000000000000a096       0x7e contiki-z1.a(rpl-dag.o)
                0x000000000000a096                rpl_local_repair
 .text.rpl_process_parent_event
                0x000000000000a114       0x82 contiki-z1.a(rpl-dag.o)
                0x000000000000a114                rpl_process_parent_event
 .text.rpl_recalculate_ranks
                0x000000000000a196       0x46 contiki-z1.a(rpl-dag.o)
                0x000000000000a196                rpl_recalculate_ranks
 .text.rpl_add_dag
                0x000000000000a1dc      0x104 contiki-z1.a(rpl-dag.o)
                0x000000000000a1dc                rpl_add_dag
 .text.rpl_process_dio
                0x000000000000a2e0      0x31a contiki-z1.a(rpl-dag.o)
                0x000000000000a2e0                rpl_process_dio
 .text.handle_unicast_dio_timer
                0x000000000000a5fa       0x1c contiki-z1.a(rpl-timers.o)
 .text.new_dio_interval
                0x000000000000a616       0x8a contiki-z1.a(rpl-timers.o)
 .text.handle_periodic_timer
                0x000000000000a6a0       0x50 contiki-z1.a(rpl-timers.o)
 .text.set_dao_lifetime_timer.part.0
                0x000000000000a6f0       0x5e contiki-z1.a(rpl-timers.o)
 .text.schedule_dao
                0x000000000000a74e       0x80 contiki-z1.a(rpl-timers.o)
 .text.handle_dio_timer
                0x000000000000a7ce       0x88 contiki-z1.a(rpl-timers.o)
 .text.handle_dao_timer
                0x000000000000a856       0x72 contiki-z1.a(rpl-timers.o)
 .text.rpl_reset_periodic_timer
                0x000000000000a8c8       0x5c contiki-z1.a(rpl-timers.o)
                0x000000000000a8c8                rpl_reset_periodic_timer
 .text.rpl_reset_dio_timer
                0x000000000000a924       0x18 contiki-z1.a(rpl-timers.o)
                0x000000000000a924                rpl_reset_dio_timer
 .text.rpl_schedule_dao
                0x000000000000a93c        0xc contiki-z1.a(rpl-timers.o)
                0x000000000000a93c                rpl_schedule_dao
 .text.rpl_schedule_unicast_dio_immediately
                0x000000000000a948       0x16 contiki-z1.a(rpl-timers.o)
                0x000000000000a948                rpl_schedule_unicast_dio_immediately
 .text.get_probing_delay
                0x000000000000a95e       0x40 contiki-z1.a(rpl-timers.o)
                0x000000000000a95e                get_probing_delay
 .text.get_probing_target
                0x000000000000a99e       0xe2 contiki-z1.a(rpl-timers.o)
                0x000000000000a99e                get_probing_target
 .text.rpl_schedule_probing
                0x000000000000aa80       0x26 contiki-z1.a(rpl-timers.o)
                0x000000000000aa80                rpl_schedule_probing
 .text.handle_probing_timer
                0x000000000000aaa6       0x34 contiki-z1.a(rpl-timers.o)
 .text.update_hbh_header
                0x000000000000aada       0xcc contiki-z1.a(rpl-ext-header.)
 .text.insert_hbh_header
                0x000000000000aba6       0x94 contiki-z1.a(rpl-ext-header.)
 .text.rpl_verify_hbh_header
                0x000000000000ac3a       0xf8 contiki-z1.a(rpl-ext-header.)
                0x000000000000ac3a                rpl_verify_hbh_header
 .text.rpl_remove_header
                0x000000000000ad32       0x76 contiki-z1.a(rpl-ext-header.)
                0x000000000000ad32                rpl_remove_header
 .text.rpl_update_header
                0x000000000000ada8       0x64 contiki-z1.a(rpl-ext-header.)
                0x000000000000ada8                rpl_update_header
 .text.rpl_get_mode
                0x000000000000ae0c        0x6 contiki-z1.a(rpl.o)
                0x000000000000ae0c                rpl_get_mode
 .text.rpl_purge_routes
                0x000000000000ae12       0x94 contiki-z1.a(rpl.o)
                0x000000000000ae12                rpl_purge_routes
 .text.rpl_remove_routes
                0x000000000000aea6       0x22 contiki-z1.a(rpl.o)
                0x000000000000aea6                rpl_remove_routes
 .text.rpl_remove_routes_by_nexthop
                0x000000000000aec8       0x3e contiki-z1.a(rpl.o)
                0x000000000000aec8                rpl_remove_routes_by_nexthop
 .text.rpl_add_route
                0x000000000000af06       0x4e contiki-z1.a(rpl.o)
                0x000000000000af06                rpl_add_route
 .text.rpl_link_neighbor_callback
                0x000000000000af54       0x4c contiki-z1.a(rpl.o)
                0x000000000000af54                rpl_link_neighbor_callback
 .text.rpl_ipv6_neighbor_callback
                0x000000000000afa0       0x1e contiki-z1.a(rpl.o)
                0x000000000000afa0                rpl_ipv6_neighbor_callback
 .text.rpl_purge_dags
                0x000000000000afbe       0x5e contiki-z1.a(rpl.o)
                0x000000000000afbe                rpl_purge_dags
 .text.rpl_init
                0x000000000000b01c       0x44 contiki-z1.a(rpl.o)
                0x000000000000b01c                rpl_init
 .text.reset    0x000000000000b060        0x2 contiki-z1.a(rpl-mrhof.o)
 .text.update_metric_container
                0x000000000000b062        0x6 contiki-z1.a(rpl-mrhof.o)
 .text.parent_link_metric
                0x000000000000b068       0x10 contiki-z1.a(rpl-mrhof.o)
 .text.parent_has_usable_link
                0x000000000000b078       0x14 contiki-z1.a(rpl-mrhof.o)
 .text.best_dag
                0x000000000000b08c       0x34 contiki-z1.a(rpl-mrhof.o)
 .text.parent_path_cost
                0x000000000000b0c0       0x40 contiki-z1.a(rpl-mrhof.o)
 .text.parent_is_acceptable
                0x000000000000b100       0x26 contiki-z1.a(rpl-mrhof.o)
 .text.best_parent
                0x000000000000b126       0x7c contiki-z1.a(rpl-mrhof.o)
 .text.rank_via_parent
                0x000000000000b1a2       0x4e contiki-z1.a(rpl-mrhof.o)
 .text.queuebuf_init
                0x000000000000b1f0       0x12 contiki-z1.a(queuebuf.o)
                0x000000000000b1f0                queuebuf_init
 .text.queuebuf_numfree
                0x000000000000b202        0xa contiki-z1.a(queuebuf.o)
                0x000000000000b202                queuebuf_numfree
 .text.queuebuf_new_from_packetbuf
                0x000000000000b20c       0x4e contiki-z1.a(queuebuf.o)
                0x000000000000b20c                queuebuf_new_from_packetbuf
 .text.queuebuf_update_attr_from_packetbuf
                0x000000000000b25a       0x12 contiki-z1.a(queuebuf.o)
                0x000000000000b25a                queuebuf_update_attr_from_packetbuf
 .text.queuebuf_free
                0x000000000000b26c       0x2a contiki-z1.a(queuebuf.o)
                0x000000000000b26c                queuebuf_free
 .text.queuebuf_to_packetbuf
                0x000000000000b296       0x32 contiki-z1.a(queuebuf.o)
                0x000000000000b296                queuebuf_to_packetbuf
 .text.queuebuf_attr
                0x000000000000b2c8        0xe contiki-z1.a(queuebuf.o)
                0x000000000000b2c8                queuebuf_attr
 .text.index_from_key
                0x000000000000b2d6       0x44 contiki-z1.a(nbr-table.o)
 .text.item_from_key
                0x000000000000b31a       0x34 contiki-z1.a(nbr-table.o)
 .text.nbr_set_bit
                0x000000000000b34e       0x76 contiki-z1.a(nbr-table.o)
 .text.index_from_lladdr
                0x000000000000b3c4       0x3e contiki-z1.a(nbr-table.o)
 .text.nbr_get_bit.constprop.0
                0x000000000000b402       0x5a contiki-z1.a(nbr-table.o)
 .text.remove_key
                0x000000000000b45c       0x50 contiki-z1.a(nbr-table.o)
 .text.nbr_table_register
                0x000000000000b4ac       0x26 contiki-z1.a(nbr-table.o)
                0x000000000000b4ac                nbr_table_register
 .text.nbr_table_next
                0x000000000000b4d2       0x78 contiki-z1.a(nbr-table.o)
                0x000000000000b4d2                nbr_table_next
 .text.nbr_table_head
                0x000000000000b54a       0x32 contiki-z1.a(nbr-table.o)
                0x000000000000b54a                nbr_table_head
 .text.nbr_table_add_lladdr
                0x000000000000b57c      0x120 contiki-z1.a(nbr-table.o)
                0x000000000000b57c                nbr_table_add_lladdr
 .text.nbr_table_get_from_lladdr
                0x000000000000b69c       0x44 contiki-z1.a(nbr-table.o)
                0x000000000000b69c                nbr_table_get_from_lladdr
 .text.nbr_table_remove
                0x000000000000b6e0       0x2a contiki-z1.a(nbr-table.o)
                0x000000000000b6e0                nbr_table_remove
 .text.nbr_table_lock
                0x000000000000b70a       0x10 contiki-z1.a(nbr-table.o)
                0x000000000000b70a                nbr_table_lock
 .text.nbr_table_unlock
                0x000000000000b71a       0x10 contiki-z1.a(nbr-table.o)
                0x000000000000b71a                nbr_table_unlock
 .text.nbr_table_get_lladdr
                0x000000000000b72a       0x54 contiki-z1.a(nbr-table.o)
                0x000000000000b72a                nbr_table_get_lladdr
 .text.nbr_table_update_lladdr
                0x000000000000b77e       0x54 contiki-z1.a(nbr-table.o)
                0x000000000000b77e                nbr_table_update_lladdr
 .text.packetbuf_hdrreduce
                0x000000000000b7d2       0x1a contiki-z1.a(packetbuf.o)
                0x000000000000b7d2                packetbuf_hdrreduce
 .text.packetbuf_set_datalen
                0x000000000000b7ec        0x6 contiki-z1.a(packetbuf.o)
                0x000000000000b7ec                packetbuf_set_datalen
 .text.packetbuf_hdrptr
                0x000000000000b7f2        0x6 contiki-z1.a(packetbuf.o)
                0x000000000000b7f2                packetbuf_hdrptr
 .text.packetbuf_datalen
                0x000000000000b7f8        0x6 contiki-z1.a(packetbuf.o)
                0x000000000000b7f8                packetbuf_datalen
 .text.packetbuf_hdrlen
                0x000000000000b7fe        0xa contiki-z1.a(packetbuf.o)
                0x000000000000b7fe                packetbuf_hdrlen
 .text.packetbuf_dataptr
                0x000000000000b808        0xc contiki-z1.a(packetbuf.o)
                0x000000000000b808                packetbuf_dataptr
 .text.packetbuf_copyto
                0x000000000000b814       0x3a contiki-z1.a(packetbuf.o)
                0x000000000000b814                packetbuf_copyto
 .text.packetbuf_totlen
                0x000000000000b84e        0xc contiki-z1.a(packetbuf.o)
                0x000000000000b84e                packetbuf_totlen
 .text.packetbuf_hdralloc
                0x000000000000b85a       0x3a contiki-z1.a(packetbuf.o)
                0x000000000000b85a                packetbuf_hdralloc
 .text.packetbuf_attr_clear
                0x000000000000b894       0x28 contiki-z1.a(packetbuf.o)
                0x000000000000b894                packetbuf_attr_clear
 .text.packetbuf_clear
                0x000000000000b8bc       0x12 contiki-z1.a(packetbuf.o)
                0x000000000000b8bc                packetbuf_clear
 .text.packetbuf_copyfrom
                0x000000000000b8ce       0x2a contiki-z1.a(packetbuf.o)
                0x000000000000b8ce                packetbuf_copyfrom
 .text.packetbuf_attr_copyto
                0x000000000000b8f8       0x22 contiki-z1.a(packetbuf.o)
                0x000000000000b8f8                packetbuf_attr_copyto
 .text.packetbuf_attr_copyfrom
                0x000000000000b91a       0x24 contiki-z1.a(packetbuf.o)
                0x000000000000b91a                packetbuf_attr_copyfrom
 .text.packetbuf_holds_broadcast
                0x000000000000b93e        0xe contiki-z1.a(packetbuf.o)
                0x000000000000b93e                packetbuf_holds_broadcast
 .text.linkaddr_copy
                0x000000000000b94c        0x8 contiki-z1.a(linkaddr.o)
                0x000000000000b94c                linkaddr_copy
 .text.linkaddr_cmp
                0x000000000000b954       0x12 contiki-z1.a(linkaddr.o)
                0x000000000000b954                linkaddr_cmp
 .text.linkaddr_set_node_addr
                0x000000000000b966        0xc contiki-z1.a(linkaddr.o)
                0x000000000000b966                linkaddr_set_node_addr
 .text.periodic
                0x000000000000b972       0x2c contiki-z1.a(link-stats.o)
 .text.link_stats_from_lladdr
                0x000000000000b99e        0xc contiki-z1.a(link-stats.o)
                0x000000000000b99e                link_stats_from_lladdr
 .text.link_stats_is_fresh
                0x000000000000b9aa       0x30 contiki-z1.a(link-stats.o)
                0x000000000000b9aa                link_stats_is_fresh
 .text.link_stats_packet_sent
                0x000000000000b9da       0xc0 contiki-z1.a(link-stats.o)
                0x000000000000b9da                link_stats_packet_sent
 .text.link_stats_input_callback
                0x000000000000ba9a       0xac contiki-z1.a(link-stats.o)
                0x000000000000ba9a                link_stats_input_callback
 .text.link_stats_init
                0x000000000000bb46       0x22 contiki-z1.a(link-stats.o)
                0x000000000000bb46                link_stats_init
 .text.parse    0x000000000000bb68       0xa2 contiki-z1.a(framer-802154.o)
 .text.create_frame.isra.0
                0x000000000000bc0a      0x114 contiki-z1.a(framer-802154.o)
 .text.create   0x000000000000bd1e        0x8 contiki-z1.a(framer-802154.o)
 .text.hdr_length
                0x000000000000bd26        0x8 contiki-z1.a(framer-802154.o)
 .text.input_packet
                0x000000000000bd2e        0x6 contiki-z1.a(csma.o)
 .text.on       0x000000000000bd34        0x6 contiki-z1.a(csma.o)
 .text.off      0x000000000000bd3a        0x6 contiki-z1.a(csma.o)
 .text.channel_check_interval
                0x000000000000bd40       0x10 contiki-z1.a(csma.o)
 .text.transmit_packet_list
                0x000000000000bd50       0x24 contiki-z1.a(csma.o)
 .text.schedule_transmission
                0x000000000000bd74       0x86 contiki-z1.a(csma.o)
 .text.send_packet
                0x000000000000bdfa      0x158 contiki-z1.a(csma.o)
 .text.init     0x000000000000bf52       0x1a contiki-z1.a(csma.o)
 .text.tx_done  0x000000000000bf6c       0x86 contiki-z1.a(csma.o)
 .text.packet_sent
                0x000000000000bff2       0xc6 contiki-z1.a(csma.o)
 .text.frame802154_get_pan_id
                0x000000000000c0b8        0x6 contiki-z1.a(frame802154.o)
                0x000000000000c0b8                frame802154_get_pan_id
 .text.frame802154_has_panid
                0x000000000000c0be       0xdc contiki-z1.a(frame802154.o)
                0x000000000000c0be                frame802154_has_panid
 .text.field_len
                0x000000000000c19a       0xae contiki-z1.a(frame802154.o)
 .text.frame802154_is_broadcast_addr
                0x000000000000c248       0x24 contiki-z1.a(frame802154.o)
                0x000000000000c248                frame802154_is_broadcast_addr
 .text.frame802154_hdrlen
                0x000000000000c26c       0x32 contiki-z1.a(frame802154.o)
                0x000000000000c26c                frame802154_hdrlen
 .text.frame802154_create_fcf
                0x000000000000c29e       0x6e contiki-z1.a(frame802154.o)
                0x000000000000c29e                frame802154_create_fcf
 .text.frame802154_create
                0x000000000000c30c       0xd4 contiki-z1.a(frame802154.o)
                0x000000000000c30c                frame802154_create
 .text.frame802154_parse_fcf
                0x000000000000c3e0       0x8a contiki-z1.a(frame802154.o)
                0x000000000000c3e0                frame802154_parse_fcf
 .text.frame802154_parse
                0x000000000000c46a      0x178 contiki-z1.a(frame802154.o)
                0x000000000000c46a                frame802154_parse
 .text.mac_call_sent_callback
                0x000000000000c5e2       0x14 contiki-z1.a(mac.o)
                0x000000000000c5e2                mac_call_sent_callback
 .text.on       0x000000000000c5f6        0x6 contiki-z1.a(nullrdc.o)
 .text.channel_check_interval
                0x000000000000c5fc        0x4 contiki-z1.a(nullrdc.o)
 .text.init     0x000000000000c600        0x6 contiki-z1.a(nullrdc.o)
 .text.send_one_packet
                0x000000000000c606       0x62 contiki-z1.a(nullrdc.o)
 .text.send_list
                0x000000000000c668       0x28 contiki-z1.a(nullrdc.o)
 .text.send_packet
                0x000000000000c690        0x6 contiki-z1.a(nullrdc.o)
 .text.off      0x000000000000c696       0x10 contiki-z1.a(nullrdc.o)
 .text.packet_input
                0x000000000000c6a6       0x26 contiki-z1.a(nullrdc.o)
 .text.init     0x000000000000c6cc        0x2 contiki-z1.a(nullsec.o)
 .text.send     0x000000000000c6ce        0xa contiki-z1.a(nullsec.o)
 .text.input    0x000000000000c6d8        0x6 contiki-z1.a(nullsec.o)
 .text.coap_parse_int_option
                0x000000000000c6de       0x36 contiki-z1.a(er-coap.o)
 .text.coap_set_option_header
                0x000000000000c714       0xa6 contiki-z1.a(er-coap.o)
 .text.coap_serialize_int_option
                0x000000000000c7ba       0xbe contiki-z1.a(er-coap.o)
 .text.coap_get_variable
                0x000000000000c878       0xa2 contiki-z1.a(er-coap.o)
 .text.coap_serialize_array_option
                0x000000000000c91a       0xd4 contiki-z1.a(er-coap.o)
 .text.coap_merge_multi_option.part.1
                0x000000000000c9ee       0x2c contiki-z1.a(er-coap.o)
 .text.coap_init_connection
                0x000000000000ca1a       0x22 contiki-z1.a(er-coap.o)
                0x000000000000ca1a                coap_init_connection
 .text.coap_get_mid
                0x000000000000ca3c        0xc contiki-z1.a(er-coap.o)
                0x000000000000ca3c                coap_get_mid
 .text.coap_init_message
                0x000000000000ca48       0x24 contiki-z1.a(er-coap.o)
                0x000000000000ca48                coap_init_message
 .text.coap_serialize_message
                0x000000000000ca6c      0x426 contiki-z1.a(er-coap.o)
                0x000000000000ca6c                coap_serialize_message
 .text.coap_send_message
                0x000000000000ce92       0x3e contiki-z1.a(er-coap.o)
                0x000000000000ce92                coap_send_message
 .text.coap_parse_message
                0x000000000000ced0      0x50e contiki-z1.a(er-coap.o)
                0x000000000000ced0                coap_parse_message
 .text.coap_get_query_variable
                0x000000000000d3de       0x1c contiki-z1.a(er-coap.o)
                0x000000000000d3de                coap_get_query_variable
 .text.coap_get_post_variable
                0x000000000000d3fa       0x20 contiki-z1.a(er-coap.o)
                0x000000000000d3fa                coap_get_post_variable
 .text.coap_set_status_code
                0x000000000000d41a       0x12 contiki-z1.a(er-coap.o)
                0x000000000000d41a                coap_set_status_code
 .text.coap_set_token
                0x000000000000d42c       0x24 contiki-z1.a(er-coap.o)
                0x000000000000d42c                coap_set_token
 .text.coap_get_header_content_format
                0x000000000000d450       0x18 contiki-z1.a(er-coap.o)
                0x000000000000d450                coap_get_header_content_format
 .text.coap_set_header_content_format
                0x000000000000d468        0xe contiki-z1.a(er-coap.o)
                0x000000000000d468                coap_set_header_content_format
 .text.coap_get_header_accept
                0x000000000000d476       0x16 contiki-z1.a(er-coap.o)
                0x000000000000d476                coap_get_header_accept
 .text.coap_get_header_max_age
                0x000000000000d48c       0x26 contiki-z1.a(er-coap.o)
                0x000000000000d48c                coap_get_header_max_age
 .text.coap_set_header_max_age
                0x000000000000d4b2       0x12 contiki-z1.a(er-coap.o)
                0x000000000000d4b2                coap_set_header_max_age
 .text.coap_set_header_etag
                0x000000000000d4c4       0x2a contiki-z1.a(er-coap.o)
                0x000000000000d4c4                coap_set_header_etag
 .text.coap_get_header_if_match
                0x000000000000d4ee       0x1c contiki-z1.a(er-coap.o)
                0x000000000000d4ee                coap_get_header_if_match
 .text.coap_get_header_if_none_match
                0x000000000000d50a       0x10 contiki-z1.a(er-coap.o)
                0x000000000000d50a                coap_get_header_if_none_match
 .text.coap_get_header_uri_host
                0x000000000000d51a       0x18 contiki-z1.a(er-coap.o)
                0x000000000000d51a                coap_get_header_uri_host
 .text.coap_get_header_uri_path
                0x000000000000d532       0x18 contiki-z1.a(er-coap.o)
                0x000000000000d532                coap_get_header_uri_path
 .text.coap_set_header_uri_path
                0x000000000000d54a       0x2a contiki-z1.a(er-coap.o)
                0x000000000000d54a                coap_set_header_uri_path
 .text.coap_get_header_uri_query
                0x000000000000d574       0x16 contiki-z1.a(er-coap.o)
                0x000000000000d574                coap_get_header_uri_query
 .text.coap_set_header_location_query
                0x000000000000d58a       0x2c contiki-z1.a(er-coap.o)
                0x000000000000d58a                coap_set_header_location_query
 .text.coap_set_header_location_path
                0x000000000000d5b6       0x78 contiki-z1.a(er-coap.o)
                0x000000000000d5b6                coap_set_header_location_path
 .text.coap_set_header_observe
                0x000000000000d62e       0x12 contiki-z1.a(er-coap.o)
                0x000000000000d62e                coap_set_header_observe
 .text.coap_get_header_block2
                0x000000000000d640       0x4c contiki-z1.a(er-coap.o)
                0x000000000000d640                coap_get_header_block2
 .text.coap_set_header_block2
                0x000000000000d68c       0x40 contiki-z1.a(er-coap.o)
                0x000000000000d68c                coap_set_header_block2
 .text.coap_get_header_size2
                0x000000000000d6cc       0x1e contiki-z1.a(er-coap.o)
                0x000000000000d6cc                coap_get_header_size2
 .text.coap_set_header_size2
                0x000000000000d6ea       0x12 contiki-z1.a(er-coap.o)
                0x000000000000d6ea                coap_set_header_size2
 .text.coap_get_payload
                0x000000000000d6fc       0x1a contiki-z1.a(er-coap.o)
                0x000000000000d6fc                coap_get_payload
 .text.coap_set_payload
                0x000000000000d716       0x16 contiki-z1.a(er-coap.o)
                0x000000000000d716                coap_set_payload
 .text.i2c_receiveinit
                0x000000000000d72c       0x38 contiki-z1.a(i2cmaster.o)
                0x000000000000d72c                i2c_receiveinit
 .text.i2c_transmitinit
                0x000000000000d764       0x32 contiki-z1.a(i2cmaster.o)
                0x000000000000d764                i2c_transmitinit
 .text.i2c_receive_n
                0x000000000000d796       0x44 contiki-z1.a(i2cmaster.o)
                0x000000000000d796                i2c_receive_n
 .text.i2c_busy
                0x000000000000d7da        0xa contiki-z1.a(i2cmaster.o)
                0x000000000000d7da                i2c_busy
 .text.i2c_enable
                0x000000000000d7e4       0x24 contiki-z1.a(i2cmaster.o)
                0x000000000000d7e4                i2c_enable
 .text.i2c_transmit_n
                0x000000000000d808       0x14 contiki-z1.a(i2cmaster.o)
                0x000000000000d808                i2c_transmit_n
 .text.i2c_tx_interrupt
                0x000000000000d81c       0x8a contiki-z1.a(i2cmaster.o)
                0x000000000000d81c                __isr_16
                0x000000000000d81c                i2c_tx_interrupt
 .text.i2c_rx_interrupt
                0x000000000000d8a6       0x18 contiki-z1.a(i2cmaster.o)
                0x000000000000d8a6                i2c_rx_interrupt
                0x000000000000d8a6                __isr_17
 .text.status   0x000000000000d8be       0x16 contiki-z1.a(button-sensor.o)
 .text.configure
                0x000000000000d8d4       0x52 contiki-z1.a(button-sensor.o)
 .text.value    0x000000000000d926       0x22 contiki-z1.a(button-sensor.o)
 .text.irq_p2   0x000000000000d948       0x76 contiki-z1.a(button-sensor.o)
                0x000000000000d948                irq_p2
                0x000000000000d948                __isr_19
 .text.stimer_set
                0x000000000000d9be       0x1c contiki-z1.a(stimer.o)
                0x000000000000d9be                stimer_set
 .text.stimer_expired
                0x000000000000d9da       0x30 contiki-z1.a(stimer.o)
                0x000000000000d9da                stimer_expired
 .text.echo_reply_input
                0x000000000000da0a       0xaa contiki-z1.a(uip-icmp6.o)
 .text.echo_request_input
                0x000000000000dab4       0xca contiki-z1.a(uip-icmp6.o)
 .text.uip_icmp6_input
                0x000000000000db7e       0x40 contiki-z1.a(uip-icmp6.o)
                0x000000000000db7e                uip_icmp6_input
 .text.uip_icmp6_register_input_handler
                0x000000000000dbbe        0xc contiki-z1.a(uip-icmp6.o)
                0x000000000000dbbe                uip_icmp6_register_input_handler
 .text.uip_icmp6_error_output
                0x000000000000dbca      0x168 contiki-z1.a(uip-icmp6.o)
                0x000000000000dbca                uip_icmp6_error_output
 .text.uip_icmp6_send
                0x000000000000dd32       0x86 contiki-z1.a(uip-icmp6.o)
                0x000000000000dd32                uip_icmp6_send
 .text.uip_icmp6_init
                0x000000000000ddb8       0x12 contiki-z1.a(uip-icmp6.o)
                0x000000000000ddb8                uip_icmp6_init
 .text.uip_udp_packet_send
                0x000000000000ddca       0x2a contiki-z1.a(uip-udp-packet.)
                0x000000000000ddca                uip_udp_packet_send
 .text.prepare_for_dao_fwd
                0x000000000000ddf4       0x28 contiki-z1.a(rpl-icmp6.o)
 .text.get32    0x000000000000de1c       0x3e contiki-z1.a(rpl-icmp6.o)
 .text.set32    0x000000000000de5a       0x2a contiki-z1.a(rpl-icmp6.o)
 .text.get16    0x000000000000de84        0xe contiki-z1.a(rpl-icmp6.o)
 .text.set16    0x000000000000de92       0x10 contiki-z1.a(rpl-icmp6.o)
 .text.dao_ack_input
                0x000000000000dea2        0xa contiki-z1.a(rpl-icmp6.o)
 .text.dio_input
                0x000000000000deac      0x282 contiki-z1.a(rpl-icmp6.o)
 .text.rpl_icmp6_update_nbr_table
                0x000000000000e12e       0x28 contiki-z1.a(rpl-icmp6.o)
                0x000000000000e12e                rpl_icmp6_update_nbr_table
 .text.dao_input
                0x000000000000e156      0x276 contiki-z1.a(rpl-icmp6.o)
 .text.dis_output
                0x000000000000e3cc       0x50 contiki-z1.a(rpl-icmp6.o)
                0x000000000000e3cc                dis_output
 .text.dio_output
                0x000000000000e41c      0x24c contiki-z1.a(rpl-icmp6.o)
                0x000000000000e41c                dio_output
 .text.dis_input
                0x000000000000e668       0x3e contiki-z1.a(rpl-icmp6.o)
 .text.dao_output_target
                0x000000000000e6a6       0xf8 contiki-z1.a(rpl-icmp6.o)
                0x000000000000e6a6                dao_output_target
 .text.dao_output
                0x000000000000e79e       0xa0 contiki-z1.a(rpl-icmp6.o)
                0x000000000000e79e                dao_output
 .text.rpl_icmp6_register_handlers
                0x000000000000e83e       0x22 contiki-z1.a(rpl-icmp6.o)
                0x000000000000e83e                rpl_icmp6_register_handlers
 .text.update_nbr
                0x000000000000e860       0xdc contiki-z1.a(rpl-nbr-policy.)
 .text.handle_periodic_timer
                0x000000000000e93c        0xe contiki-z1.a(rpl-nbr-policy.)
 .text.find_removable_dis
                0x000000000000e94a       0x14 contiki-z1.a(rpl-nbr-policy.)
                0x000000000000e94a                find_removable_dis
 .text.find_removable_dio
                0x000000000000e95e       0x3c contiki-z1.a(rpl-nbr-policy.)
                0x000000000000e95e                find_removable_dio
 .text.find_removable_dao
                0x000000000000e99a       0x30 contiki-z1.a(rpl-nbr-policy.)