Archive member included because of file (symbol)

contiki-z1.a(er-coap-engine.)
                              ex1.co (coap_rest_implementation)
contiki-z1.a(er-coap-transac)
                              contiki-z1.a(er-coap-engine.) (coap_register_as_transaction_handler)
contiki-z1.a(er-coap-observe)
                              contiki-z1.a(er-coap-transac) (coap_remove_observer_by_client)
contiki-z1.a(er-coap-res-wel)
                              contiki-z1.a(er-coap-engine.) (res_well_known_core)
contiki-z1.a(rest-engine.o)   ex1.co (rest_init_engine)
contiki-z1.a(contiki-z1-plat)
                              obj_z1/contiki-z1-main.o (init_platform)
contiki-z1.a(msp430.o)        obj_z1/contiki-z1-main.o (splhigh_)
contiki-z1.a(leds.o)          obj_z1/contiki-z1-main.o (leds_init)
contiki-z1.a(watchdog.o)      obj_z1/contiki-z1-main.o (watchdog_stop)
contiki-z1.a(xmem.o)          obj_z1/contiki-z1-main.o (xmem_init)
contiki-z1.a(spi.o)           contiki-z1.a(xmem.o) (spi_init)
contiki-z1.a(cc2420.o)        obj_z1/contiki-z1-main.o (cc2420_set_pan_addr)
contiki-z1.a(cc2420-arch.o)   contiki-z1.a(cc2420.o) (cc2420_arch_init)
contiki-z1.a(node-id.o)       obj_z1/contiki-z1-main.o (node_id_restore)
contiki-z1.a(sensors.o)       contiki-z1.a(contiki-z1-plat) (sensors_process)
contiki-z1.a(uart0.o)         obj_z1/contiki-z1-main.o (uart0_active)
contiki-z1.a(uart0-putchar.o)
                              obj_z1/contiki-z1-main.o (putchar)
contiki-z1.a(z1-sensors.o)    contiki-z1.a(sensors.o) (sensors_flags)
contiki-z1.a(adxl345.o)       obj_z1/contiki-z1-main.o (adxl345)
contiki-z1.a(tmp102.o)        contiki-z1.a(z1-sensors.o) (tmp102)
contiki-z1.a(clock.o)         obj_z1/contiki-z1-main.o (clock_init)
contiki-z1.a(leds-arch.o)     contiki-z1.a(leds.o) (leds_arch_init)
contiki-z1.a(rtimer-arch.o)   obj_z1/contiki-z1-main.o (rtimer_arch_now)
contiki-z1.a(autostart.o)     obj_z1/contiki-z1-main.o (autostart_start)
contiki-z1.a(ctimer.o)        obj_z1/contiki-z1-main.o (ctimer_init)
contiki-z1.a(energest.o)      obj_z1/contiki-z1-main.o (energest_init)
contiki-z1.a(etimer.o)        contiki-z1.a(clock.o) (etimer_request_poll)
contiki-z1.a(process.o)       contiki-z1.a(er-coap-engine.) (process_current)
contiki-z1.a(rtimer.o)        obj_z1/contiki-z1-main.o (rtimer_init)
contiki-z1.a(timer.o)         contiki-z1.a(adxl345.o) (timer_set)
contiki-z1.a(list.o)          contiki-z1.a(rest-engine.o) (list_init)
contiki-z1.a(memb.o)          contiki-z1.a(er-coap-transac) (memb_alloc)
contiki-z1.a(random.o)        obj_z1/contiki-z1-main.o (random_init)
contiki-z1.a(uip-ds6.o)       obj_z1/contiki-z1-main.o (uip_ds6_get_link_local)
contiki-z1.a(uip-ds6-route.o)
                              contiki-z1.a(uip-ds6.o) (uip_ds6_route_init)
contiki-z1.a(uip6.o)          contiki-z1.a(er-coap-engine.) (uip_aligned_buf)
contiki-z1.a(uip-ds6-nbr.o)   contiki-z1.a(uip-ds6.o) (uip_ds6_neighbors_init)
contiki-z1.a(uip-nd6.o)       contiki-z1.a(uip6.o) (uip_nd6_init)
contiki-z1.a(sicslowpan.o)    obj_z1/contiki-z1-main.o (sicslowpan_driver)
contiki-z1.a(tcpip.o)         contiki-z1.a(sicslowpan.o) (tcpip_set_outputfunc)
contiki-z1.a(uip-debug.o)     contiki-z1.a(uip-ds6-route.o) (uip_debug_ipaddr_print)
contiki-z1.a(rpl-dag.o)       contiki-z1.a(tcpip.o) (rpl_repair_root)
contiki-z1.a(rpl-timers.o)    contiki-z1.a(rpl-dag.o) (rpl_reset_dio_timer)
contiki-z1.a(rpl-ext-header.)
                              contiki-z1.a(uip6.o) (rpl_verify_hbh_header)
contiki-z1.a(rpl.o)           contiki-z1.a(rpl-timers.o) (rpl_get_mode)
contiki-z1.a(rpl-mrhof.o)     contiki-z1.a(rpl-dag.o) (rpl_mrhof)
contiki-z1.a(queuebuf.o)      obj_z1/contiki-z1-main.o (queuebuf_init)
contiki-z1.a(nbr-table.o)     contiki-z1.a(uip-ds6-route.o) (nbr_table_register)
contiki-z1.a(packetbuf.o)     contiki-z1.a(cc2420.o) (packetbuf_set_datalen)
contiki-z1.a(linkaddr.o)      obj_z1/contiki-z1-main.o (linkaddr_copy)
contiki-z1.a(link-stats.o)    contiki-z1.a(rpl-dag.o) (link_stats_from_lladdr)
contiki-z1.a(framer-802154.o)
                              contiki-z1.a(sicslowpan.o) (framer_802154)
contiki-z1.a(csma.o)          obj_z1/contiki-z1-main.o (csma_driver)
contiki-z1.a(frame802154.o)   contiki-z1.a(framer-802154.o) (frame802154_get_pan_id)
contiki-z1.a(mac.o)           contiki-z1.a(csma.o) (mac_call_sent_callback)
contiki-z1.a(nullrdc.o)       obj_z1/contiki-z1-main.o (nullrdc_driver)
contiki-z1.a(nullsec.o)       obj_z1/contiki-z1-main.o (nullsec_driver)
contiki-z1.a(jsonparse.o)     ex1.co (jsonparse_setup)
contiki-z1.a(er-coap.o)       contiki-z1.a(er-coap-engine.) (coap_init_connection)
contiki-z1.a(i2cmaster.o)     contiki-z1.a(adxl345.o) (i2c_receiveinit)
contiki-z1.a(button-sensor.o)
                              contiki-z1.a(z1-sensors.o) (button_sensor)
contiki-z1.a(stimer.o)        contiki-z1.a(uip-ds6.o) (stimer_set)
contiki-z1.a(uip-icmp6.o)     contiki-z1.a(uip6.o) (uip_icmp6_input)
contiki-z1.a(uip-udp-packet.)
[...]
Memory Configuration

Name             Origin             Length             Attributes
sfr              0x0000000000000000 0x0000000000000010
peripheral_8bit  0x0000000000000010 0x00000000000000f0
peripheral_16bit 0x0000000000000100 0x0000000000000100
ram_mirror       0x0000000000000200 0x0000000000000800 xw
infomem          0x0000000000001000 0x0000000000000100
infod            0x0000000000001000 0x0000000000000040
infoc            0x0000000000001040 0x0000000000000040
infob            0x0000000000001080 0x0000000000000040
infoa            0x00000000000010c0 0x0000000000000040
ram              0x0000000000001100 0x0000000000002000 xw
rom              0x0000000000003100 0x000000000000cebe xr
vectors          0x000000000000ffc0 0x0000000000000040
far_rom          0x0000000000010000 0x000000000000a000
bsl              0x0000000000000000 0x0000000000000000
ram2             0x0000000000000000 0x0000000000000000 xw
usbram           0x0000000000000000 0x0000000000000000 xw
*default*        0x0000000000000000 0xffffffffffffffff

Linker script and memory map

LOAD /usr/lib/gcc/msp430/4.6.3/mcpu-430x/mmpy-16/crt0ivtbl32.o
                0x0000000000000041                __P1SEL2 = 0x41
                0x0000000000000045                __P5SEL2 = 0x45
LOAD ex1.co
LOAD obj_z1/contiki-z1-main.o
LOAD contiki-z1.a
LOAD /usr/lib/gcc/msp430/4.6.3/mcpu-430x/mmpy-16/libgcc.a
LOAD /usr/lib/gcc/msp430/4.6.3/../../../../msp430/lib/mcpu-430x/mmpy-16/libc.a
LOAD /usr/lib/gcc/msp430/4.6.3/mcpu-430x/mmpy-16/libgcc.a
LOAD /usr/lib/gcc/msp430/4.6.3/mcpu-430x/mmpy-16/libcrt0.a
                0x0000000000000040                PROVIDE (__info_segment_size, 0x40)
                0x0000000000001000                PROVIDE (__infod, 0x1000)
                0x0000000000001040                PROVIDE (__infoc, 0x1040)
                0x0000000000001080                PROVIDE (__infob, 0x1080)
                0x00000000000010c0                PROVIDE (__infoa, 0x10c0)
                0x0000000000000000                __IE1 = 0x0
                0x0000000000000002                __IFG1 = 0x2
                0x0000000000000001                __IE2 = 0x1
                0x0000000000000003                __IFG2 = 0x3
                0x0000000000000006                __UC1IE = 0x6
                0x0000000000000007                __UC1IFG = 0x7
                0x00000000000001a0                __ADC12CTL0 = 0x1a0
                0x00000000000001a2                __ADC12CTL1 = 0x1a2
                0x00000000000001a4                __ADC12IFG = 0x1a4
                0x00000000000001a6                __ADC12IE = 0x1a6
                0x00000000000001a8                __ADC12IV = 0x1a8
                0x0000000000000140                __ADC12MEM0 = 0x140
                0x0000000000000142                __ADC12MEM1 = 0x142
                0x0000000000000144                __ADC12MEM2 = 0x144
                0x0000000000000146                __ADC12MEM3 = 0x146
                0x0000000000000148                __ADC12MEM4 = 0x148
                0x000000000000014a                __ADC12MEM5 = 0x14a
                0x000000000000014c                __ADC12MEM6 = 0x14c
                0x000000000000014e                __ADC12MEM7 = 0x14e
                0x0000000000000150                __ADC12MEM8 = 0x150
                0x0000000000000152                __ADC12MEM9 = 0x152
                0x0000000000000154                __ADC12MEM10 = 0x154
                0x0000000000000156                __ADC12MEM11 = 0x156
                0x0000000000000158                __ADC12MEM12 = 0x158
                0x000000000000015a                __ADC12MEM13 = 0x15a
                0x000000000000015c                __ADC12MEM14 = 0x15c
                0x000000000000015e                __ADC12MEM15 = 0x15e
                0x0000000000000080                __ADC12MCTL0 = 0x80
                0x0000000000000081                __ADC12MCTL1 = 0x81
                0x0000000000000082                __ADC12MCTL2 = 0x82
                0x0000000000000083                __ADC12MCTL3 = 0x83
                0x0000000000000084                __ADC12MCTL4 = 0x84
                0x0000000000000085                __ADC12MCTL5 = 0x85
                0x0000000000000086                __ADC12MCTL6 = 0x86
                0x0000000000000087                __ADC12MCTL7 = 0x87
                0x0000000000000088                __ADC12MCTL8 = 0x88
                0x0000000000000089                __ADC12MCTL9 = 0x89
                0x000000000000008a                __ADC12MCTL10 = 0x8a
                0x000000000000008b                __ADC12MCTL11 = 0x8b
                0x000000000000008c                __ADC12MCTL12 = 0x8c
                0x000000000000008d                __ADC12MCTL13 = 0x8d
                0x000000000000008e                __ADC12MCTL14 = 0x8e
                0x000000000000008f                __ADC12MCTL15 = 0x8f
                0x0000000000000056                __DCOCTL = 0x56
                0x0000000000000057                __BCSCTL1 = 0x57
                0x0000000000000058                __BCSCTL2 = 0x58
                0x0000000000000053                __BCSCTL3 = 0x53
                0x0000000000000059                __CACTL1 = 0x59
                0x000000000000005a                __CACTL2 = 0x5a
                0x000000000000005b                __CAPD = 0x5b
                0x00000000000001c0                __DAC12_0CTL = 0x1c0
                0x00000000000001c2                __DAC12_1CTL = 0x1c2
                0x00000000000001c8                __DAC12_0DAT = 0x1c8
                0x00000000000001ca                __DAC12_1DAT = 0x1ca
                0x0000000000000122                __DMACTL0 = 0x122
                0x0000000000000124                __DMACTL1 = 0x124
                0x0000000000000126                __DMAIV = 0x126
                0x00000000000001d0                __DMA0CTL = 0x1d0
                0x00000000000001dc                __DMA1CTL = 0x1dc
                0x00000000000001e8                __DMA2CTL = 0x1e8
                0x00000000000001d2                __DMA0SA = 0x1d2
                0x00000000000001d2                __DMA0SAL = 0x1d2
                0x00000000000001d6                __DMA0DA = 0x1d6
                0x00000000000001d6                __DMA0DAL = 0x1d6
                0x00000000000001da                __DMA0SZ = 0x1da
                0x00000000000001de                __DMA1SA = 0x1de
                0x00000000000001de                __DMA1SAL = 0x1de
                0x00000000000001e2                __DMA1DA = 0x1e2
                0x00000000000001e2                __DMA1DAL = 0x1e2
                0x00000000000001e6                __DMA1SZ = 0x1e6
                0x00000000000001ea                __DMA2SA = 0x1ea
                0x00000000000001ea                __DMA2SAL = 0x1ea
                0x00000000000001ee                __DMA2DA = 0x1ee
                0x00000000000001ee                __DMA2DAL = 0x1ee
                0x00000000000001f2                __DMA2SZ = 0x1f2
                0x0000000000000128                __FCTL1 = 0x128
                0x000000000000012a                __FCTL2 = 0x12a
                0x000000000000012c                __FCTL3 = 0x12c
                0x00000000000001be                __FCTL4 = 0x1be
                0x0000000000000130                __MPY = 0x130
                0x0000000000000132                __MPYS = 0x132
                0x0000000000000134                __MAC = 0x134
                0x0000000000000136                __MACS = 0x136
                0x0000000000000138                __OP2 = 0x138
                0x000000000000013a                __RESLO = 0x13a
                0x000000000000013c                __RESHI = 0x13c
                0x000000000000013e                __SUMEXT = 0x13e
                0x0000000000000020                __P1IN = 0x20
                0x0000000000000021                __P1OUT = 0x21
                0x0000000000000022                __P1DIR = 0x22
                0x0000000000000023                __P1IFG = 0x23
                0x0000000000000024                __P1IES = 0x24
                0x0000000000000025                __P1IE = 0x25
                0x0000000000000026                __P1SEL = 0x26
                0x0000000000000027                __P1REN = 0x27
                0x0000000000000028                __P2IN = 0x28
                0x0000000000000029                __P2OUT = 0x29
                0x000000000000002a                __P2DIR = 0x2a
                0x000000000000002b                __P2IFG = 0x2b
                0x000000000000002c                __P2IES = 0x2c
                0x000000000000002d                __P2IE = 0x2d
                0x000000000000002e                __P2SEL = 0x2e
                0x000000000000002f                __P2REN = 0x2f
                0x0000000000000018                __P3IN = 0x18
                0x0000000000000019                __P3OUT = 0x19
                0x000000000000001a                __P3DIR = 0x1a
                0x000000000000001b                __P3SEL = 0x1b
                0x0000000000000010                __P3REN = 0x10
                0x000000000000001c                __P4IN = 0x1c
                0x000000000000001d                __P4OUT = 0x1d
                0x000000000000001e                __P4DIR = 0x1e
                0x000000000000001f                __P4SEL = 0x1f
                0x0000000000000011                __P4REN = 0x11
                0x0000000000000030                __P5IN = 0x30
                0x0000000000000031                __P5OUT = 0x31
                0x0000000000000032                __P5DIR = 0x32
                0x0000000000000033                __P5SEL = 0x33
                0x0000000000000012                __P5REN = 0x12
                0x0000000000000034                __P6IN = 0x34
                0x0000000000000035                __P6OUT = 0x35
                0x0000000000000036                __P6DIR = 0x36
                0x0000000000000037                __P6SEL = 0x37
                0x0000000000000013                __P6REN = 0x13
                0x0000000000000038                __P7IN = 0x38
                0x000000000000003a                __P7OUT = 0x3a
                0x000000000000003c                __P7DIR = 0x3c
                0x000000000000003e                __P7SEL = 0x3e
                0x0000000000000014                __P7REN = 0x14
                0x0000000000000039                __P8IN = 0x39
                0x000000000000003b                __P8OUT = 0x3b
                0x000000000000003d                __P8DIR = 0x3d
                0x000000000000003f                __P8SEL = 0x3f
                0x0000000000000015                __P8REN = 0x15
                0x0000000000000038                __PAIN = 0x38
                0x000000000000003a                __PAOUT = 0x3a
                0x000000000000003c                __PADIR = 0x3c
                0x000000000000003e                __PASEL = 0x3e
                0x0000000000000014                __PAREN = 0x14
                0x0000000000000055                __SVSCTL = 0x55
                0x000000000000012e                __TAIV = 0x12e
                0x0000000000000160                __TACTL = 0x160
                0x0000000000000162                __TACCTL0 = 0x162
                0x0000000000000164                __TACCTL1 = 0x164
                0x0000000000000166                __TACCTL2 = 0x166
                0x0000000000000170                __TAR = 0x170
                0x0000000000000172                __TACCR0 = 0x172
                0x0000000000000174                __TACCR1 = 0x174
                0x0000000000000176                __TACCR2 = 0x176
                0x000000000000011e                __TBIV = 0x11e
                0x0000000000000180                __TBCTL = 0x180
                0x0000000000000182                __TBCCTL0 = 0x182
                0x0000000000000184                __TBCCTL1 = 0x184
                0x0000000000000186                __TBCCTL2 = 0x186
                0x0000000000000188                __TBCCTL3 = 0x188
                0x000000000000018a                __TBCCTL4 = 0x18a
                0x000000000000018c                __TBCCTL5 = 0x18c
                0x000000000000018e                __TBCCTL6 = 0x18e
                0x0000000000000190                __TBR = 0x190
                0x0000000000000192                __TBCCR0 = 0x192
                0x0000000000000194                __TBCCR1 = 0x194
                0x0000000000000196                __TBCCR2 = 0x196
                0x0000000000000198                __TBCCR3 = 0x198
                0x000000000000019a                __TBCCR4 = 0x19a
                0x000000000000019c                __TBCCR5 = 0x19c
                0x000000000000019e                __TBCCR6 = 0x19e
                0x0000000000000060                __UCA0CTL0 = 0x60
                0x0000000000000061                __UCA0CTL1 = 0x61
                0x0000000000000062                __UCA0BR0 = 0x62
                0x0000000000000063                __UCA0BR1 = 0x63
                0x0000000000000064                __UCA0MCTL = 0x64
                0x0000000000000065                __UCA0STAT = 0x65
                0x0000000000000066                __UCA0RXBUF = 0x66
                0x0000000000000067                __UCA0TXBUF = 0x67
                0x000000000000005d                __UCA0ABCTL = 0x5d
                0x000000000000005e                __UCA0IRTCTL = 0x5e
                0x000000000000005f                __UCA0IRRCTL = 0x5f
                0x0000000000000068                __UCB0CTL0 = 0x68
                0x0000000000000069                __UCB0CTL1 = 0x69
                0x000000000000006a                __UCB0BR0 = 0x6a
                0x000000000000006b                __UCB0BR1 = 0x6b
                0x000000000000006c                __UCB0I2CIE = 0x6c
                0x000000000000006d                __UCB0STAT = 0x6d
                0x000000000000006e                __UCB0RXBUF = 0x6e
                0x000000000000006f                __UCB0TXBUF = 0x6f
                0x0000000000000118                __UCB0I2COA = 0x118
                0x000000000000011a                __UCB0I2CSA = 0x11a
                0x00000000000000d0                __UCA1CTL0 = 0xd0
                0x00000000000000d1                __UCA1CTL1 = 0xd1
                0x00000000000000d2                __UCA1BR0 = 0xd2
                0x00000000000000d3                __UCA1BR1 = 0xd3
                0x00000000000000d4                __UCA1MCTL = 0xd4
                0x00000000000000d5                __UCA1STAT = 0xd5
                0x00000000000000d6                __UCA1RXBUF = 0xd6
                0x00000000000000d7                __UCA1TXBUF = 0xd7
                0x00000000000000cd                __UCA1ABCTL = 0xcd
                0x00000000000000ce                __UCA1IRTCTL = 0xce
                0x00000000000000cf                __UCA1IRRCTL = 0xcf
                0x00000000000000d8                __UCB1CTL0 = 0xd8
                0x00000000000000d9                __UCB1CTL1 = 0xd9
                0x00000000000000da                __UCB1BR0 = 0xda
                0x00000000000000db                __UCB1BR1 = 0xdb
                0x00000000000000dc                __UCB1I2CIE = 0xdc
                0x00000000000000dd                __UCB1STAT = 0xdd
                0x00000000000000de                __UCB1RXBUF = 0xde
                0x00000000000000df                __UCB1TXBUF = 0xdf
                0x000000000000017c                __UCB1I2COA = 0x17c
                0x000000000000017e                __UCB1I2CSA = 0x17e
                0x0000000000000120                __WDTCTL = 0x120
                0x00000000000010c0                __TLV_CHECKSUM = 0x10c0
                0x00000000000010f6                __TLV_DCO_30_TAG = 0x10f6
                0x00000000000010f7                __TLV_DCO_30_LEN = 0x10f7
                0x00000000000010da                __TLV_ADC12_1_TAG = 0x10da
                0x00000000000010db                __TLV_ADC12_1_LEN = 0x10db
                0x00000000000010f8                __CALDCO_16MHZ = 0x10f8
                0x00000000000010f9                __CALBC1_16MHZ = 0x10f9
                0x00000000000010fa                __CALDCO_12MHZ = 0x10fa
                0x00000000000010fb                __CALBC1_12MHZ = 0x10fb
                0x00000000000010fc                __CALDCO_8MHZ = 0x10fc
                0x00000000000010fd                __CALBC1_8MHZ = 0x10fd
                0x00000000000010fe                __CALDCO_1MHZ = 0x10fe
                0x00000000000010ff                __CALBC1_1MHZ = 0x10ff

.hash
 *(.hash)

.dynsym
 *(.dynsym)

.dynstr
 *(.dynstr)

.gnu.version
 *(.gnu.version)

.gnu.version_d
 *(.gnu.version_d)

.gnu.version_r
 *(.gnu.version_r)

.rel.init
 *(.rel.init)

.rela.init
 *(.rela.init)

.rel.fini
 *(.rel.fini)

.rela.fini
 *(.rela.fini)

.rel.text
 *(.rel.text .rel.text.* .rel.gnu.linkonce.t.*)

.rela.text
 *(.rela.text .rela.text.* .rela.gnu.linkonce.t.*)

.rel.rodata
 *(.rel.rodata .rel.rodata.* .rel.gnu.linkonce.r.*)

.rela.rodata
 *(.rela.rodata .rela.rodata.* .rela.gnu.linkonce.r.*)

.rel.data
 *(.rel.data .rel.data.* .rel.gnu.linkonce.d.*)

.rela.data
 *(.rela.data .rela.data.* .rela.gnu.linkonce.d.*)

.rel.bss
 *(.rel.bss .rel.bss.* .rel.gnu.linkonce.b.*)

.rela.bss
 *(.rela.bss .rela.bss.* .rela.gnu.linkonce.b.*)

.rel.ctors
 *(.rel.ctors)

.rela.ctors
 *(.rela.ctors)

.rel.dtors
 *(.rel.dtors)

.rela.dtors
 *(.rela.dtors)

.rel.got
 *(.rel.got)

.rela.got
 *(.rela.got)

.rel.plt
 *(.rel.plt)

.rela.plt
 *(.rela.plt)

.text           0x0000000000003100     0xc5fc
                0x0000000000003100                . = ALIGN (0x2)
 *(.init .init.*)
 *(.init0)
 .init0         0x0000000000003100        0x0 /usr/lib/gcc/msp430/4.6.3/mcpu-430x/mmpy-16/libcrt0.a(_reset_vector__.o)
                0x0000000000003100                _reset_vector__
 *(.init1)
 .init1         0x0000000000003100        0xc /usr/lib/gcc/msp430/4.6.3/mcpu-430x/mmpy-16/libcrt0.a(__watchdog_support.o)
                0x0000000000003100                __watchdog_support
 *(.init2)
 .init2         0x000000000000310c        0x4 /usr/lib/gcc/msp430/4.6.3/mcpu-430x/mmpy-16/libcrt0.a(__init_stack.o)
                0x000000000000310c                __init_stack
 *(.init3)
 .init3         0x0000000000003110        0x0 /usr/lib/gcc/msp430/4.6.3/mcpu-430x/mmpy-16/libcrt0.a(__low_level_init.o)
                0x0000000000003110                __low_level_init
 *(.init4)
 .init4         0x0000000000003110       0x18 /usr/lib/gcc/msp430/4.6.3/mcpu-430x/mmpy-16/libcrt0.a(_copy_data.o)
                0x0000000000003110                __do_copy_data
 .init4         0x0000000000003128       0x16 /usr/lib/gcc/msp430/4.6.3/mcpu-430x/mmpy-16/libcrt0.a(_clear_bss.o)
                0x0000000000003128                __do_clear_bss
 *(.init5)
 *(.init6)
 *(.init7)
 *(.init8)
 *(.init9)
 .init9         0x000000000000313e      0x350 obj_z1/contiki-z1-main.o
                0x000000000000313e                main
 *(.fini9)
 .fini9         0x000000000000348e        0x0 /usr/lib/gcc/msp430/4.6.3/mcpu-430x/mmpy-16/libcrt0.a(__stop_progExec__.o)
                0x000000000000348e                __stop_progExec__
 *(.fini8)
 *(.fini7)
 *(.fini6)
 *(.fini5)
 *(.fini4)
 *(.fini3)
 *(.fini2)
 *(.fini1)
 *(.fini0)
 .fini0         0x000000000000348e        0x6 /usr/lib/gcc/msp430/4.6.3/mcpu-430x/mmpy-16/libcrt0.a(_endless_loop__.o)
                0x000000000000348e                _endless_loop__
 *(.fini .fini.*)
                0x0000000000003494                . = ALIGN (0x2)
                0x0000000000003494                __ctors_start = .
 *(.ctors)
                0x0000000000003494                __ctors_end = .
                0x0000000000003494                __dtors_start = .
 *(.dtors)
                0x0000000000003494                __dtors_end = .
                0x0000000000003494                . = ALIGN (0x2)
 *(.text .text.* .gnu.linkonce.t.*)
 .text          0x0000000000003494        0x4 /usr/lib/gcc/msp430/4.6.3/mcpu-430x/mmpy-16/crt0ivtbl32.o
                0x0000000000003494                __isr_14
                0x0000000000003494                __isr_4
                0x0000000000003494                __isr_29
                0x0000000000003494                __isr_11
                0x0000000000003494                __isr_5
                0x0000000000003494                __isr_2
                0x0000000000003494                __isr_10
                0x0000000000003494                __isr_7
                0x0000000000003494                __isr_0
                0x0000000000003494                __isr_28
                0x0000000000003494                __isr_8
                0x0000000000003494                __isr_20
                0x0000000000003494                __isr_3
                0x0000000000003494                __isr_12
                0x0000000000003494                __isr_13
                0x0000000000003494                __isr_27
                0x0000000000003494                __isr_9
                0x0000000000003494                __isr_30
                0x0000000000003494                __isr_6
                0x0000000000003494                __isr_22
                0x0000000000003494                __isr_1
                0x0000000000003494                __isr_15
                0x0000000000003494                __isr_21
 .text.res_event_get_handler
                0x0000000000003498       0xba ex1.co
                0x0000000000003498                res_event_get_handler
 .text.json_iterate_to
                0x0000000000003552       0x9e ex1.co
                0x0000000000003552                json_iterate_to
 .text.json_get_int
                0x00000000000035f0       0x2e ex1.co
                0x00000000000035f0                json_get_int
 .text.check_resource_changed
                0x000000000000361e       0x34 ex1.co
                0x000000000000361e                check_resource_changed
 .text.state_step
                0x0000000000003652       0x50 ex1.co
                0x0000000000003652                state_step
 .text.process_thread_server
                0x00000000000036a2       0x5e ex1.co
 .text.jparse_and_store
                0x0000000000003700       0x64 ex1.co
                0x0000000000003700                jparse_and_store
 .text.res_event_post_handler
                0x0000000000003764       0xa2 ex1.co
                0x0000000000003764                res_event_post_handler
 .text.coap_set_service_callback
                0x0000000000003806        0x6 contiki-z1.a(er-coap-engine.)
                0x0000000000003806                coap_set_service_callback
 .text.coap_get_rest_method
                0x000000000000380c       0x1a contiki-z1.a(er-coap-engine.)
                0x000000000000380c                coap_get_rest_method
 .text.process_thread_coap_engine
                0x0000000000003826      0x3fa contiki-z1.a(er-coap-engine.)
 .text.coap_init_engine
                0x0000000000003c20        0xc contiki-z1.a(er-coap-engine.)
                0x0000000000003c20                coap_init_engine
 .text.coap_register_as_transaction_handler
                0x0000000000003c2c        0x8 contiki-z1.a(er-coap-transac)
                0x0000000000003c2c                coap_register_as_transaction_handler
 .text.coap_new_transaction
                0x0000000000003c34       0x46 contiki-z1.a(er-coap-transac)
                0x0000000000003c34                coap_new_transaction
 .text.coap_clear_transaction
                0x0000000000003c7a       0x26 contiki-z1.a(er-coap-transac)
                0x0000000000003c7a                coap_clear_transaction
 .text.coap_send_transaction
                0x0000000000003ca0       0xb0 contiki-z1.a(er-coap-transac)
                0x0000000000003ca0                coap_send_transaction
 .text.coap_get_transaction_by_mid
                0x0000000000003d50       0x1e contiki-z1.a(er-coap-transac)
                0x0000000000003d50                coap_get_transaction_by_mid
 .text.coap_check_transactions
                0x0000000000003d6e       0x2e contiki-z1.a(er-coap-transac)
                0x0000000000003d6e                coap_check_transactions
 .text.coap_remove_observer
                0x0000000000003d9c       0x1c contiki-z1.a(er-coap-observe)
                0x0000000000003d9c                coap_remove_observer
 .text.coap_remove_observer_by_client
                0x0000000000003db8       0x42 contiki-z1.a(er-coap-observe)
                0x0000000000003db8                coap_remove_observer_by_client
 .text.coap_remove_observer_by_token
                0x0000000000003dfa       0x60 contiki-z1.a(er-coap-observe)
                0x0000000000003dfa                coap_remove_observer_by_token
 .text.coap_remove_observer_by_uri
                0x0000000000003e5a       0x6c contiki-z1.a(er-coap-observe)
                0x0000000000003e5a                coap_remove_observer_by_uri
 .text.coap_remove_observer_by_mid
                0x0000000000003ec6       0x4a contiki-z1.a(er-coap-observe)
                0x0000000000003ec6                coap_remove_observer_by_mid
 .text.coap_notify_observers_sub
                0x0000000000003f10      0x19e contiki-z1.a(er-coap-observe)
                0x0000000000003f10                coap_notify_observers_sub
 .text.coap_notify_observers
                0x00000000000040ae        0x8 contiki-z1.a(er-coap-observe)
                0x00000000000040ae                coap_notify_observers
 .text.coap_observe_handler
                0x00000000000040b6      0x122 contiki-z1.a(er-coap-observe)
                0x00000000000040b6                coap_observe_handler
 .text.well_known_core_get_handler
                0x00000000000041d8      0x27e contiki-z1.a(er-coap-res-wel)
                0x00000000000041d8                well_known_core_get_handler
 .text.process_thread_rest_engine_process
                0x0000000000004456       0xb8 contiki-z1.a(rest-engine.o)
 .text.rest_invoke_restful_service
                0x000000000000450e       0xee contiki-z1.a(rest-engine.o)
                0x000000000000450e                rest_invoke_restful_service
 .text.rest_init_engine
                0x00000000000045fc       0x2a contiki-z1.a(rest-engine.o)
                0x00000000000045fc                rest_init_engine
 .text.rest_activate_resource
                0x0000000000004626       0x68 contiki-z1.a(rest-engine.o)
                0x0000000000004626                rest_activate_resource
 .text.rest_get_resources
                0x000000000000468e        0x6 contiki-z1.a(rest-engine.o)
                0x000000000000468e                rest_get_resources
 .text.init_platform
                0x0000000000004694        0xc contiki-z1.a(contiki-z1-plat)
                0x0000000000004694                init_platform
 .text.msp430_init_dco
                0x00000000000046a0       0x28 contiki-z1.a(msp430.o)
                0x00000000000046a0                msp430_init_dco
 .text.splhigh_
                0x00000000000046c8        0x8 contiki-z1.a(msp430.o)
                0x00000000000046c8                splhigh_
 .text.msp430_sync_dco
                0x00000000000046d0       0x72 contiki-z1.a(msp430.o)
                0x00000000000046d0                msp430_sync_dco
 .text.msp430_cpu_init
                0x0000000000004742       0x2e contiki-z1.a(msp430.o)
                0x0000000000004742                msp430_cpu_init
 .text.show_leds
                0x0000000000004770       0xee contiki-z1.a(leds.o)
 .text.leds_init
                0x000000000000485e        0xa contiki-z1.a(leds.o)
                0x000000000000485e                leds_init
 .text.leds_on  0x0000000000004868        0xa contiki-z1.a(leds.o)
                0x0000000000004868                leds_on
 .text.leds_off
                0x0000000000004872        0xe contiki-z1.a(leds.o)
                0x0000000000004872                leds_off
 .text.watchdog_stop
                0x0000000000004880       0x16 contiki-z1.a(watchdog.o)
                0x0000000000004880                watchdog_stop
 .text.watchdog_reboot
                0x0000000000004896        0x6 contiki-z1.a(watchdog.o)
                0x0000000000004896                watchdog_reboot
 .text.watchdog_interrupt
                0x000000000000489c       0x12 contiki-z1.a(watchdog.o)
                0x000000000000489c                __isr_26
                0x000000000000489c                watchdog_interrupt
 .text.watchdog_init
                0x00000000000048ae       0x14 contiki-z1.a(watchdog.o)
                0x00000000000048ae                watchdog_init
 .text.watchdog_start
                0x00000000000048c2       0x14 contiki-z1.a(watchdog.o)
                0x00000000000048c2                watchdog_start
 .text.watchdog_periodic
                0x00000000000048d6       0x12 contiki-z1.a(watchdog.o)
                0x00000000000048d6                watchdog_periodic
 .text.wait_ready
                0x00000000000048e8       0x4e contiki-z1.a(xmem.o)
 .text.xmem_init
                0x0000000000004936       0x1e contiki-z1.a(xmem.o)
                0x0000000000004936                xmem_init
 .text.xmem_pread
                0x0000000000004954       0xd0 contiki-z1.a(xmem.o)
                0x0000000000004954                xmem_pread
 .text.spi_init
                0x0000000000004a24       0x38 contiki-z1.a(spi.o)
                0x0000000000004a24                spi_init
 .text.get_object
                0x0000000000004a5c        0x4 contiki-z1.a(cc2420.o)
 .text.set_object
                0x0000000000004a60        0x4 contiki-z1.a(cc2420.o)
 .text.strobe   0x0000000000004a64       0x20 contiki-z1.a(cc2420.o)
 .text.getreg   0x0000000000004a84       0x50 contiki-z1.a(cc2420.o)
 .text.setreg   0x0000000000004ad4       0x52 contiki-z1.a(cc2420.o)
 .text.write_ram
                0x0000000000004b26       0x7e contiki-z1.a(cc2420.o)
 .text.write_fifo_buf
                0x0000000000004ba4       0x40 contiki-z1.a(cc2420.o)
 .text.get_status
                0x0000000000004be4       0x24 contiki-z1.a(cc2420.o)
 .text.set_txpower
                0x0000000000004c08       0x26 contiki-z1.a(cc2420.o)
 .text.cc2420_receiving_packet
                0x0000000000004c2e        0xe contiki-z1.a(cc2420.o)
 .text.pending_packet
                0x0000000000004c3c        0xe contiki-z1.a(cc2420.o)
 .text.on       0x0000000000004c4a       0x26 contiki-z1.a(cc2420.o)
 .text.wait_for_transmission
                0x0000000000004c70       0x22 contiki-z1.a(cc2420.o)
 .text.wait_for_status
                0x0000000000004c92       0x26 contiki-z1.a(cc2420.o)
 .text.getrxdata
                0x0000000000004cb8       0x54 contiki-z1.a(cc2420.o)
 .text.flushrx  0x0000000000004d0c       0x1a contiki-z1.a(cc2420.o)
 .text.off      0x0000000000004d26       0x5e contiki-z1.a(cc2420.o)
 .text.RELEASE_LOCK
                0x0000000000004d84       0x28 contiki-z1.a(cc2420.o)
 .text.set_key  0x0000000000004dac       0x18 contiki-z1.a(cc2420.o)
 .text.set_frame_filtering
                0x0000000000004dc4       0x30 contiki-z1.a(cc2420.o)
 .text.set_auto_ack
                0x0000000000004df4       0x30 contiki-z1.a(cc2420.o)
 .text.set_poll_mode
                0x0000000000004e24       0x36 contiki-z1.a(cc2420.o)
 .text.cc2420_prepare
                0x0000000000004e5a       0x38 contiki-z1.a(cc2420.o)
 .text.cc2420_on
                0x0000000000004e92       0x22 contiki-z1.a(cc2420.o)
                0x0000000000004e92                cc2420_on
 .text.cc2420_off
                0x0000000000004eb4       0x30 contiki-z1.a(cc2420.o)
                0x0000000000004eb4                cc2420_off
 .text.cc2420_cca
                0x0000000000004ee4       0x5a contiki-z1.a(cc2420.o)
 .text.cc2420_read
                0x0000000000004f3e       0xbc contiki-z1.a(cc2420.o)
 .text.process_thread_cc2420_process
                0x0000000000004ffa       0x58 contiki-z1.a(cc2420.o)
 .text.encrypt  0x0000000000005052       0x8c contiki-z1.a(cc2420.o)
 .text.cc2420_set_channel
                0x00000000000050de       0x3a contiki-z1.a(cc2420.o)
                0x00000000000050de                cc2420_set_channel
 .text.cc2420_set_pan_addr
                0x0000000000005118       0x4c contiki-z1.a(cc2420.o)
                0x0000000000005118                cc2420_set_pan_addr
 .text.cc2420_interrupt
                0x0000000000005164       0x18 contiki-z1.a(cc2420.o)
                0x0000000000005164                cc2420_interrupt
 .text.cc2420_set_txpower
                0x000000000000517c        0xe contiki-z1.a(cc2420.o)
                0x000000000000517c                cc2420_set_txpower
 .text.cc2420_get_txpower
                0x000000000000518a       0x1e contiki-z1.a(cc2420.o)
                0x000000000000518a                cc2420_get_txpower
 .text.cc2420_transmit
                0x00000000000051a8      0x10c contiki-z1.a(cc2420.o)
 .text.cc2420_send
                0x00000000000052b4       0x12 contiki-z1.a(cc2420.o)
 .text.cc2420_rssi
                0x00000000000052c6       0x48 contiki-z1.a(cc2420.o)
                0x00000000000052c6                cc2420_rssi
 .text.get_value
                0x000000000000530e      0x102 contiki-z1.a(cc2420.o)
 .text.cc2420_set_cca_threshold
                0x0000000000005410       0x16 contiki-z1.a(cc2420.o)
                0x0000000000005410                cc2420_set_cca_threshold
 .text.set_value
                0x0000000000005426       0xb4 contiki-z1.a(cc2420.o)
 .text.cc2420_init
                0x00000000000054da       0xf0 contiki-z1.a(cc2420.o)
                0x00000000000054da                cc2420_init
 .text.cc2420_arch_init
                0x00000000000055ca       0x1a contiki-z1.a(cc2420-arch.o)
                0x00000000000055ca                cc2420_arch_init
 .text.node_id_restore
                0x00000000000055e4       0x4c contiki-z1.a(node-id.o)
                0x00000000000055e4                node_id_restore
 .text.process_thread_sensors_process
                0x0000000000005630       0xbe contiki-z1.a(sensors.o)
 .text.sensors_changed
                0x00000000000056ee       0x2a contiki-z1.a(sensors.o)
                0x00000000000056ee                sensors_changed
 .text.uart0_active
                0x0000000000005718        0xe contiki-z1.a(uart0.o)
                0x0000000000005718                uart0_active
 .text.uart0_writeb
                0x0000000000005726       0x18 contiki-z1.a(uart0.o)
                0x0000000000005726                uart0_writeb
 .text.uart0_init
                0x000000000000573e       0x54 contiki-z1.a(uart0.o)
                0x000000000000573e                uart0_init
 .text.uart0_rx_interrupt
                0x0000000000005792       0x66 contiki-z1.a(uart0.o)
                0x0000000000005792                __isr_23
                0x0000000000005792                uart0_rx_interrupt
 .text.putchar  0x00000000000057f8       0x10 contiki-z1.a(uart0-putchar.o)
                0x00000000000057f8                putchar
 .text.status   0x0000000000005808       0x12 contiki-z1.a(adxl345.o)
 .text.accm_write_reg
                0x000000000000581a       0x2e contiki-z1.a(adxl345.o)
 .text.accm_write_stream
                0x0000000000005848       0x2a contiki-z1.a(adxl345.o)
 .text.accm_read_reg
                0x0000000000005872       0x54 contiki-z1.a(adxl345.o)
 .text.process_thread_accmeter_process
                0x00000000000058c6       0x56 contiki-z1.a(adxl345.o)
 .text.accm_read_axis
                0x000000000000591c       0x66 contiki-z1.a(adxl345.o)
                0x000000000000591c                accm_read_axis
 .text.value    0x0000000000005982       0x20 contiki-z1.a(adxl345.o)
 .text.accm_init
                0x00000000000059a2       0x76 contiki-z1.a(adxl345.o)
                0x00000000000059a2                accm_init
 .text.accm_stop
                0x0000000000005a18       0x32 contiki-z1.a(adxl345.o)
                0x0000000000005a18                accm_stop
 .text.configure
                0x0000000000005a4a       0x26 contiki-z1.a(adxl345.o)
 .text.port1_isr
                0x0000000000005a70       0xc4 contiki-z1.a(adxl345.o)
                0x0000000000005a70                port1_isr
                0x0000000000005a70                __isr_18
 .text.status   0x0000000000005b34       0x12 contiki-z1.a(tmp102.o)
 .text.tmp102_init
                0x0000000000005b46       0x24 contiki-z1.a(tmp102.o)
                0x0000000000005b46                tmp102_init
 .text.tmp102_stop
                0x0000000000005b6a        0xc contiki-z1.a(tmp102.o)
                0x0000000000005b6a                tmp102_stop
 .text.configure
                0x0000000000005b76       0x26 contiki-z1.a(tmp102.o)
 .text.tmp102_read_reg
                0x0000000000005b9c       0x60 contiki-z1.a(tmp102.o)
                0x0000000000005b9c                tmp102_read_reg
 .text.tmp102_read_temp_x100
                0x0000000000005bfc       0x56 contiki-z1.a(tmp102.o)
                0x0000000000005bfc                tmp102_read_temp_x100
 .text.value    0x0000000000005c52        0x6 contiki-z1.a(tmp102.o)
 .text.timera1  0x0000000000005c58      0x10a contiki-z1.a(clock.o)
                0x0000000000005c58                __isr_24
                0x0000000000005c58                timera1
 .text.clock_time
                0x0000000000005d62       0x1a contiki-z1.a(clock.o)
                0x0000000000005d62                clock_time
 .text.clock_init
                0x0000000000005d7c       0x28 contiki-z1.a(clock.o)
                0x0000000000005d7c                clock_init
 .text.clock_delay
                0x0000000000005da4        0xc contiki-z1.a(clock.o)
                0x0000000000005da4                clock_delay
 .text.clock_wait
                0x0000000000005db0       0x28 contiki-z1.a(clock.o)
                0x0000000000005db0                clock_wait
 .text.clock_seconds
                0x0000000000005dd8       0x1a contiki-z1.a(clock.o)
                0x0000000000005dd8                clock_seconds
 .text.leds_arch_init
                0x0000000000005df2        0xe contiki-z1.a(leds-arch.o)
                0x0000000000005df2                leds_arch_init
 .text.leds_arch_set
                0x0000000000005e00       0x3a contiki-z1.a(leds-arch.o)
                0x0000000000005e00                leds_arch_set
 .text.rtimer_arch_init
                0x0000000000005e3a        0xe contiki-z1.a(rtimer-arch.o)
                0x0000000000005e3a                rtimer_arch_init
 .text.rtimer_arch_now
                0x0000000000005e48        0xe contiki-z1.a(rtimer-arch.o)
                0x0000000000005e48                rtimer_arch_now
 .text.timera0  0x0000000000005e56       0x5c contiki-z1.a(rtimer-arch.o)
                0x0000000000005e56                __isr_25
                0x0000000000005e56                timera0
 .text.rtimer_arch_schedule
                0x0000000000005eb2        0x6 contiki-z1.a(rtimer-arch.o)
                0x0000000000005eb2                rtimer_arch_schedule
 .text.autostart_start
                0x0000000000005eb8       0x16 contiki-z1.a(autostart.o)
                0x0000000000005eb8                autostart_start
 .text.process_thread_ctimer_process
                0x0000000000005ece       0x9c contiki-z1.a(ctimer.o)
 .text.ctimer_init
                0x0000000000005f6a       0x18 contiki-z1.a(ctimer.o)
                0x0000000000005f6a                ctimer_init
 .text.ctimer_set_with_process
                0x0000000000005f82       0x4e contiki-z1.a(ctimer.o)
                0x0000000000005f82                ctimer_set_with_process
 .text.ctimer_set
                0x0000000000005fd0       0x10 contiki-z1.a(ctimer.o)
                0x0000000000005fd0                ctimer_set
 .text.ctimer_reset
                0x0000000000005fe0       0x2c contiki-z1.a(ctimer.o)
                0x0000000000005fe0                ctimer_reset
 .text.ctimer_restart
                0x000000000000600c       0x2c contiki-z1.a(ctimer.o)
                0x000000000000600c                ctimer_restart
 .text.ctimer_stop
                0x0000000000006038       0x28 contiki-z1.a(ctimer.o)
                0x0000000000006038                ctimer_stop
 .text.energest_init
                0x0000000000006060       0x28 contiki-z1.a(energest.o)
                0x0000000000006060                energest_init
 .text.energest_type_time
                0x0000000000006088       0x3c contiki-z1.a(energest.o)
                0x0000000000006088                energest_type_time
 .text.energest_type_set
                0x00000000000060c4        0xc contiki-z1.a(energest.o)
                0x00000000000060c4                energest_type_set
 .text.energest_flush
                0x00000000000060d0       0x38 contiki-z1.a(energest.o)
                0x00000000000060d0                energest_flush
 .text.update_time
                0x0000000000006108       0x70 contiki-z1.a(etimer.o)
 .text.etimer_request_poll
                0x0000000000006178        0xa contiki-z1.a(etimer.o)
                0x0000000000006178                etimer_request_poll
 .text.process_thread_etimer_process
                0x0000000000006182       0xc0 contiki-z1.a(etimer.o)
 .text.add_timer
                0x0000000000006242       0x40 contiki-z1.a(etimer.o)
 .text.etimer_set
                0x0000000000006282       0x12 contiki-z1.a(etimer.o)
                0x0000000000006282                etimer_set
 .text.etimer_reset
                0x0000000000006294       0x12 contiki-z1.a(etimer.o)
                0x0000000000006294                etimer_reset
 .text.etimer_restart
                0x00000000000062a6       0x12 contiki-z1.a(etimer.o)
                0x00000000000062a6                etimer_restart
 .text.etimer_expired
                0x00000000000062b8        0xe contiki-z1.a(etimer.o)
                0x00000000000062b8                etimer_expired
 .text.etimer_expiration_time
                0x00000000000062c6       0x14 contiki-z1.a(etimer.o)
                0x00000000000062c6                etimer_expiration_time
 .text.etimer_pending
                0x00000000000062da        0xc contiki-z1.a(etimer.o)
                0x00000000000062da                etimer_pending
 .text.etimer_next_expiration_time
                0x00000000000062e6       0x16 contiki-z1.a(etimer.o)
                0x00000000000062e6                etimer_next_expiration_time
 .text.etimer_stop
                0x00000000000062fc       0x3c contiki-z1.a(etimer.o)
                0x00000000000062fc                etimer_stop
 .text.call_process
                0x0000000000006338       0x46 contiki-z1.a(process.o)
 .text.exit_process
                0x000000000000637e       0x8a contiki-z1.a(process.o)
 .text.do_poll  0x0000000000006408       0x30 contiki-z1.a(process.o)
 .text.process_alloc_event
                0x0000000000006438        0xe contiki-z1.a(process.o)
                0x0000000000006438                process_alloc_event
 .text.process_init
                0x0000000000006446       0x1c contiki-z1.a(process.o)
                0x0000000000006446                process_init
 .text.process_run
                0x0000000000006462       0x8c contiki-z1.a(process.o)
                0x0000000000006462                process_run
 .text.process_nevents
                0x00000000000064ee        0xe contiki-z1.a(process.o)
                0x00000000000064ee                process_nevents
 .text.process_post
                0x00000000000064fc       0x4a contiki-z1.a(process.o)
                0x00000000000064fc                process_post
 .text.process_post_synch
                0x0000000000006546       0x12 contiki-z1.a(process.o)
                0x0000000000006546                process_post_synch
 .text.process_start
                0x0000000000006558       0x32 contiki-z1.a(process.o)
                0x0000000000006558                process_start
 .text.process_poll
                0x000000000000658a       0x18 contiki-z1.a(process.o)
                0x000000000000658a                process_poll
 .text.process_is_running
                0x00000000000065a2        0xe contiki-z1.a(process.o)
                0x00000000000065a2                process_is_running
 .text.rtimer_init
                0x00000000000065b0        0x6 contiki-z1.a(rtimer.o)
                0x00000000000065b0                rtimer_init
 .text.rtimer_run_next
                0x00000000000065b6       0x26 contiki-z1.a(rtimer.o)
                0x00000000000065b6                rtimer_run_next
 .text.timer_set
                0x00000000000065dc       0x1c contiki-z1.a(timer.o)
                0x00000000000065dc                timer_set
 .text.timer_reset
                0x00000000000065f8        0xe contiki-z1.a(timer.o)
                0x00000000000065f8                timer_reset
 .text.timer_restart
                0x0000000000006606       0x14 contiki-z1.a(timer.o)
                0x0000000000006606                timer_restart
 .text.timer_expired
                0x000000000000661a       0x2a contiki-z1.a(timer.o)
                0x000000000000661a                timer_expired
 .text.list_init
                0x0000000000006644        0x6 contiki-z1.a(list.o)
                0x0000000000006644                list_init
 .text.list_head
                0x000000000000664a        0x4 contiki-z1.a(list.o)
                0x000000000000664a                list_head
 .text.list_tail
                0x000000000000664e       0x12 contiki-z1.a(list.o)
                0x000000000000664e                list_tail
 .text.list_remove
                0x0000000000006660       0x34 contiki-z1.a(list.o)
                0x0000000000006660                list_remove
 .text.list_push
                0x0000000000006694       0x16 contiki-z1.a(list.o)
                0x0000000000006694                list_push
 .text.list_add
                0x00000000000066aa       0x26 contiki-z1.a(list.o)
                0x00000000000066aa                list_add
 .text.list_length
                0x00000000000066d0       0x10 contiki-z1.a(list.o)
                0x00000000000066d0                list_length
 .text.list_item_next
                0x00000000000066e0        0xc contiki-z1.a(list.o)
                0x00000000000066e0                list_item_next
 .text.memb_init
                0x00000000000066ec       0x36 contiki-z1.a(memb.o)
                0x00000000000066ec                memb_init
 .text.memb_alloc
                0x0000000000006722       0x3e contiki-z1.a(memb.o)
                0x0000000000006722                memb_alloc
 .text.memb_free
                0x0000000000006760       0x3a contiki-z1.a(memb.o)
                0x0000000000006760                memb_free
 .text.memb_inmemb
                0x000000000000679a       0x2e contiki-z1.a(memb.o)
                0x000000000000679a                memb_inmemb
 .text.memb_numfree
                0x00000000000067c8       0x26 contiki-z1.a(memb.o)
                0x00000000000067c8                memb_numfree
 .text.random_init
                0x00000000000067ee        0x6 contiki-z1.a(random.o)
                0x00000000000067ee                random_init
 .text.random_rand
                0x00000000000067f4        0x6 contiki-z1.a(random.o)
                0x00000000000067f4                random_rand
 .text.uip_ds6_list_loop
                0x00000000000067fa       0x66 contiki-z1.a(uip-ds6.o)
                0x00000000000067fa                uip_ds6_list_loop
 .text.uip_ds6_prefix_add
                0x0000000000006860       0x70 contiki-z1.a(uip-ds6.o)
                0x0000000000006860                uip_ds6_prefix_add
 .text.uip_ds6_is_addr_onlink
                0x00000000000068d0       0x42 contiki-z1.a(uip-ds6.o)
                0x00000000000068d0                uip_ds6_is_addr_onlink
 .text.uip_ds6_addr_lookup
                0x0000000000006912       0x2a contiki-z1.a(uip-ds6.o)
                0x0000000000006912                uip_ds6_addr_lookup
 .text.uip_ds6_get_link_local
                0x000000000000693c       0x3e contiki-z1.a(uip-ds6.o)
                0x000000000000693c                uip_ds6_get_link_local
 .text.uip_ds6_maddr_add
                0x000000000000697a       0x48 contiki-z1.a(uip-ds6.o)
                0x000000000000697a                uip_ds6_maddr_add
 .text.uip_ds6_addr_add
                0x00000000000069c2       0xb4 contiki-z1.a(uip-ds6.o)
                0x00000000000069c2                uip_ds6_addr_add
 .text.uip_ds6_maddr_lookup
                0x0000000000006a76       0x2a contiki-z1.a(uip-ds6.o)
                0x0000000000006a76                uip_ds6_maddr_lookup
 .text.uip_ds6_addr_rm
                0x0000000000006aa0       0x54 contiki-z1.a(uip-ds6.o)
                0x0000000000006aa0                uip_ds6_addr_rm
 .text.uip_ds6_periodic
                0x0000000000006af4       0x46 contiki-z1.a(uip-ds6.o)
                0x0000000000006af4                uip_ds6_periodic
 .text.uip_ds6_set_addr_iid
                0x0000000000006b3a       0x14 contiki-z1.a(uip-ds6.o)
                0x0000000000006b3a                uip_ds6_set_addr_iid
 .text.get_match_length
                0x0000000000006b4e       0x3a contiki-z1.a(uip-ds6.o)
                0x0000000000006b4e                get_match_length
 .text.uip_ds6_select_src
                0x0000000000006b88       0x9a contiki-z1.a(uip-ds6.o)
                0x0000000000006b88                uip_ds6_select_src
 .text.uip_ds6_compute_reachable_time
                0x0000000000006c22       0x36 contiki-z1.a(uip-ds6.o)
                0x0000000000006c22                uip_ds6_compute_reachable_time
 .text.uip_ds6_init
                0x0000000000006c58      0x138 contiki-z1.a(uip-ds6.o)
                0x0000000000006c58                uip_ds6_init
 .text.call_route_callback
                0x0000000000006d90       0x40 contiki-z1.a(uip-ds6-route.o)
 .text.uip_ds6_route_init
                0x0000000000006dd0       0x36 contiki-z1.a(uip-ds6-route.o)
                0x0000000000006dd0                uip_ds6_route_init
 .text.uip_ds6_route_nexthop
                0x0000000000006e06       0x1a contiki-z1.a(uip-ds6-route.o)
                0x0000000000006e06                uip_ds6_route_nexthop
 .text.uip_ds6_route_head
                0x0000000000006e20        0xa contiki-z1.a(uip-ds6-route.o)
                0x0000000000006e20                uip_ds6_route_head
 .text.uip_ds6_route_next
                0x0000000000006e2a        0xe contiki-z1.a(uip-ds6-route.o)
                0x0000000000006e2a                uip_ds6_route_next
 .text.uip_ds6_route_is_nexthop
                0x0000000000006e38       0x1e contiki-z1.a(uip-ds6-route.o)
                0x0000000000006e38                uip_ds6_route_is_nexthop
 .text.uip_ds6_route_lookup
                0x0000000000006e56       0x6e contiki-z1.a(uip-ds6-route.o)
                0x0000000000006e56                uip_ds6_route_lookup
 .text.uip_ds6_route_rm
                0x0000000000006ec4       0xa0 contiki-z1.a(uip-ds6-route.o)
                0x0000000000006ec4                uip_ds6_route_rm
 .text.rm_routelist
                0x0000000000006f64       0x34 contiki-z1.a(uip-ds6-route.o)
 .text.rm_routelist_callback
                0x0000000000006f98        0x6 contiki-z1.a(uip-ds6-route.o)
 .text.uip_ds6_route_add
                0x0000000000006f9e       0xfc contiki-z1.a(uip-ds6-route.o)
                0x0000000000006f9e                uip_ds6_route_add
 .text.uip_ds6_defrt_rm
                0x000000000000709a       0x44 contiki-z1.a(uip-ds6-route.o)
                0x000000000000709a                uip_ds6_defrt_rm
 .text.uip_ds6_defrt_lookup
                0x00000000000070de       0x32 contiki-z1.a(uip-ds6-route.o)
                0x00000000000070de                uip_ds6_defrt_lookup
 .text.uip_ds6_defrt_add
                0x0000000000007110       0x68 contiki-z1.a(uip-ds6-route.o)
                0x0000000000007110                uip_ds6_defrt_add
 .text.uip_ds6_defrt_choose
                0x0000000000007178       0x36 contiki-z1.a(uip-ds6-route.o)
                0x0000000000007178                uip_ds6_defrt_choose
 .text.uip_ds6_defrt_periodic
                0x00000000000071ae       0x38 contiki-z1.a(uip-ds6-route.o)
                0x00000000000071ae                uip_ds6_defrt_periodic
 .text.chksum   0x00000000000071e6       0x32 contiki-z1.a(uip6.o)
 .text.upper_layer_chksum
                0x0000000000007218       0x56 contiki-z1.a(uip6.o)
 .text.ext_hdr_options_process
                0x000000000000726e       0xcc contiki-z1.a(uip6.o)
 .text.uip_icmp6chksum
                0x000000000000733a        0xa contiki-z1.a(uip6.o)
                0x000000000000733a                uip_icmp6chksum
 .text.uip_udpchksum
                0x0000000000007344        0xa contiki-z1.a(uip6.o)
                0x0000000000007344                uip_udpchksum
 .text.uip_init
                0x000000000000734e       0x26 contiki-z1.a(uip6.o)
                0x000000000000734e                uip_init
 .text.remove_ext_hdr
                0x0000000000007374       0x52 contiki-z1.a(uip6.o)
                0x0000000000007374                remove_ext_hdr
 .text.uip_udp_new
                0x00000000000073c6       0xa0 contiki-z1.a(uip6.o)
                0x00000000000073c6                uip_udp_new
 .text.uip_process
                0x0000000000007466      0x498 contiki-z1.a(uip6.o)
                0x0000000000007466                uip_process
 .text.uip_htonl
                0x00000000000078fe       0x2a contiki-z1.a(uip6.o)
                0x00000000000078fe                uip_htonl
 .text.uip_ds6_nbr_rm
                0x0000000000007928       0x1e contiki-z1.a(uip-ds6-nbr.o)
                0x0000000000007928                uip_ds6_nbr_rm
 .text.uip_ds6_neighbors_init
                0x0000000000007946       0x12 contiki-z1.a(uip-ds6-nbr.o)
                0x0000000000007946                uip_ds6_neighbors_init
 .text.uip_ds6_nbr_add
                0x0000000000007958       0x36 contiki-z1.a(uip-ds6-nbr.o)
                0x0000000000007958                uip_ds6_nbr_add
 .text.uip_ds6_nbr_get_ll
                0x000000000000798e        0xc contiki-z1.a(uip-ds6-nbr.o)
                0x000000000000798e                uip_ds6_nbr_get_ll
 .text.uip_ds6_nbr_lookup
                0x000000000000799a       0x3e contiki-z1.a(uip-ds6-nbr.o)
                0x000000000000799a                uip_ds6_nbr_lookup
 .text.uip_ds6_nbr_ll_lookup
                0x00000000000079d8        0xc contiki-z1.a(uip-ds6-nbr.o)
                0x00000000000079d8                uip_ds6_nbr_ll_lookup
 .text.uip_ds6_nbr_ipaddr_from_lladdr
                0x00000000000079e4        0x6 contiki-z1.a(uip-ds6-nbr.o)
                0x00000000000079e4                uip_ds6_nbr_ipaddr_from_lladdr
 .text.uip_ds6_nbr_lladdr_from_ipaddr
                0x00000000000079ea       0x12 contiki-z1.a(uip-ds6-nbr.o)
                0x00000000000079ea                uip_ds6_nbr_lladdr_from_ipaddr
 .text.uip_ds6_link_neighbor_callback
                0x00000000000079fc       0x32 contiki-z1.a(uip-ds6-nbr.o)
                0x00000000000079fc                uip_ds6_link_neighbor_callback
 .text.ns_input
                0x0000000000007a2e      0x262 contiki-z1.a(uip-nd6.o)
 .text.uip_nd6_init
                0x0000000000007c90        0xa contiki-z1.a(uip-nd6.o)
                0x0000000000007c90                uip_nd6_init
 .text.clear_fragments
                0x0000000000007c9a       0x3a contiki-z1.a(sicslowpan.o)
 .text.set_packet_attrs
                0x0000000000007cd4       0x44 contiki-z1.a(sicslowpan.o)
 .text.addr_context_lookup_by_number
                0x0000000000007d18       0x34 contiki-z1.a(sicslowpan.o)
 .text.compress_addr_64
                0x0000000000007d4c       0xaa contiki-z1.a(sicslowpan.o)
 .text.store_fragment
                0x0000000000007df6       0x6e contiki-z1.a(sicslowpan.o)
 .text.add_fragment
                0x0000000000007e64      0x162 contiki-z1.a(sicslowpan.o)
 .text.uncompress_addr
                0x0000000000007fc6       0x96 contiki-z1.a(sicslowpan.o)
 .text.input    0x000000000000805c      0x61a contiki-z1.a(sicslowpan.o)
 .text.sicslowpan_init
                0x0000000000008676       0x24 contiki-z1.a(sicslowpan.o)
                0x0000000000008676                sicslowpan_init
 .text.addr_context_lookup_by_prefix
                0x000000000000869a       0x4a contiki-z1.a(sicslowpan.o)
 .text.send_packet
                0x00000000000086e4       0x1a contiki-z1.a(sicslowpan.o)
 .text.output   0x00000000000086fe      0x68e contiki-z1.a(sicslowpan.o)
 .text.packet_sent
                0x0000000000008d8c       0x22 contiki-z1.a(sicslowpan.o)
 .text.tcpip_output
                0x0000000000008dae       0x10 contiki-z1.a(tcpip.o)
                0x0000000000008dae                tcpip_output
 .text.tcpip_set_outputfunc
                0x0000000000008dbe        0x6 contiki-z1.a(tcpip.o)
                0x0000000000008dbe                tcpip_set_outputfunc
 .text.udp_new  0x0000000000008dc4       0x1a contiki-z1.a(tcpip.o)
                0x0000000000008dc4                udp_new
 .text.tcpip_input
                0x0000000000008dde       0x16 contiki-z1.a(tcpip.o)
                0x0000000000008dde                tcpip_input
 .text.tcpip_ipv6_output
                0x0000000000008df4       0xc0 contiki-z1.a(tcpip.o)
                0x0000000000008df4                tcpip_ipv6_output
 .text.process_thread_tcpip_process
                0x0000000000008eb4       0xcc contiki-z1.a(tcpip.o)
 .text.tcpip_uipcall
                0x0000000000008f80       0x2a contiki-z1.a(tcpip.o)
                0x0000000000008f80                tcpip_uipcall
 .text.uip_debug_ipaddr_print
                0x0000000000008faa       0xba contiki-z1.a(uip-debug.o)
                0x0000000000008faa                uip_debug_ipaddr_print
 .text.lollipop_greater_than
                0x0000000000009064       0x44 contiki-z1.a(rpl-dag.o)
 .text.acceptable_rank
                0x00000000000090a8       0x44 contiki-z1.a(rpl-dag.o)
 .text.find_parent_any_dag_any_instance
                0x00000000000090ec       0x14 contiki-z1.a(rpl-dag.o)
 .text.rpl_set_preferred_parent
                0x0000000000009100       0x2c contiki-z1.a(rpl-dag.o)
 .text.set_ip_from_prefix
                0x000000000000912c       0x30 contiki-z1.a(rpl-dag.o)
 .text.check_prefix
                0x000000000000915c       0x70 contiki-z1.a(rpl-dag.o)
 .text.rpl_dag_init
                0x00000000000091cc        0xe contiki-z1.a(rpl-dag.o)
                0x00000000000091cc                rpl_dag_init
 .text.rpl_get_parent
                0x00000000000091da        0xc contiki-z1.a(rpl-dag.o)
                0x00000000000091da                rpl_get_parent
 .text.rpl_rank_via_parent
                0x00000000000091e6       0x2e contiki-z1.a(rpl-dag.o)
                0x00000000000091e6                rpl_rank_via_parent
 .text.rpl_get_parent_lladdr
                0x0000000000009214        0xc contiki-z1.a(rpl-dag.o)
                0x0000000000009214                rpl_get_parent_lladdr
 .text.rpl_get_parent_ipaddr
                0x0000000000009220        0xa contiki-z1.a(rpl-dag.o)
                0x0000000000009220                rpl_get_parent_ipaddr
 .text.rpl_get_parent_link_stats
                0x000000000000922a        0xa contiki-z1.a(rpl-dag.o)
                0x000000000000922a                rpl_get_parent_link_stats
 .text.rpl_parent_is_fresh
                0x0000000000009234        0xa contiki-z1.a(rpl-dag.o)
                0x0000000000009234                rpl_parent_is_fresh
 .text.best_parent
                0x000000000000923e       0x70 contiki-z1.a(rpl-dag.o)
 .text.rpl_parent_is_reachable
                0x00000000000092ae       0x46 contiki-z1.a(rpl-dag.o)
                0x00000000000092ae                rpl_parent_is_reachable
 .text.rpl_set_prefix
                0x00000000000092f4       0x74 contiki-z1.a(rpl-dag.o)
                0x00000000000092f4                rpl_set_prefix
 .text.rpl_set_default_route
                0x0000000000009368       0x3a contiki-z1.a(rpl-dag.o)
                0x0000000000009368                rpl_set_default_route
 .text.rpl_alloc_instance
                0x00000000000093a2       0x34 contiki-z1.a(rpl-dag.o)
                0x00000000000093a2                rpl_alloc_instance
 .text.rpl_add_parent
                0x00000000000093d6       0x3a contiki-z1.a(rpl-dag.o)
                0x00000000000093d6                rpl_add_parent
 .text.rpl_find_parent
                0x0000000000009410       0x18 contiki-z1.a(rpl-dag.o)
                0x0000000000009410                rpl_find_parent
 .text.rpl_find_parent_any_dag
                0x0000000000009428       0x20 contiki-z1.a(rpl-dag.o)
                0x0000000000009428                rpl_find_parent_any_dag
 .text.rpl_select_parent
                0x0000000000009448       0x62 contiki-z1.a(rpl-dag.o)
                0x0000000000009448                rpl_select_parent
 .text.rpl_select_dag
                0x00000000000094aa      0x16e contiki-z1.a(rpl-dag.o)
                0x00000000000094aa                rpl_select_dag
 .text.rpl_nullify_parent
                0x0000000000009618       0x5c contiki-z1.a(rpl-dag.o)
                0x0000000000009618                rpl_nullify_parent
 .text.rpl_remove_parent
                0x0000000000009674       0x16 contiki-z1.a(rpl-dag.o)
                0x0000000000009674                rpl_remove_parent
 .text.nbr_callback
                0x000000000000968a        0x6 contiki-z1.a(rpl-dag.o)
 .text.remove_parents.constprop.3
                0x0000000000009690       0x2c contiki-z1.a(rpl-dag.o)
 .text.rpl_free_dag
                0x00000000000096bc       0x44 contiki-z1.a(rpl-dag.o)
                0x00000000000096bc                rpl_free_dag
 .text.rpl_move_parent
                0x0000000000009700       0x60 contiki-z1.a(rpl-dag.o)
                0x0000000000009700                rpl_move_parent
 .text.rpl_get_dag
                0x0000000000009760       0x5c contiki-z1.a(rpl-dag.o)
                0x0000000000009760                rpl_get_dag
 .text.rpl_get_any_dag
                0x00000000000097bc       0x18 contiki-z1.a(rpl-dag.o)
                0x00000000000097bc                rpl_get_any_dag
 .text.rpl_get_instance
                0x00000000000097d4       0x1a contiki-z1.a(rpl-dag.o)
                0x00000000000097d4                rpl_get_instance
 .text.rpl_alloc_dag
                0x00000000000097ee       0x5c contiki-z1.a(rpl-dag.o)
                0x00000000000097ee                rpl_alloc_dag
 .text.rpl_repair_root
                0x000000000000984a       0x50 contiki-z1.a(rpl-dag.o)
                0x000000000000984a                rpl_repair_root
 .text.rpl_find_of
                0x000000000000989a       0x10 contiki-z1.a(rpl-dag.o)
                0x000000000000989a                rpl_find_of
 .text.rpl_join_instance
                0x00000000000098aa      0x144 contiki-z1.a(rpl-dag.o)
                0x00000000000098aa                rpl_join_instance
 .text.rpl_local_repair
                0x00000000000099ee       0x7e contiki-z1.a(rpl-dag.o)
                0x00000000000099ee                rpl_local_repair
 .text.rpl_process_parent_event
                0x0000000000009a6c       0x82 contiki-z1.a(rpl-dag.o)
                0x0000000000009a6c                rpl_process_parent_event
 .text.rpl_recalculate_ranks
                0x0000000000009aee       0x46 contiki-z1.a(rpl-dag.o)
                0x0000000000009aee                rpl_recalculate_ranks
 .text.rpl_add_dag
                0x0000000000009b34      0x104 contiki-z1.a(rpl-dag.o)
                0x0000000000009b34                rpl_add_dag
 .text.rpl_process_dio
                0x0000000000009c38      0x31a contiki-z1.a(rpl-dag.o)
                0x0000000000009c38                rpl_process_dio
 .text.handle_unicast_dio_timer
                0x0000000000009f52       0x1c contiki-z1.a(rpl-timers.o)
 .text.new_dio_interval
                0x0000000000009f6e       0x8a contiki-z1.a(rpl-timers.o)
 .text.handle_periodic_timer
                0x0000000000009ff8       0x50 contiki-z1.a(rpl-timers.o)
 .text.set_dao_lifetime_timer.part.0
                0x000000000000a048       0x5e contiki-z1.a(rpl-timers.o)
 .text.schedule_dao
                0x000000000000a0a6       0x80 contiki-z1.a(rpl-timers.o)
 .text.handle_dio_timer
                0x000000000000a126       0x88 contiki-z1.a(rpl-timers.o)
 .text.handle_dao_timer
                0x000000000000a1ae       0x72 contiki-z1.a(rpl-timers.o)
 .text.rpl_reset_periodic_timer
                0x000000000000a220       0x5c contiki-z1.a(rpl-timers.o)
                0x000000000000a220                rpl_reset_periodic_timer
 .text.rpl_reset_dio_timer
                0x000000000000a27c       0x18 contiki-z1.a(rpl-timers.o)
                0x000000000000a27c                rpl_reset_dio_timer
 .text.rpl_schedule_dao
                0x000000000000a294        0xc contiki-z1.a(rpl-timers.o)
                0x000000000000a294                rpl_schedule_dao
 .text.rpl_schedule_unicast_dio_immediately
                0x000000000000a2a0       0x16 contiki-z1.a(rpl-timers.o)
                0x000000000000a2a0                rpl_schedule_unicast_dio_immediately
 .text.get_probing_delay
                0x000000000000a2b6       0x40 contiki-z1.a(rpl-timers.o)
                0x000000000000a2b6                get_probing_delay
 .text.get_probing_target
                0x000000000000a2f6       0xe2 contiki-z1.a(rpl-timers.o)
                0x000000000000a2f6                get_probing_target
 .text.rpl_schedule_probing
                0x000000000000a3d8       0x26 contiki-z1.a(rpl-timers.o)
                0x000000000000a3d8                rpl_schedule_probing
 .text.handle_probing_timer
                0x000000000000a3fe       0x34 contiki-z1.a(rpl-timers.o)
 .text.update_hbh_header
                0x000000000000a432       0xcc contiki-z1.a(rpl-ext-header.)
 .text.insert_hbh_header
                0x000000000000a4fe       0x94 contiki-z1.a(rpl-ext-header.)
 .text.rpl_verify_hbh_header
                0x000000000000a592       0xf8 contiki-z1.a(rpl-ext-header.)
                0x000000000000a592                rpl_verify_hbh_header
 .text.rpl_remove_header
                0x000000000000a68a       0x76 contiki-z1.a(rpl-ext-header.)
                0x000000000000a68a                rpl_remove_header
 .text.rpl_update_header
                0x000000000000a700       0x64 contiki-z1.a(rpl-ext-header.)
                0x000000000000a700                rpl_update_header
 .text.rpl_get_mode
                0x000000000000a764        0x6 contiki-z1.a(rpl.o)
                0x000000000000a764                rpl_get_mode
 .text.rpl_purge_routes
                0x000000000000a76a       0x94 contiki-z1.a(rpl.o)
                0x000000000000a76a                rpl_purge_routes
 .text.rpl_remove_routes
                0x000000000000a7fe       0x22 contiki-z1.a(rpl.o)
                0x000000000000a7fe                rpl_remove_routes
 .text.rpl_remove_routes_by_nexthop
                0x000000000000a820       0x3e contiki-z1.a(rpl.o)
                0x000000000000a820                rpl_remove_routes_by_nexthop
 .text.rpl_add_route
                0x000000000000a85e       0x4e contiki-z1.a(rpl.o)
                0x000000000000a85e                rpl_add_route
 .text.rpl_link_neighbor_callback
                0x000000000000a8ac       0x4c contiki-z1.a(rpl.o)
                0x000000000000a8ac                rpl_link_neighbor_callback
 .text.rpl_ipv6_neighbor_callback
                0x000000000000a8f8       0x1e contiki-z1.a(rpl.o)
                0x000000000000a8f8                rpl_ipv6_neighbor_callback
 .text.rpl_purge_dags
                0x000000000000a916       0x5e contiki-z1.a(rpl.o)
                0x000000000000a916                rpl_purge_dags
 .text.rpl_init
                0x000000000000a974       0x44 contiki-z1.a(rpl.o)
                0x000000000000a974                rpl_init
 .text.reset    0x000000000000a9b8        0x2 contiki-z1.a(rpl-mrhof.o)
 .text.update_metric_container
                0x000000000000a9ba        0x6 contiki-z1.a(rpl-mrhof.o)
 .text.parent_link_metric
                0x000000000000a9c0       0x10 contiki-z1.a(rpl-mrhof.o)
 .text.parent_has_usable_link
                0x000000000000a9d0       0x14 contiki-z1.a(rpl-mrhof.o)
 .text.best_dag
                0x000000000000a9e4       0x34 contiki-z1.a(rpl-mrhof.o)
 .text.parent_path_cost
                0x000000000000aa18       0x40 contiki-z1.a(rpl-mrhof.o)
 .text.parent_is_acceptable
                0x000000000000aa58       0x26 contiki-z1.a(rpl-mrhof.o)
 .text.best_parent
                0x000000000000aa7e       0x7c contiki-z1.a(rpl-mrhof.o)
 .text.rank_via_parent
                0x000000000000aafa       0x4e contiki-z1.a(rpl-mrhof.o)
 .text.queuebuf_init
                0x000000000000ab48       0x12 contiki-z1.a(queuebuf.o)
                0x000000000000ab48                queuebuf_init
 .text.queuebuf_numfree
                0x000000000000ab5a        0xa contiki-z1.a(queuebuf.o)
                0x000000000000ab5a                queuebuf_numfree
 .text.queuebuf_new_from_packetbuf
                0x000000000000ab64       0x4e contiki-z1.a(queuebuf.o)
                0x000000000000ab64                queuebuf_new_from_packetbuf
 .text.queuebuf_update_attr_from_packetbuf
                0x000000000000abb2       0x12 contiki-z1.a(queuebuf.o)
                0x000000000000abb2                queuebuf_update_attr_from_packetbuf
 .text.queuebuf_free
                0x000000000000abc4       0x2a contiki-z1.a(queuebuf.o)
                0x000000000000abc4                queuebuf_free
 .text.queuebuf_to_packetbuf
                0x000000000000abee       0x32 contiki-z1.a(queuebuf.o)
                0x000000000000abee                queuebuf_to_packetbuf
 .text.queuebuf_attr
                0x000000000000ac20        0xe contiki-z1.a(queuebuf.o)
                0x000000000000ac20                queuebuf_attr
 .text.index_from_key
                0x000000000000ac2e       0x44 contiki-z1.a(nbr-table.o)
 .text.item_from_key
                0x000000000000ac72       0x34 contiki-z1.a(nbr-table.o)
 .text.nbr_set_bit
                0x000000000000aca6       0x76 contiki-z1.a(nbr-table.o)
 .text.index_from_lladdr
                0x000000000000ad1c       0x3e contiki-z1.a(nbr-table.o)
 .text.nbr_get_bit.constprop.0
                0x000000000000ad5a       0x5a contiki-z1.a(nbr-table.o)
 .text.remove_key
                0x000000000000adb4       0x50 contiki-z1.a(nbr-table.o)
 .text.nbr_table_register
                0x000000000000ae04       0x26 contiki-z1.a(nbr-table.o)
                0x000000000000ae04                nbr_table_register
 .text.nbr_table_next
                0x000000000000ae2a       0x78 contiki-z1.a(nbr-table.o)
                0x000000000000ae2a                nbr_table_next
 .text.nbr_table_head
                0x000000000000aea2       0x32 contiki-z1.a(nbr-table.o)
                0x000000000000aea2                nbr_table_head
 .text.nbr_table_add_lladdr
                0x000000000000aed4      0x120 contiki-z1.a(nbr-table.o)
                0x000000000000aed4                nbr_table_add_lladdr
 .text.nbr_table_get_from_lladdr
                0x000000000000aff4       0x44 contiki-z1.a(nbr-table.o)
                0x000000000000aff4                nbr_table_get_from_lladdr
 .text.nbr_table_remove
                0x000000000000b038       0x2a contiki-z1.a(nbr-table.o)
                0x000000000000b038                nbr_table_remove
 .text.nbr_table_lock
                0x000000000000b062       0x10 contiki-z1.a(nbr-table.o)
                0x000000000000b062                nbr_table_lock
 .text.nbr_table_unlock
                0x000000000000b072       0x10 contiki-z1.a(nbr-table.o)
                0x000000000000b072                nbr_table_unlock
 .text.nbr_table_get_lladdr
                0x000000000000b082       0x54 contiki-z1.a(nbr-table.o)
                0x000000000000b082                nbr_table_get_lladdr
 .text.nbr_table_update_lladdr
                0x000000000000b0d6       0x54 contiki-z1.a(nbr-table.o)
                0x000000000000b0d6                nbr_table_update_lladdr
 .text.packetbuf_hdrreduce
                0x000000000000b12a       0x1a contiki-z1.a(packetbuf.o)
                0x000000000000b12a                packetbuf_hdrreduce
 .text.packetbuf_set_datalen
                0x000000000000b144        0x6 contiki-z1.a(packetbuf.o)
                0x000000000000b144                packetbuf_set_datalen
 .text.packetbuf_hdrptr
                0x000000000000b14a        0x6 contiki-z1.a(packetbuf.o)
                0x000000000000b14a                packetbuf_hdrptr
 .text.packetbuf_datalen
                0x000000000000b150        0x6 contiki-z1.a(packetbuf.o)
                0x000000000000b150                packetbuf_datalen
 .text.packetbuf_hdrlen
                0x000000000000b156        0xa contiki-z1.a(packetbuf.o)
                0x000000000000b156                packetbuf_hdrlen
 .text.packetbuf_dataptr
                0x000000000000b160        0xc contiki-z1.a(packetbuf.o)
                0x000000000000b160                packetbuf_dataptr
 .text.packetbuf_copyto
                0x000000000000b16c       0x3a contiki-z1.a(packetbuf.o)
                0x000000000000b16c                packetbuf_copyto
 .text.packetbuf_totlen
                0x000000000000b1a6        0xc contiki-z1.a(packetbuf.o)
                0x000000000000b1a6                packetbuf_totlen
 .text.packetbuf_hdralloc
                0x000000000000b1b2       0x3a contiki-z1.a(packetbuf.o)
                0x000000000000b1b2                packetbuf_hdralloc
 .text.packetbuf_attr_clear
                0x000000000000b1ec       0x28 contiki-z1.a(packetbuf.o)
                0x000000000000b1ec                packetbuf_attr_clear
 .text.packetbuf_clear
                0x000000000000b214       0x12 contiki-z1.a(packetbuf.o)
                0x000000000000b214                packetbuf_clear
 .text.packetbuf_copyfrom
                0x000000000000b226       0x2a contiki-z1.a(packetbuf.o)
                0x000000000000b226                packetbuf_copyfrom
 .text.packetbuf_attr_copyto
                0x000000000000b250       0x22 contiki-z1.a(packetbuf.o)
                0x000000000000b250                packetbuf_attr_copyto
 .text.packetbuf_attr_copyfrom
                0x000000000000b272       0x24 contiki-z1.a(packetbuf.o)
                0x000000000000b272                packetbuf_attr_copyfrom
 .text.packetbuf_holds_broadcast
                0x000000000000b296        0xe contiki-z1.a(packetbuf.o)
                0x000000000000b296                packetbuf_holds_broadcast
 .text.linkaddr_copy
                0x000000000000b2a4        0x8 contiki-z1.a(linkaddr.o)
                0x000000000000b2a4                linkaddr_copy
 .text.linkaddr_cmp
                0x000000000000b2ac       0x12 contiki-z1.a(linkaddr.o)
                0x000000000000b2ac                linkaddr_cmp
 .text.linkaddr_set_node_addr
                0x000000000000b2be        0xc contiki-z1.a(linkaddr.o)
                0x000000000000b2be                linkaddr_set_node_addr
 .text.periodic
                0x000000000000b2ca       0x2c contiki-z1.a(link-stats.o)
 .text.link_stats_from_lladdr
                0x000000000000b2f6        0xc contiki-z1.a(link-stats.o)
                0x000000000000b2f6                link_stats_from_lladdr
 .text.link_stats_is_fresh
                0x000000000000b302       0x30 contiki-z1.a(link-stats.o)
                0x000000000000b302                link_stats_is_fresh
 .text.link_stats_packet_sent
                0x000000000000b332       0xc0 contiki-z1.a(link-stats.o)
                0x000000000000b332                link_stats_packet_sent
 .text.link_stats_input_callback
                0x000000000000b3f2       0xac contiki-z1.a(link-stats.o)
                0x000000000000b3f2                link_stats_input_callback
 .text.link_stats_init
                0x000000000000b49e       0x22 contiki-z1.a(link-stats.o)
                0x000000000000b49e                link_stats_init
 .text.parse    0x000000000000b4c0       0xa2 contiki-z1.a(framer-802154.o)
 .text.create_frame.isra.0
                0x000000000000b562      0x114 contiki-z1.a(framer-802154.o)
 .text.create   0x000000000000b676        0x8 contiki-z1.a(framer-802154.o)
 .text.hdr_length
                0x000000000000b67e        0x8 contiki-z1.a(framer-802154.o)
 .text.input_packet
                0x000000000000b686        0x6 contiki-z1.a(csma.o)
 .text.on       0x000000000000b68c        0x6 contiki-z1.a(csma.o)
 .text.off      0x000000000000b692        0x6 contiki-z1.a(csma.o)
 .text.channel_check_interval
                0x000000000000b698       0x10 contiki-z1.a(csma.o)
 .text.transmit_packet_list
                0x000000000000b6a8       0x24 contiki-z1.a(csma.o)
 .text.schedule_transmission
                0x000000000000b6cc       0x86 contiki-z1.a(csma.o)
 .text.send_packet
                0x000000000000b752      0x158 contiki-z1.a(csma.o)
 .text.init     0x000000000000b8aa       0x1a contiki-z1.a(csma.o)
 .text.tx_done  0x000000000000b8c4       0x86 contiki-z1.a(csma.o)
 .text.packet_sent
                0x000000000000b94a       0xc6 contiki-z1.a(csma.o)
 .text.frame802154_get_pan_id
                0x000000000000ba10        0x6 contiki-z1.a(frame802154.o)
                0x000000000000ba10                frame802154_get_pan_id
 .text.frame802154_has_panid
                0x000000000000ba16       0xdc contiki-z1.a(frame802154.o)
                0x000000000000ba16                frame802154_has_panid
 .text.field_len
                0x000000000000baf2       0xae contiki-z1.a(frame802154.o)
 .text.frame802154_is_broadcast_addr
                0x000000000000bba0       0x24 contiki-z1.a(frame802154.o)
                0x000000000000bba0                frame802154_is_broadcast_addr
 .text.frame802154_hdrlen
                0x000000000000bbc4       0x32 contiki-z1.a(frame802154.o)
                0x000000000000bbc4                frame802154_hdrlen
 .text.frame802154_create_fcf
                0x000000000000bbf6       0x6e contiki-z1.a(frame802154.o)
                0x000000000000bbf6                frame802154_create_fcf
 .text.frame802154_create
                0x000000000000bc64       0xd4 contiki-z1.a(frame802154.o)
                0x000000000000bc64                frame802154_create
 .text.frame802154_parse_fcf
                0x000000000000bd38       0x8a contiki-z1.a(frame802154.o)
                0x000000000000bd38                frame802154_parse_fcf
 .text.frame802154_parse
                0x000000000000bdc2      0x178 contiki-z1.a(frame802154.o)
                0x000000000000bdc2                frame802154_parse
 .text.mac_call_sent_callback
                0x000000000000bf3a       0x14 contiki-z1.a(mac.o)
                0x000000000000bf3a                mac_call_sent_callback
 .text.on       0x000000000000bf4e        0x6 contiki-z1.a(nullrdc.o)
 .text.channel_check_interval
                0x000000000000bf54        0x4 contiki-z1.a(nullrdc.o)
 .text.init     0x000000000000bf58        0x6 contiki-z1.a(nullrdc.o)
 .text.send_one_packet
                0x000000000000bf5e       0x62 contiki-z1.a(nullrdc.o)
 .text.send_list
                0x000000000000bfc0       0x28 contiki-z1.a(nullrdc.o)
 .text.send_packet
                0x000000000000bfe8        0x6 contiki-z1.a(nullrdc.o)
 .text.off      0x000000000000bfee       0x10 contiki-z1.a(nullrdc.o)
 .text.packet_input
                0x000000000000bffe       0x26 contiki-z1.a(nullrdc.o)
 .text.init     0x000000000000c024        0x2 contiki-z1.a(nullsec.o)
 .text.send     0x000000000000c026        0xa contiki-z1.a(nullsec.o)
 .text.input    0x000000000000c030        0x6 contiki-z1.a(nullsec.o)
 .text.atomic   0x000000000000c036      0x126 contiki-z1.a(jsonparse.o)
 .text.is_atomic.isra.1
                0x000000000000c15c       0x32 contiki-z1.a(jsonparse.o)
 .text.jsonparse_setup
                0x000000000000c18e       0x1e contiki-z1.a(jsonparse.o)
                0x000000000000c18e                jsonparse_setup
 .text.jsonparse_copy_value
                0x000000000000c1ac      0x104 contiki-z1.a(jsonparse.o)
                0x000000000000c1ac                jsonparse_copy_value
 .text.jsonparse_get_value_as_int
                0x000000000000c2b0       0x1a contiki-z1.a(jsonparse.o)
                0x000000000000c2b0                jsonparse_get_value_as_int
 .text.jsonparse_get_type
                0x000000000000c2ca       0x16 contiki-z1.a(jsonparse.o)
                0x000000000000c2ca                jsonparse_get_type
 .text.jsonparse_next
                0x000000000000c2e0      0x262 contiki-z1.a(jsonparse.o)
                0x000000000000c2e0                jsonparse_next
 .text.coap_parse_int_option
                0x000000000000c542       0x36 contiki-z1.a(er-coap.o)
 .text.coap_set_option_header
                0x000000000000c578       0xa6 contiki-z1.a(er-coap.o)
 .text.coap_serialize_int_option
                0x000000000000c61e       0xbe contiki-z1.a(er-coap.o)
 .text.coap_get_variable
                0x000000000000c6dc       0xa2 contiki-z1.a(er-coap.o)
 .text.coap_serialize_array_option
                0x000000000000c77e       0xd4 contiki-z1.a(er-coap.o)
 .text.coap_merge_multi_option.part.1
                0x000000000000c852       0x2c contiki-z1.a(er-coap.o)
 .text.coap_init_connection
                0x000000000000c87e       0x22 contiki-z1.a(er-coap.o)
                0x000000000000c87e                coap_init_connection
 .text.coap_get_mid
                0x000000000000c8a0        0xc contiki-z1.a(er-coap.o)
                0x000000000000c8a0                coap_get_mid
 .text.coap_init_message
                0x000000000000c8ac       0x24 contiki-z1.a(er-coap.o)
                0x000000000000c8ac                coap_init_message
 .text.coap_serialize_message
                0x000000000000c8d0      0x426 contiki-z1.a(er-coap.o)
                0x000000000000c8d0                coap_serialize_message
 .text.coap_send_message
                0x000000000000ccf6       0x3e contiki-z1.a(er-coap.o)
                0x000000000000ccf6                coap_send_message
 .text.coap_parse_message
                0x000000000000cd34      0x50e contiki-z1.a(er-coap.o)
                0x000000000000cd34                coap_parse_message
 .text.coap_get_query_variable
                0x000000000000d242       0x1c contiki-z1.a(er-coap.o)
                0x000000000000d242                coap_get_query_variable
 .text.coap_get_post_variable
                0x000000000000d25e       0x20 contiki-z1.a(er-coap.o)
                0x000000000000d25e                coap_get_post_variable
 .text.coap_set_status_code
                0x000000000000d27e       0x12 contiki-z1.a(er-coap.o)
                0x000000000000d27e                coap_set_status_code
 .text.coap_set_token
                0x000000000000d290       0x24 contiki-z1.a(er-coap.o)
                0x000000000000d290                coap_set_token
 .text.coap_get_header_content_format
                0x000000000000d2b4       0x18 contiki-z1.a(er-coap.o)
                0x000000000000d2b4                coap_get_header_content_format
 .text.coap_set_header_content_format
                0x000000000000d2cc        0xe contiki-z1.a(er-coap.o)
                0x000000000000d2cc                coap_set_header_content_format
 .text.coap_get_header_accept
                0x000000000000d2da       0x16 contiki-z1.a(er-coap.o)
                0x000000000000d2da                coap_get_header_accept
 .text.coap_get_header_max_age
                0x000000000000d2f0       0x26 contiki-z1.a(er-coap.o)
                0x000000000000d2f0                coap_get_header_max_age
 .text.coap_set_header_max_age
                0x000000000000d316       0x12 contiki-z1.a(er-coap.o)
                0x000000000000d316                coap_set_header_max_age
 .text.coap_set_header_etag
                0x000000000000d328       0x2a contiki-z1.a(er-coap.o)
                0x000000000000d328                coap_set_header_etag
 .text.coap_get_header_if_match
                0x000000000000d352       0x1c contiki-z1.a(er-coap.o)
                0x000000000000d352                coap_get_header_if_match
 .text.coap_get_header_if_none_match
                0x000000000000d36e       0x10 contiki-z1.a(er-coap.o)
                0x000000000000d36e                coap_get_header_if_none_match
 .text.coap_get_header_uri_host
                0x000000000000d37e       0x18 contiki-z1.a(er-coap.o)
                0x000000000000d37e                coap_get_header_uri_host
 .text.coap_get_header_uri_path
                0x000000000000d396       0x18 contiki-z1.a(er-coap.o)
                0x000000000000d396                coap_get_header_uri_path
 .text.coap_set_header_uri_path
                0x000000000000d3ae       0x2a contiki-z1.a(er-coap.o)
                0x000000000000d3ae                coap_set_header_uri_path
 .text.coap_get_header_uri_query
                0x000000000000d3d8       0x16 contiki-z1.a(er-coap.o)
                0x000000000000d3d8                coap_get_header_uri_query
 .text.coap_set_header_location_query
                0x000000000000d3ee       0x2c contiki-z1.a(er-coap.o)
                0x000000000000d3ee                coap_set_header_location_query
 .text.coap_set_header_location_path
                0x000000000000d41a       0x78 contiki-z1.a(er-coap.o)
                0x000000000000d41a                coap_set_header_location_path
 .text.coap_set_header_observe
                0x000000000000d492       0x12 contiki-z1.a(er-coap.o)
                0x000000000000d492                coap_set_header_observe
 .text.coap_get_header_block2
                0x000000000000d4a4       0x4c contiki-z1.a(er-coap.o)
                0x000000000000d4a4                coap_get_header_block2
 .text.coap_set_header_block2
                0x000000000000d4f0       0x40 contiki-z1.a(er-coap.o)
                0x000000000000d4f0                coap_set_header_block2
 .text.coap_get_header_size2
                0x000000000000d530       0x1e contiki-z1.a(er-coap.o)
                0x000000000000d530                coap_get_header_size2
 .text.coap_set_header_size2
                0x000000000000d54e       0x12 contiki-z1.a(er-coap.o)
                0x000000000000d54e                coap_set_header_size2
 .text.coap_get_payload
                0x000000000000d560       0x1a contiki-z1.a(er-coap.o)
                0x000000000000d560                coap_get_payload
 .text.coap_set_payload
                0x000000000000d57a       0x16 contiki-z1.a(er-coap.o)
                0x000000000000d57a                coap_set_payload
 .text.i2c_receiveinit
                0x000000000000d590       0x38 contiki-z1.a(i2cmaster.o)
                0x000000000000d590                i2c_receiveinit
 .text.i2c_transmitinit
                0x000000000000d5c8       0x32 contiki-z1.a(i2cmaster.o)
                0x000000000000d5c8                i2c_transmitinit
 .text.i2c_receive_n
                0x000000000000d5fa       0x44 contiki-z1.a(i2cmaster.o)
                0x000000000000d5fa                i2c_receive_n
 .text.i2c_busy
                0x000000000000d63e        0xa contiki-z1.a(i2cmaster.o)
                0x000000000000d63e                i2c_busy
 .text.i2c_enable
                0x000000000000d648       0x24 contiki-z1.a(i2cmaster.o)
                0x000000000000d648                i2c_enable
 .text.i2c_transmit_n
                0x000000000000d66c       0x14 contiki-z1.a(i2cmaster.o)
                0x000000000000d66c                i2c_transmit_n
 .text.i2c_tx_interrupt
                0x000000000000d680       0x8a contiki-z1.a(i2cmaster.o)
                0x000000000000d680                __isr_16
                0x000000000000d680                i2c_tx_interrupt
 .text.i2c_rx_interrupt
                0x000000000000d70a       0x18 contiki-z1.a(i2cmaster.o)
                0x000000000000d70a                i2c_rx_interrupt
                0x000000000000d70a                __isr_17
 .text.status   0x000000000000d722       0x16 contiki-z1.a(button-sensor.o)
 .text.configure
                0x000000000000d738       0x52 contiki-z1.a(button-sensor.o)
 .text.value    0x000000000000d78a       0x22 contiki-z1.a(button-sensor.o)
 .text.irq_p2   0x000000000000d7ac       0x76 contiki-z1.a(button-sensor.o)
                0x000000000000d7ac                irq_p2
                0x000000000000d7ac                __isr_19
 .text.stimer_set
                0x000000000000d822       0x1c contiki-z1.a(stimer.o)
                0x000000000000d822                stimer_set
 .text.stimer_expired
                0x000000000000d83e       0x30 contiki-z1.a(stimer.o)
                0x000000000000d83e                stimer_expired
 .text.echo_reply_input
                0x000000000000d86e       0xaa contiki-z1.a(uip-icmp6.o)
 .text.echo_request_input
                0x000000000000d918       0xca contiki-z1.a(uip-icmp6.o)
 .text.uip_icmp6_input
                0x000000000000d9e2       0x40 contiki-z1.a(uip-icmp6.o)
                0x000000000000d9e2                uip_icmp6_input
 .text.uip_icmp6_register_input_handler
                0x000000000000da22        0xc contiki-z1.a(uip-icmp6.o)
                0x000000000000da22                uip_icmp6_register_input_handler
 .text.uip_icmp6_error_output
                0x000000000000da2e      0x168 contiki-z1.a(uip-icmp6.o)
                0x000000000000da2e                uip_icmp6_error_output
 .text.uip_icmp6_send
                0x000000000000db96       0x86 contiki-z1.a(uip-icmp6.o)
                0x000000000000db96                uip_icmp6_send
 .text.uip_icmp6_init
                0x000000000000dc1c       0x12 contiki-z1.a(uip-icmp6.o)
                0x000000000000dc1c                uip_icmp6_init
 .text.uip_udp_packet_send
                0x000000000000dc2e       0x2a contiki-z1.a(uip-udp-packet.)
                0x000000000000dc2e                uip_udp_packet_send
 .text.prepare_for_dao_fwd
                0x000000000000dc58       0x28 contiki-z1.a(rpl-icmp6.o)
 .text.get32    0x000000000000dc80       0x3e contiki-z1.a(rpl-icmp6.o)
 .text.set32    0x000000000000dcbe       0x2a contiki-z1.a(rpl-icmp6.o)
 .text.get16    0x000000000000dce8        0xe contiki-z1.a(rpl-icmp6.o)
 .text.set16    0x000000000000dcf6       0x10 contiki-z1.a(rpl-icmp6.o)
 .text.dao_ack_input
                0x000000000000dd06        0xa contiki-z1.a(rpl-icmp6.o)
 .text.dio_input
                0x000000000000dd10      0x282 contiki-z1.a(rpl-icmp6.o)
 .text.rpl_icmp6_update_nbr_table
                0x000000000000df92       0x28 contiki-z1.a(rpl-icmp6.o)
                0x000000000000df92                rpl_icmp6_update_nbr_table
 .text.dao_input
                0x000000000000dfba      0x276 contiki-z1.a(rpl-icmp6.o)
 .text.dis_output
                0x000000000000e230       0x50 contiki-z1.a(rpl-icmp6.o)
                0x000000000000e230                dis_output
 .text.dio_output
                0x000000000000e280      0x24c contiki-z1.a(rpl-icmp6.o)
                0x000000000000e280                dio_output
 .text.dis_input
                0x000000000000e4cc       0x3e contiki-z1.a(rpl-icmp6.o)
 .text.dao_output_target
                0x000000000000e50a       0xf8 contiki-z1.a(rpl-icmp6.o)
                0x000000000000e50a                dao_output_target
 .text.dao_output
                0x000000000000e602       0xa0 contiki-z1.a(rpl-icmp6.o)
                0x000000000000e602                dao_output
 .text.rpl_icmp6_register_handlers
                0x000000000000e6a2       0x22 contiki-z1.a(rpl-icmp6.o)
                0x000000000000e6a2                rpl_icmp6_register_handlers
 .text.update_nbr
                0x000000000000e6c4       0xde contiki-z1.a(rpl-nbr-policy.)
 .text.handle_periodic_timer
                0x000000000000e7a2        0xe contiki-z1.a(rpl-nbr-policy.)
 .text.find_removable_dis
                0x000000000000e7b0       0x14 contiki-z1.a(rpl-nbr-policy.)
                0x000000000000e7b0                find_removable_dis
 .text.find_removable_dio
                0x000000000000e7c4       0x3c contiki-z1.a(rpl-nbr-policy.)
                0x000000000000e7c4                find_removable_dio
 .text.find_removable_dao
                0x000000000000e800       0x32 contiki-z1.a(rpl-nbr-policy.)
                0x000000000000e800                find_removable_dao
 .text.rpl_nbr_policy_find_removable
                0x000000000000e832       0x30 contiki-z1.a(rpl-nbr-policy.)
                0x000000000000e832                rpl_nbr_policy_find_removable
 .text.libgcc   0x000000000000e862       0x2a /usr/lib/gcc/msp430/4.6.3/mcpu-430x/mmpy-16/libgcc.a(_mulsi3.o)
                0x000000000000e862                __mulsi3
 .text.libgcc   0x000000000000e88c       0x22 /usr/lib/gcc/msp430/4.6.3/mcpu-430x/mmpy-16/libgcc.a(_udivmod16.o)
                0x000000000000e88c                __udivhi3
                0x000000000000e88c                __ext_udivmod16
                0x000000000000e8a6                __umodhi3
 .text.libgcc   0x000000000000e8ae       0x3a /usr/lib/gcc/msp430/4.6.3/mcpu-430x/mmpy-16/libgcc.a(_divmod16.o)
                0x000000000000e8ae                __ext_divmod16
                0x000000000000e8ae                __divhi3
                0x000000000000e8e0                __modhi3
 .text.libgcc   0x000000000000e8e8       0x38 /usr/lib/gcc/msp430/4.6.3/mcpu-430x/mmpy-16/libgcc.a(_udivmod32.o)
                0x000000000000e8e8                __udivsi3
                0x000000000000e8e8                __ext_udivmod32
                0x000000000000e916                __umodsi3
 .text.libgcc   0x000000000000e920       0x4c /usr/lib/gcc/msp430/4.6.3/mcpu-430x/mmpy-16/libgcc.a(_divmod32.o)
                0x000000000000e920                __ext_divmod32