Archive member included because of file (symbol)

contiki-sky.a(er-coap-engine.)
                              ex1.co (coap_rest_implementation)
contiki-sky.a(er-coap-transac)
                              contiki-sky.a(er-coap-engine.) (coap_register_as_transaction_handler)
contiki-sky.a(er-coap-observe)
                              contiki-sky.a(er-coap-transac) (coap_remove_observer_by_client)
contiki-sky.a(er-coap-res-wel)
                              contiki-sky.a(er-coap-engine.) (res_well_known_core)
contiki-sky.a(rest-engine.o)  ex1.co (rest_init_engine)
contiki-sky.a(contiki-sky-pla)
                              obj_sky/contiki-sky-main.o (init_platform)
contiki-sky.a(button-sensor.o)
                              contiki-sky.a(contiki-sky-pla) (button_sensor)
contiki-sky.a(ds2411.o)       obj_sky/contiki-sky-main.o (ds2411_init)
contiki-sky.a(xmem.o)         obj_sky/contiki-sky-main.o (xmem_init)
contiki-sky.a(node-id.o)      obj_sky/contiki-sky-main.o (node_id_restore)
contiki-sky.a(sensors.o)      contiki-sky.a(button-sensor.o) (sensors_changed)
contiki-sky.a(cc2420.o)       obj_sky/contiki-sky-main.o (cc2420_set_pan_addr)
contiki-sky.a(cc2420-arch.o)  contiki-sky.a(cc2420.o) (cc2420_arch_init)
contiki-sky.a(uart1.o)        obj_sky/contiki-sky-main.o (uart1_active)
contiki-sky.a(uart1-putchar.o)
                              obj_sky/contiki-sky-main.o (putchar)
contiki-sky.a(msp430.o)       contiki-sky.a(uart1.o) (msp430_add_lpm_req)
contiki-sky.a(clock.o)        obj_sky/contiki-sky-main.o (clock_init)
contiki-sky.a(leds.o)         obj_sky/contiki-sky-main.o (leds_init)
contiki-sky.a(leds-arch.o)    contiki-sky.a(leds.o) (leds_arch_init)
contiki-sky.a(watchdog.o)     obj_sky/contiki-sky-main.o (watchdog_start)
contiki-sky.a(rtimer-arch.o)  obj_sky/contiki-sky-main.o (rtimer_arch_now)
contiki-sky.a(autostart.o)    obj_sky/contiki-sky-main.o (autostart_start)
contiki-sky.a(ctimer.o)       obj_sky/contiki-sky-main.o (ctimer_init)
contiki-sky.a(energest.o)     obj_sky/contiki-sky-main.o (energest_init)
contiki-sky.a(etimer.o)       contiki-sky.a(clock.o) (etimer_request_poll)
contiki-sky.a(process.o)      contiki-sky.a(er-coap-engine.) (process_current)
contiki-sky.a(rtimer.o)       obj_sky/contiki-sky-main.o (rtimer_init)
contiki-sky.a(timer.o)        obj_sky/contiki-sky-main.o (timer_set)
contiki-sky.a(list.o)         contiki-sky.a(rest-engine.o) (list_init)
contiki-sky.a(memb.o)         contiki-sky.a(er-coap-transac) (memb_alloc)
contiki-sky.a(random.o)       obj_sky/contiki-sky-main.o (random_init)
contiki-sky.a(uip-ds6.o)      obj_sky/contiki-sky-main.o (uip_ds6_get_link_local)
contiki-sky.a(uip-ds6-route.o)
                              contiki-sky.a(uip-ds6.o) (uip_ds6_route_init)
contiki-sky.a(uip6.o)         contiki-sky.a(er-coap-engine.) (uip_aligned_buf)
contiki-sky.a(uip-ds6-nbr.o)  contiki-sky.a(uip-ds6.o) (uip_ds6_neighbors_init)
contiki-sky.a(uip-nd6.o)      contiki-sky.a(uip6.o) (uip_nd6_init)
contiki-sky.a(sicslowpan.o)   obj_sky/contiki-sky-main.o (sicslowpan_driver)
contiki-sky.a(tcpip.o)        contiki-sky.a(sicslowpan.o) (tcpip_set_outputfunc)
contiki-sky.a(uip-debug.o)    contiki-sky.a(uip-ds6-route.o) (uip_debug_ipaddr_print)
contiki-sky.a(rpl-dag.o)      contiki-sky.a(tcpip.o) (rpl_repair_root)
contiki-sky.a(rpl-timers.o)   contiki-sky.a(rpl-dag.o) (rpl_reset_dio_timer)
contiki-sky.a(rpl-ext-header.)
                              contiki-sky.a(uip6.o) (rpl_verify_hbh_header)
contiki-sky.a(rpl.o)          contiki-sky.a(rpl-timers.o) (rpl_get_mode)
contiki-sky.a(rpl-mrhof.o)    contiki-sky.a(rpl-dag.o) (rpl_mrhof)
contiki-sky.a(framer-802154.o)
                              contiki-sky.a(sicslowpan.o) (framer_802154)
contiki-sky.a(csma.o)         obj_sky/contiki-sky-main.o (csma_driver)
contiki-sky.a(frame802154.o)  contiki-sky.a(framer-802154.o) (frame802154_get_pan_id)
contiki-sky.a(mac.o)          contiki-sky.a(csma.o) (mac_call_sent_callback)
contiki-sky.a(nullrdc.o)      obj_sky/contiki-sky-main.o (nullrdc_driver)
contiki-sky.a(queuebuf.o)     obj_sky/contiki-sky-main.o (queuebuf_init)
contiki-sky.a(nbr-table.o)    contiki-sky.a(uip-ds6-route.o) (nbr_table_register)
contiki-sky.a(packetbuf.o)    contiki-sky.a(framer-802154.o) (packetbuf_hdrreduce)
contiki-sky.a(linkaddr.o)     obj_sky/contiki-sky-main.o (linkaddr_copy)
contiki-sky.a(link-stats.o)   contiki-sky.a(rpl-dag.o) (link_stats_from_lladdr)
contiki-sky.a(nullsec.o)      obj_sky/contiki-sky-main.o (nullsec_driver)
contiki-sky.a(er-coap.o)      contiki-sky.a(er-coap-engine.) (coap_init_connection)
contiki-sky.a(spi.o)          contiki-sky.a(xmem.o) (spi_init)
contiki-sky.a(stimer.o)       contiki-sky.a(uip-ds6.o) (stimer_set)
contiki-sky.a(uip-icmp6.o)    contiki-sky.a(uip6.o) (uip_icmp6_input)
contiki-sky.a(uip-udp-packet.)
                              contiki-sky.a(er-coap.o) (uip_udp_packet_send)
contiki-sky.a(rpl-icmp6.o)    contiki-sky.a(rpl-dag.o) (rpl_icmp6_update_nbr_table)
contiki-sky.a(rpl-nbr-policy.)
[...]
Memory Configuration

Name             Origin             Length             Attributes
sfr              0x0000000000000000 0x0000000000000010
peripheral_8bit  0x0000000000000010 0x00000000000000f0
peripheral_16bit 0x0000000000000100 0x0000000000000100
ram_mirror       0x0000000000000200 0x0000000000000800 xw
infomem          0x0000000000001000 0x0000000000000100
infob            0x0000000000001000 0x0000000000000080
infoa            0x0000000000001080 0x0000000000000080
ram              0x0000000000001100 0x0000000000002800 xw
rom              0x0000000000004000 0x000000000000bfe0 xr
vectors          0x000000000000ffe0 0x0000000000000020
bsl              0x0000000000000000 0x0000000000000000
infoc            0x0000000000000000 0x0000000000000000
infod            0x0000000000000000 0x0000000000000000
ram2             0x0000000000000000 0x0000000000000000 xw
usbram           0x0000000000000000 0x0000000000000000 xw
far_rom          0x0000000000000000 0x0000000000000000
*default*        0x0000000000000000 0xffffffffffffffff

Linker script and memory map

LOAD /usr/lib/gcc/msp430/4.6.3/mmpy-16/crt0ivtbl16.o
LOAD ex1.co
LOAD obj_sky/contiki-sky-main.o
LOAD contiki-sky.a
LOAD /usr/lib/gcc/msp430/4.6.3/mmpy-16/libgcc.a
LOAD /usr/lib/gcc/msp430/4.6.3/../../../../msp430/lib/mmpy-16/libc.a
LOAD /usr/lib/gcc/msp430/4.6.3/mmpy-16/libgcc.a
LOAD /usr/lib/gcc/msp430/4.6.3/mmpy-16/libcrt0.a
                0x0000000000000080                PROVIDE (__info_segment_size, 0x80)
                0x0000000000001000                PROVIDE (__infob, 0x1000)
                0x0000000000001080                PROVIDE (__infoa, 0x1080)
                0x0000000000000000                __IE1 = 0x0
                0x0000000000000002                __IFG1 = 0x2
                0x0000000000000004                __ME1 = 0x4
                0x0000000000000001                __IE2 = 0x1
                0x0000000000000003                __IFG2 = 0x3
                0x0000000000000005                __ME2 = 0x5
                0x0000000000000120                __WDTCTL = 0x120
                0x0000000000000130                __MPY = 0x130
                0x0000000000000132                __MPYS = 0x132
                0x0000000000000134                __MAC = 0x134
                0x0000000000000136                __MACS = 0x136
                0x0000000000000138                __OP2 = 0x138
                0x000000000000013a                __RESLO = 0x13a
                0x000000000000013c                __RESHI = 0x13c
                0x000000000000013e                __SUMEXT = 0x13e
                0x0000000000000020                __P1IN = 0x20
                0x0000000000000021                __P1OUT = 0x21
                0x0000000000000022                __P1DIR = 0x22
                0x0000000000000023                __P1IFG = 0x23
                0x0000000000000024                __P1IES = 0x24
                0x0000000000000025                __P1IE = 0x25
                0x0000000000000026                __P1SEL = 0x26
                0x0000000000000028                __P2IN = 0x28
                0x0000000000000029                __P2OUT = 0x29
                0x000000000000002a                __P2DIR = 0x2a
                0x000000000000002b                __P2IFG = 0x2b
                0x000000000000002c                __P2IES = 0x2c
                0x000000000000002d                __P2IE = 0x2d
                0x000000000000002e                __P2SEL = 0x2e
                0x0000000000000018                __P3IN = 0x18
                0x0000000000000019                __P3OUT = 0x19
                0x000000000000001a                __P3DIR = 0x1a
                0x000000000000001b                __P3SEL = 0x1b
                0x000000000000001c                __P4IN = 0x1c
                0x000000000000001d                __P4OUT = 0x1d
                0x000000000000001e                __P4DIR = 0x1e
                0x000000000000001f                __P4SEL = 0x1f
                0x0000000000000030                __P5IN = 0x30
                0x0000000000000031                __P5OUT = 0x31
                0x0000000000000032                __P5DIR = 0x32
                0x0000000000000033                __P5SEL = 0x33
                0x0000000000000034                __P6IN = 0x34
                0x0000000000000035                __P6OUT = 0x35
                0x0000000000000036                __P6DIR = 0x36
                0x0000000000000037                __P6SEL = 0x37
                0x0000000000000070                __U0CTL = 0x70
                0x0000000000000071                __U0TCTL = 0x71
                0x0000000000000072                __U0RCTL = 0x72
                0x0000000000000073                __U0MCTL = 0x73
                0x0000000000000074                __U0BR0 = 0x74
                0x0000000000000075                __U0BR1 = 0x75
                0x0000000000000076                __U0RXBUF = 0x76
                0x0000000000000077                __U0TXBUF = 0x77
                0x0000000000000078                __U1CTL = 0x78
                0x0000000000000079                __U1TCTL = 0x79
                0x000000000000007a                __U1RCTL = 0x7a
                0x000000000000007b                __U1MCTL = 0x7b
                0x000000000000007c                __U1BR0 = 0x7c
                0x000000000000007d                __U1BR1 = 0x7d
                0x000000000000007e                __U1RXBUF = 0x7e
                0x000000000000007f                __U1TXBUF = 0x7f
                0x0000000000000050                __I2CIE = 0x50
                0x0000000000000051                __I2CIFG = 0x51
                0x0000000000000052                __I2CNDAT = 0x52
                0x0000000000000071                __I2CTCTL = 0x71
                0x0000000000000072                __I2CDCTL = 0x72
                0x0000000000000073                __I2CPSC = 0x73
                0x0000000000000074                __I2CSCLH = 0x74
                0x0000000000000075                __I2CSCLL = 0x75
                0x0000000000000076                __I2CDRB = 0x76
                0x0000000000000076                __I2CDRW = 0x76
                0x0000000000000118                __I2COA = 0x118
                0x000000000000011a                __I2CSA = 0x11a
                0x000000000000011c                __I2CIV = 0x11c
                0x000000000000012e                __TAIV = 0x12e
                0x0000000000000160                __TACTL = 0x160
                0x0000000000000162                __TACCTL0 = 0x162
                0x0000000000000164                __TACCTL1 = 0x164
                0x0000000000000166                __TACCTL2 = 0x166
                0x0000000000000170                __TAR = 0x170
                0x0000000000000172                __TACCR0 = 0x172
                0x0000000000000174                __TACCR1 = 0x174
                0x0000000000000176                __TACCR2 = 0x176
                0x000000000000011e                __TBIV = 0x11e
                0x0000000000000180                __TBCTL = 0x180
                0x0000000000000182                __TBCCTL0 = 0x182
                0x0000000000000184                __TBCCTL1 = 0x184
                0x0000000000000186                __TBCCTL2 = 0x186
                0x0000000000000188                __TBCCTL3 = 0x188
                0x000000000000018a                __TBCCTL4 = 0x18a
                0x000000000000018c                __TBCCTL5 = 0x18c
                0x000000000000018e                __TBCCTL6 = 0x18e
                0x0000000000000190                __TBR = 0x190
                0x0000000000000192                __TBCCR0 = 0x192
                0x0000000000000194                __TBCCR1 = 0x194
                0x0000000000000196                __TBCCR2 = 0x196
                0x0000000000000198                __TBCCR3 = 0x198
                0x000000000000019a                __TBCCR4 = 0x19a
                0x000000000000019c                __TBCCR5 = 0x19c
                0x000000000000019e                __TBCCR6 = 0x19e
                0x0000000000000056                __DCOCTL = 0x56
                0x0000000000000057                __BCSCTL1 = 0x57
                0x0000000000000058                __BCSCTL2 = 0x58
                0x0000000000000055                __SVSCTL = 0x55
                0x0000000000000128                __FCTL1 = 0x128
                0x000000000000012a                __FCTL2 = 0x12a
                0x000000000000012c                __FCTL3 = 0x12c
                0x0000000000000059                __CACTL1 = 0x59
                0x000000000000005a                __CACTL2 = 0x5a
                0x000000000000005b                __CAPD = 0x5b
                0x00000000000001a0                __ADC12CTL0 = 0x1a0
                0x00000000000001a2                __ADC12CTL1 = 0x1a2
                0x00000000000001a4                __ADC12IFG = 0x1a4
                0x00000000000001a6                __ADC12IE = 0x1a6
                0x00000000000001a8                __ADC12IV = 0x1a8
                0x0000000000000140                __ADC12MEM0 = 0x140
                0x0000000000000142                __ADC12MEM1 = 0x142
                0x0000000000000144                __ADC12MEM2 = 0x144
                0x0000000000000146                __ADC12MEM3 = 0x146
                0x0000000000000148                __ADC12MEM4 = 0x148
                0x000000000000014a                __ADC12MEM5 = 0x14a
                0x000000000000014c                __ADC12MEM6 = 0x14c
                0x000000000000014e                __ADC12MEM7 = 0x14e
                0x0000000000000150                __ADC12MEM8 = 0x150
                0x0000000000000152                __ADC12MEM9 = 0x152
                0x0000000000000154                __ADC12MEM10 = 0x154
                0x0000000000000156                __ADC12MEM11 = 0x156
                0x0000000000000158                __ADC12MEM12 = 0x158
                0x000000000000015a                __ADC12MEM13 = 0x15a
                0x000000000000015c                __ADC12MEM14 = 0x15c
                0x000000000000015e                __ADC12MEM15 = 0x15e
                0x0000000000000080                __ADC12MCTL0 = 0x80
                0x0000000000000081                __ADC12MCTL1 = 0x81
                0x0000000000000082                __ADC12MCTL2 = 0x82
                0x0000000000000083                __ADC12MCTL3 = 0x83
                0x0000000000000084                __ADC12MCTL4 = 0x84
                0x0000000000000085                __ADC12MCTL5 = 0x85
                0x0000000000000086                __ADC12MCTL6 = 0x86
                0x0000000000000087                __ADC12MCTL7 = 0x87
                0x0000000000000088                __ADC12MCTL8 = 0x88
                0x0000000000000089                __ADC12MCTL9 = 0x89
                0x000000000000008a                __ADC12MCTL10 = 0x8a
                0x000000000000008b                __ADC12MCTL11 = 0x8b
                0x000000000000008c                __ADC12MCTL12 = 0x8c
                0x000000000000008d                __ADC12MCTL13 = 0x8d
                0x000000000000008e                __ADC12MCTL14 = 0x8e
                0x000000000000008f                __ADC12MCTL15 = 0x8f
                0x00000000000001c0                __DAC12_0CTL = 0x1c0
                0x00000000000001c2                __DAC12_1CTL = 0x1c2
                0x00000000000001c8                __DAC12_0DAT = 0x1c8
                0x00000000000001ca                __DAC12_1DAT = 0x1ca
                0x0000000000000122                __DMACTL0 = 0x122
                0x0000000000000124                __DMACTL1 = 0x124
                0x00000000000001e0                __DMA0CTL = 0x1e0
                0x00000000000001e8                __DMA1CTL = 0x1e8
                0x00000000000001f0                __DMA2CTL = 0x1f0
                0x00000000000001e2                __DMA0SA = 0x1e2
                0x00000000000001e4                __DMA0DA = 0x1e4
                0x00000000000001e6                __DMA0SZ = 0x1e6
                0x00000000000001ea                __DMA1SA = 0x1ea
                0x00000000000001ec                __DMA1DA = 0x1ec
                0x00000000000001ee                __DMA1SZ = 0x1ee
                0x00000000000001f2                __DMA2SA = 0x1f2
                0x00000000000001f4                __DMA2DA = 0x1f4
                0x00000000000001f6                __DMA2SZ = 0x1f6

.hash
 *(.hash)

.dynsym
 *(.dynsym)

.dynstr
 *(.dynstr)

.gnu.version
 *(.gnu.version)

.gnu.version_d
 *(.gnu.version_d)

.gnu.version_r
 *(.gnu.version_r)

.rel.init
 *(.rel.init)

.rela.init
 *(.rela.init)

.rel.fini
 *(.rel.fini)

.rela.fini
 *(.rela.fini)

.rel.text
 *(.rel.text .rel.text.* .rel.gnu.linkonce.t.*)

.rela.text
 *(.rela.text .rela.text.* .rela.gnu.linkonce.t.*)

.rel.rodata
 *(.rel.rodata .rel.rodata.* .rel.gnu.linkonce.r.*)

.rela.rodata
 *(.rela.rodata .rela.rodata.* .rela.gnu.linkonce.r.*)

.rel.data
 *(.rel.data .rel.data.* .rel.gnu.linkonce.d.*)

.rela.data
 *(.rela.data .rela.data.* .rela.gnu.linkonce.d.*)

.rel.bss
 *(.rel.bss .rel.bss.* .rel.gnu.linkonce.b.*)

.rela.bss
 *(.rela.bss .rela.bss.* .rela.gnu.linkonce.b.*)

.rel.ctors
 *(.rel.ctors)

.rela.ctors
 *(.rela.ctors)

.rel.dtors
 *(.rel.dtors)

.rela.dtors
 *(.rela.dtors)

.rel.got
 *(.rel.got)

.rela.got
 *(.rela.got)

.rel.plt
 *(.rel.plt)

.rela.plt
 *(.rela.plt)

.text           0x0000000000004000     0xd0bc
                0x0000000000004000                . = ALIGN (0x2)
 *(.init .init.*)
 *(.init0)
 .init0         0x0000000000004000        0x0 /usr/lib/gcc/msp430/4.6.3/mmpy-16/libcrt0.a(_reset_vector__.o)
                0x0000000000004000                _reset_vector__
 *(.init1)
 .init1         0x0000000000004000        0xc /usr/lib/gcc/msp430/4.6.3/mmpy-16/libcrt0.a(__watchdog_support.o)
                0x0000000000004000                __watchdog_support
 *(.init2)
 .init2         0x000000000000400c        0x4 /usr/lib/gcc/msp430/4.6.3/mmpy-16/libcrt0.a(__init_stack.o)
                0x000000000000400c                __init_stack
 *(.init3)
 .init3         0x0000000000004010        0x0 /usr/lib/gcc/msp430/4.6.3/mmpy-16/libcrt0.a(__low_level_init.o)
                0x0000000000004010                __low_level_init
 *(.init4)
 .init4         0x0000000000004010       0x18 /usr/lib/gcc/msp430/4.6.3/mmpy-16/libcrt0.a(_copy_data.o)
                0x0000000000004010                __do_copy_data
 .init4         0x0000000000004028       0x16 /usr/lib/gcc/msp430/4.6.3/mmpy-16/libcrt0.a(_clear_bss.o)
                0x0000000000004028                __do_clear_bss
 *(.init5)
 *(.init6)
 *(.init7)
 *(.init8)
 *(.init9)
 .init9         0x000000000000403e      0x340 obj_sky/contiki-sky-main.o
                0x000000000000403e                main
 *(.fini9)
 .fini9         0x000000000000437e        0x0 /usr/lib/gcc/msp430/4.6.3/mmpy-16/libcrt0.a(__stop_progExec__.o)
                0x000000000000437e                __stop_progExec__
 *(.fini8)
 *(.fini7)
 *(.fini6)
 *(.fini5)
 *(.fini4)
 *(.fini3)
 *(.fini2)
 *(.fini1)
 *(.fini0)
 .fini0         0x000000000000437e        0x6 /usr/lib/gcc/msp430/4.6.3/mmpy-16/libcrt0.a(_endless_loop__.o)
                0x000000000000437e                _endless_loop__
 *(.fini .fini.*)
                0x0000000000004384                . = ALIGN (0x2)
                0x0000000000004384                __ctors_start = .
 *(.ctors)
                0x0000000000004384                __ctors_end = .
                0x0000000000004384                __dtors_start = .
 *(.dtors)
                0x0000000000004384                __dtors_end = .
                0x0000000000004384                . = ALIGN (0x2)
 *(.text .text.* .gnu.linkonce.t.*)
 .text          0x0000000000004384        0x4 /usr/lib/gcc/msp430/4.6.3/mmpy-16/crt0ivtbl16.o
                0x0000000000004384                __isr_14
                0x0000000000004384                __isr_11
                0x0000000000004384                __isr_2
                0x0000000000004384                __isr_7
                0x0000000000004384                __isr_0
                0x0000000000004384                __isr_8
                0x0000000000004384                __isr_3
                0x0000000000004384                __isr_12
                0x0000000000004384                __isr_13
                0x0000000000004384                __isr_9
 .text.process_thread_server
                0x0000000000004388       0x38 ex1.co
 .text.put_handler
                0x00000000000043c0       0x4a ex1.co
                0x00000000000043c0                put_handler
 .text.get_handler
                0x000000000000440a       0x4a ex1.co
                0x000000000000440a                get_handler
 .text.coap_set_service_callback
                0x0000000000004454        0x6 contiki-sky.a(er-coap-engine.)
                0x0000000000004454                coap_set_service_callback
 .text.coap_get_rest_method
                0x000000000000445a       0x1a contiki-sky.a(er-coap-engine.)
                0x000000000000445a                coap_get_rest_method
 .text.process_thread_coap_engine
                0x0000000000004474      0x402 contiki-sky.a(er-coap-engine.)
 .text.coap_init_engine
                0x0000000000004876        0xc contiki-sky.a(er-coap-engine.)
                0x0000000000004876                coap_init_engine
 .text.coap_register_as_transaction_handler
                0x0000000000004882        0x8 contiki-sky.a(er-coap-transac)
                0x0000000000004882                coap_register_as_transaction_handler
 .text.coap_new_transaction
                0x000000000000488a       0x4e contiki-sky.a(er-coap-transac)
                0x000000000000488a                coap_new_transaction
 .text.coap_clear_transaction
                0x00000000000048d8       0x26 contiki-sky.a(er-coap-transac)
                0x00000000000048d8                coap_clear_transaction
 .text.coap_send_transaction
                0x00000000000048fe       0xc8 contiki-sky.a(er-coap-transac)
                0x00000000000048fe                coap_send_transaction
 .text.coap_get_transaction_by_mid
                0x00000000000049c6       0x1e contiki-sky.a(er-coap-transac)
                0x00000000000049c6                coap_get_transaction_by_mid
 .text.coap_check_transactions
                0x00000000000049e4       0x2e contiki-sky.a(er-coap-transac)
                0x00000000000049e4                coap_check_transactions
 .text.coap_remove_observer
                0x0000000000004a12       0x1c contiki-sky.a(er-coap-observe)
                0x0000000000004a12                coap_remove_observer
 .text.coap_remove_observer_by_client
                0x0000000000004a2e       0x4e contiki-sky.a(er-coap-observe)
                0x0000000000004a2e                coap_remove_observer_by_client
 .text.coap_remove_observer_by_token
                0x0000000000004a7c       0x74 contiki-sky.a(er-coap-observe)
                0x0000000000004a7c                coap_remove_observer_by_token
 .text.coap_remove_observer_by_uri
                0x0000000000004af0       0x80 contiki-sky.a(er-coap-observe)
                0x0000000000004af0                coap_remove_observer_by_uri
 .text.coap_remove_observer_by_mid
                0x0000000000004b70       0x5a contiki-sky.a(er-coap-observe)
                0x0000000000004b70                coap_remove_observer_by_mid
 .text.coap_notify_observers_sub
                0x0000000000004bca      0x1aa contiki-sky.a(er-coap-observe)
                0x0000000000004bca                coap_notify_observers_sub
 .text.coap_notify_observers
                0x0000000000004d74        0x8 contiki-sky.a(er-coap-observe)
                0x0000000000004d74                coap_notify_observers
 .text.coap_observe_handler
                0x0000000000004d7c      0x13a contiki-sky.a(er-coap-observe)
                0x0000000000004d7c                coap_observe_handler
 .text.well_known_core_get_handler
                0x0000000000004eb6      0x29a contiki-sky.a(er-coap-res-wel)
                0x0000000000004eb6                well_known_core_get_handler
 .text.process_thread_rest_engine_process
                0x0000000000005150       0xc0 contiki-sky.a(rest-engine.o)
 .text.rest_invoke_restful_service
                0x0000000000005210      0x106 contiki-sky.a(rest-engine.o)
                0x0000000000005210                rest_invoke_restful_service
 .text.rest_init_engine
                0x0000000000005316       0x2a contiki-sky.a(rest-engine.o)
                0x0000000000005316                rest_init_engine
 .text.rest_activate_resource
                0x0000000000005340       0x6c contiki-sky.a(rest-engine.o)
                0x0000000000005340                rest_activate_resource
 .text.rest_get_resources
                0x00000000000053ac        0x6 contiki-sky.a(rest-engine.o)
                0x00000000000053ac                rest_get_resources
 .text.init_platform
                0x00000000000053b2        0xc contiki-sky.a(contiki-sky-pla)
                0x00000000000053b2                init_platform
 .text.status   0x00000000000053be       0x16 contiki-sky.a(button-sensor.o)
 .text.configure
                0x00000000000053d4       0x52 contiki-sky.a(button-sensor.o)
 .text.value    0x0000000000005426       0x22 contiki-sky.a(button-sensor.o)
 .text.irq_p2   0x0000000000005448       0x8a contiki-sky.a(button-sensor.o)
                0x0000000000005448                irq_p2
                0x0000000000005448                __isr_1
 .text.owreadb  0x00000000000054d2       0x52 contiki-sky.a(ds2411.o)
 .text.ds2411_init
                0x0000000000005524      0x122 contiki-sky.a(ds2411.o)
                0x0000000000005524                ds2411_init
 .text.wait_ready
                0x0000000000005646       0x50 contiki-sky.a(xmem.o)
 .text.xmem_init
                0x0000000000005696       0x3e contiki-sky.a(xmem.o)
                0x0000000000005696                xmem_init
 .text.xmem_pread
                0x00000000000056d4       0xea contiki-sky.a(xmem.o)
                0x00000000000056d4                xmem_pread
 .text.node_id_restore
                0x00000000000057be       0x38 contiki-sky.a(node-id.o)
                0x00000000000057be                node_id_restore
 .text.process_thread_sensors_process
                0x00000000000057f6       0xbe contiki-sky.a(sensors.o)
 .text.sensors_changed
                0x00000000000058b4       0x2a contiki-sky.a(sensors.o)
                0x00000000000058b4                sensors_changed
 .text.get_object
                0x00000000000058de        0x4 contiki-sky.a(cc2420.o)
 .text.set_object
                0x00000000000058e2        0x4 contiki-sky.a(cc2420.o)
 .text.strobe   0x00000000000058e6       0x20 contiki-sky.a(cc2420.o)
 .text.getreg   0x0000000000005906       0x54 contiki-sky.a(cc2420.o)
 .text.setreg   0x000000000000595a       0x52 contiki-sky.a(cc2420.o)
 .text.write_ram
                0x00000000000059ac       0x80 contiki-sky.a(cc2420.o)
 .text.write_fifo_buf
                0x0000000000005a2c       0x40 contiki-sky.a(cc2420.o)
 .text.get_status
                0x0000000000005a6c       0x24 contiki-sky.a(cc2420.o)
 .text.set_txpower
                0x0000000000005a90       0x26 contiki-sky.a(cc2420.o)
 .text.cc2420_receiving_packet
                0x0000000000005ab6        0xe contiki-sky.a(cc2420.o)
 .text.pending_packet
                0x0000000000005ac4        0x8 contiki-sky.a(cc2420.o)
 .text.on       0x0000000000005acc       0x26 contiki-sky.a(cc2420.o)
 .text.wait_for_transmission
                0x0000000000005af2       0x22 contiki-sky.a(cc2420.o)
 .text.wait_for_status
                0x0000000000005b14       0x2a contiki-sky.a(cc2420.o)
 .text.getrxdata
                0x0000000000005b3e       0x56 contiki-sky.a(cc2420.o)
 .text.flushrx  0x0000000000005b94       0x1a contiki-sky.a(cc2420.o)
 .text.off      0x0000000000005bae       0x62 contiki-sky.a(cc2420.o)
 .text.RELEASE_LOCK
                0x0000000000005c10       0x28 contiki-sky.a(cc2420.o)
 .text.set_key  0x0000000000005c38       0x18 contiki-sky.a(cc2420.o)
 .text.set_frame_filtering
                0x0000000000005c50       0x30 contiki-sky.a(cc2420.o)
 .text.set_auto_ack
                0x0000000000005c80       0x30 contiki-sky.a(cc2420.o)
 .text.set_poll_mode
                0x0000000000005cb0       0x36 contiki-sky.a(cc2420.o)
 .text.cc2420_prepare
                0x0000000000005ce6       0x3c contiki-sky.a(cc2420.o)
 .text.cc2420_on
                0x0000000000005d22       0x22 contiki-sky.a(cc2420.o)
                0x0000000000005d22                cc2420_on
 .text.cc2420_off
                0x0000000000005d44       0x30 contiki-sky.a(cc2420.o)
                0x0000000000005d44                cc2420_off
 .text.cc2420_cca
                0x0000000000005d74       0x5e contiki-sky.a(cc2420.o)
 .text.cc2420_read
                0x0000000000005dd2       0xc0 contiki-sky.a(cc2420.o)
 .text.process_thread_cc2420_process
                0x0000000000005e92       0x58 contiki-sky.a(cc2420.o)
 .text.encrypt  0x0000000000005eea       0x8e contiki-sky.a(cc2420.o)
 .text.cc2420_set_channel
                0x0000000000005f78       0x3c contiki-sky.a(cc2420.o)
                0x0000000000005f78                cc2420_set_channel
 .text.cc2420_set_pan_addr
                0x0000000000005fb4       0x4c contiki-sky.a(cc2420.o)
                0x0000000000005fb4                cc2420_set_pan_addr
 .text.cc2420_interrupt
                0x0000000000006000       0x18 contiki-sky.a(cc2420.o)
                0x0000000000006000                cc2420_interrupt
 .text.cc2420_set_txpower
                0x0000000000006018        0xe contiki-sky.a(cc2420.o)
                0x0000000000006018                cc2420_set_txpower
 .text.cc2420_get_txpower
                0x0000000000006026       0x1e contiki-sky.a(cc2420.o)
                0x0000000000006026                cc2420_get_txpower
 .text.cc2420_transmit
                0x0000000000006044      0x114 contiki-sky.a(cc2420.o)
 .text.cc2420_send
                0x0000000000006158       0x12 contiki-sky.a(cc2420.o)
 .text.cc2420_rssi
                0x000000000000616a       0x4c contiki-sky.a(cc2420.o)
                0x000000000000616a                cc2420_rssi
 .text.get_value
                0x00000000000061b6      0x108 contiki-sky.a(cc2420.o)
 .text.cc2420_set_cca_threshold
                0x00000000000062be       0x16 contiki-sky.a(cc2420.o)
                0x00000000000062be                cc2420_set_cca_threshold
 .text.set_value
                0x00000000000062d4       0xba contiki-sky.a(cc2420.o)
 .text.cc2420_init
                0x000000000000638e       0xf0 contiki-sky.a(cc2420.o)
                0x000000000000638e                cc2420_init
 .text.cc2420_port1_interrupt
                0x000000000000647e       0x62 contiki-sky.a(cc2420-arch.o)
                0x000000000000647e                __isr_4
                0x000000000000647e                cc2420_port1_interrupt
 .text.cc2420_arch_init
                0x00000000000064e0       0x1a contiki-sky.a(cc2420-arch.o)
                0x00000000000064e0                cc2420_arch_init
 .text.uart1_active
                0x00000000000064fa       0x1a contiki-sky.a(uart1.o)
                0x00000000000064fa                uart1_active
 .text.uart1_writeb
                0x0000000000006514       0x1a contiki-sky.a(uart1.o)
                0x0000000000006514                uart1_writeb
 .text.uart1_init
                0x000000000000652e       0xf6 contiki-sky.a(uart1.o)
                0x000000000000652e                uart1_init
 .text.putchar  0x0000000000006624       0x10 contiki-sky.a(uart1-putchar.o)
                0x0000000000006624                putchar
 .text.msp430_init_dco
                0x0000000000006634       0x84 contiki-sky.a(msp430.o)
                0x0000000000006634                msp430_init_dco
 .text.msp430_add_lpm_req
                0x00000000000066b8        0xc contiki-sky.a(msp430.o)
                0x00000000000066b8                msp430_add_lpm_req
 .text.msp430_cpu_init
                0x00000000000066c4       0x2a contiki-sky.a(msp430.o)
                0x00000000000066c4                msp430_cpu_init
 .text.splhigh_
                0x00000000000066ee        0x8 contiki-sky.a(msp430.o)
                0x00000000000066ee                splhigh_
 .text.msp430_sync_dco
                0x00000000000066f6       0x68 contiki-sky.a(msp430.o)
                0x00000000000066f6                msp430_sync_dco
 .text.timera1  0x000000000000675e      0x11e contiki-sky.a(clock.o)
                0x000000000000675e                __isr_5
                0x000000000000675e                timera1
 .text.clock_time
                0x000000000000687c       0x1a contiki-sky.a(clock.o)
                0x000000000000687c                clock_time
 .text.clock_init
                0x0000000000006896       0x28 contiki-sky.a(clock.o)
                0x0000000000006896                clock_init
 .text.clock_delay
                0x00000000000068be        0xc contiki-sky.a(clock.o)
                0x00000000000068be                clock_delay
 .text.clock_seconds
                0x00000000000068ca       0x1a contiki-sky.a(clock.o)
                0x00000000000068ca                clock_seconds
 .text.show_leds
                0x00000000000068e4       0xf6 contiki-sky.a(leds.o)
 .text.leds_init
                0x00000000000069da        0xa contiki-sky.a(leds.o)
                0x00000000000069da                leds_init
 .text.leds_on  0x00000000000069e4        0xa contiki-sky.a(leds.o)
                0x00000000000069e4                leds_on
 .text.leds_off
                0x00000000000069ee        0xe contiki-sky.a(leds.o)
                0x00000000000069ee                leds_off
 .text.leds_arch_init
                0x00000000000069fc        0xe contiki-sky.a(leds-arch.o)
                0x00000000000069fc                leds_arch_init
 .text.leds_arch_set
                0x0000000000006a0a       0x3a contiki-sky.a(leds-arch.o)
                0x0000000000006a0a                leds_arch_set
 .text.watchdog_interrupt
                0x0000000000006a44        0x6 contiki-sky.a(watchdog.o)
                0x0000000000006a44                __isr_10
                0x0000000000006a44                watchdog_interrupt
 .text.watchdog_start
                0x0000000000006a4a       0x14 contiki-sky.a(watchdog.o)
                0x0000000000006a4a                watchdog_start
 .text.watchdog_periodic
                0x0000000000006a5e       0x12 contiki-sky.a(watchdog.o)
                0x0000000000006a5e                watchdog_periodic
 .text.watchdog_stop
                0x0000000000006a70       0x16 contiki-sky.a(watchdog.o)
                0x0000000000006a70                watchdog_stop
 .text.watchdog_init
                0x0000000000006a86       0x14 contiki-sky.a(watchdog.o)
                0x0000000000006a86                watchdog_init
 .text.rtimer_arch_init
                0x0000000000006a9a        0xe contiki-sky.a(rtimer-arch.o)
                0x0000000000006a9a                rtimer_arch_init
 .text.rtimer_arch_now
                0x0000000000006aa8        0xe contiki-sky.a(rtimer-arch.o)
                0x0000000000006aa8                rtimer_arch_now
 .text.timera0  0x0000000000006ab6       0x70 contiki-sky.a(rtimer-arch.o)
                0x0000000000006ab6                __isr_6
                0x0000000000006ab6                timera0
 .text.rtimer_arch_schedule
                0x0000000000006b26        0x6 contiki-sky.a(rtimer-arch.o)
                0x0000000000006b26                rtimer_arch_schedule
 .text.autostart_start
                0x0000000000006b2c       0x16 contiki-sky.a(autostart.o)
                0x0000000000006b2c                autostart_start
 .text.process_thread_ctimer_process
                0x0000000000006b42       0xa4 contiki-sky.a(ctimer.o)
 .text.ctimer_init
                0x0000000000006be6       0x18 contiki-sky.a(ctimer.o)
                0x0000000000006be6                ctimer_init
 .text.ctimer_set_with_process
                0x0000000000006bfe       0x4e contiki-sky.a(ctimer.o)
                0x0000000000006bfe                ctimer_set_with_process
 .text.ctimer_set
                0x0000000000006c4c       0x10 contiki-sky.a(ctimer.o)
                0x0000000000006c4c                ctimer_set
 .text.ctimer_reset
                0x0000000000006c5c       0x30 contiki-sky.a(ctimer.o)
                0x0000000000006c5c                ctimer_reset
 .text.ctimer_restart
                0x0000000000006c8c       0x30 contiki-sky.a(ctimer.o)
                0x0000000000006c8c                ctimer_restart
 .text.ctimer_stop
                0x0000000000006cbc       0x28 contiki-sky.a(ctimer.o)
                0x0000000000006cbc                ctimer_stop
 .text.energest_init
                0x0000000000006ce4       0x28 contiki-sky.a(energest.o)
                0x0000000000006ce4                energest_init
 .text.energest_type_time
                0x0000000000006d0c       0x46 contiki-sky.a(energest.o)
                0x0000000000006d0c                energest_type_time
 .text.energest_type_set
                0x0000000000006d52        0xe contiki-sky.a(energest.o)
                0x0000000000006d52                energest_type_set
 .text.energest_flush
                0x0000000000006d60       0x48 contiki-sky.a(energest.o)
                0x0000000000006d60                energest_flush
 .text.update_time
                0x0000000000006da8       0x78 contiki-sky.a(etimer.o)
 .text.etimer_request_poll
                0x0000000000006e20        0xa contiki-sky.a(etimer.o)
                0x0000000000006e20                etimer_request_poll
 .text.process_thread_etimer_process
                0x0000000000006e2a       0xc8 contiki-sky.a(etimer.o)
 .text.add_timer
                0x0000000000006ef2       0x40 contiki-sky.a(etimer.o)
 .text.etimer_set
                0x0000000000006f32       0x12 contiki-sky.a(etimer.o)
                0x0000000000006f32                etimer_set
 .text.etimer_reset
                0x0000000000006f44       0x12 contiki-sky.a(etimer.o)
                0x0000000000006f44                etimer_reset
 .text.etimer_restart
                0x0000000000006f56       0x12 contiki-sky.a(etimer.o)
                0x0000000000006f56                etimer_restart
 .text.etimer_expired
                0x0000000000006f68        0xe contiki-sky.a(etimer.o)
                0x0000000000006f68                etimer_expired
 .text.etimer_expiration_time
                0x0000000000006f76       0x14 contiki-sky.a(etimer.o)
                0x0000000000006f76                etimer_expiration_time
 .text.etimer_pending
                0x0000000000006f8a        0xc contiki-sky.a(etimer.o)
                0x0000000000006f8a                etimer_pending
 .text.etimer_next_expiration_time
                0x0000000000006f96       0x16 contiki-sky.a(etimer.o)
                0x0000000000006f96                etimer_next_expiration_time
 .text.etimer_stop
                0x0000000000006fac       0x3c contiki-sky.a(etimer.o)
                0x0000000000006fac                etimer_stop
 .text.call_process
                0x0000000000006fe8       0x4a contiki-sky.a(process.o)
 .text.exit_process
                0x0000000000007032       0x96 contiki-sky.a(process.o)
 .text.do_poll  0x00000000000070c8       0x30 contiki-sky.a(process.o)
 .text.process_alloc_event
                0x00000000000070f8        0xe contiki-sky.a(process.o)
                0x00000000000070f8                process_alloc_event
 .text.process_init
                0x0000000000007106       0x1c contiki-sky.a(process.o)
                0x0000000000007106                process_init
 .text.process_run
                0x0000000000007122       0x92 contiki-sky.a(process.o)
                0x0000000000007122                process_run
 .text.process_nevents
                0x00000000000071b4        0xe contiki-sky.a(process.o)
                0x00000000000071b4                process_nevents
 .text.process_post
                0x00000000000071c2       0x4e contiki-sky.a(process.o)
                0x00000000000071c2                process_post
 .text.process_post_synch
                0x0000000000007210       0x12 contiki-sky.a(process.o)
                0x0000000000007210                process_post_synch
 .text.process_start
                0x0000000000007222       0x32 contiki-sky.a(process.o)
                0x0000000000007222                process_start
 .text.process_poll
                0x0000000000007254       0x18 contiki-sky.a(process.o)
                0x0000000000007254                process_poll
 .text.process_is_running
                0x000000000000726c        0xe contiki-sky.a(process.o)
                0x000000000000726c                process_is_running
 .text.rtimer_init
                0x000000000000727a        0x6 contiki-sky.a(rtimer.o)
                0x000000000000727a                rtimer_init
 .text.rtimer_run_next
                0x0000000000007280       0x26 contiki-sky.a(rtimer.o)
                0x0000000000007280                rtimer_run_next
 .text.timer_set
                0x00000000000072a6       0x1c contiki-sky.a(timer.o)
                0x00000000000072a6                timer_set
 .text.timer_reset
                0x00000000000072c2        0xe contiki-sky.a(timer.o)
                0x00000000000072c2                timer_reset
 .text.timer_restart
                0x00000000000072d0       0x14 contiki-sky.a(timer.o)
                0x00000000000072d0                timer_restart
 .text.timer_expired
                0x00000000000072e4       0x2a contiki-sky.a(timer.o)
                0x00000000000072e4                timer_expired
 .text.list_init
                0x000000000000730e        0x6 contiki-sky.a(list.o)
                0x000000000000730e                list_init
 .text.list_head
                0x0000000000007314        0x4 contiki-sky.a(list.o)
                0x0000000000007314                list_head
 .text.list_tail
                0x0000000000007318       0x12 contiki-sky.a(list.o)
                0x0000000000007318                list_tail
 .text.list_remove
                0x000000000000732a       0x34 contiki-sky.a(list.o)
                0x000000000000732a                list_remove
 .text.list_push
                0x000000000000735e       0x1a contiki-sky.a(list.o)
                0x000000000000735e                list_push
 .text.list_add
                0x0000000000007378       0x2a contiki-sky.a(list.o)
                0x0000000000007378                list_add
 .text.list_length
                0x00000000000073a2       0x10 contiki-sky.a(list.o)
                0x00000000000073a2                list_length
 .text.list_item_next
                0x00000000000073b2        0xc contiki-sky.a(list.o)
                0x00000000000073b2                list_item_next
 .text.memb_init
                0x00000000000073be       0x36 contiki-sky.a(memb.o)
                0x00000000000073be                memb_init
 .text.memb_alloc
                0x00000000000073f4       0x3e contiki-sky.a(memb.o)
                0x00000000000073f4                memb_alloc
 .text.memb_free
                0x0000000000007432       0x3a contiki-sky.a(memb.o)
                0x0000000000007432                memb_free
 .text.memb_inmemb
                0x000000000000746c       0x2e contiki-sky.a(memb.o)
                0x000000000000746c                memb_inmemb
 .text.memb_numfree
                0x000000000000749a       0x26 contiki-sky.a(memb.o)
                0x000000000000749a                memb_numfree
 .text.random_init
                0x00000000000074c0        0x6 contiki-sky.a(random.o)
                0x00000000000074c0                random_init
 .text.random_rand
                0x00000000000074c6        0x6 contiki-sky.a(random.o)
                0x00000000000074c6                random_rand
 .text.uip_ds6_list_loop
                0x00000000000074cc       0x86 contiki-sky.a(uip-ds6.o)
                0x00000000000074cc                uip_ds6_list_loop
 .text.uip_ds6_prefix_add
                0x0000000000007552       0x80 contiki-sky.a(uip-ds6.o)
                0x0000000000007552                uip_ds6_prefix_add
 .text.uip_ds6_is_addr_onlink
                0x00000000000075d2       0x54 contiki-sky.a(uip-ds6.o)
                0x00000000000075d2                uip_ds6_is_addr_onlink
 .text.uip_ds6_addr_lookup
                0x0000000000007626       0x2a contiki-sky.a(uip-ds6.o)
                0x0000000000007626                uip_ds6_addr_lookup
 .text.uip_ds6_get_link_local
                0x0000000000007650       0x3e contiki-sky.a(uip-ds6.o)
                0x0000000000007650                uip_ds6_get_link_local
 .text.uip_ds6_maddr_add
                0x000000000000768e       0x4c contiki-sky.a(uip-ds6.o)
                0x000000000000768e                uip_ds6_maddr_add
 .text.uip_ds6_addr_add
                0x00000000000076da       0xc4 contiki-sky.a(uip-ds6.o)
                0x00000000000076da                uip_ds6_addr_add
 .text.uip_ds6_maddr_lookup
                0x000000000000779e       0x2a contiki-sky.a(uip-ds6.o)
                0x000000000000779e                uip_ds6_maddr_lookup
 .text.uip_ds6_addr_rm
                0x00000000000077c8       0x54 contiki-sky.a(uip-ds6.o)
                0x00000000000077c8                uip_ds6_addr_rm
 .text.uip_ds6_periodic
                0x000000000000781c       0x46 contiki-sky.a(uip-ds6.o)
                0x000000000000781c                uip_ds6_periodic
 .text.uip_ds6_set_addr_iid
                0x0000000000007862       0x14 contiki-sky.a(uip-ds6.o)
                0x0000000000007862                uip_ds6_set_addr_iid
 .text.get_match_length
                0x0000000000007876       0x3e contiki-sky.a(uip-ds6.o)
                0x0000000000007876                get_match_length
 .text.uip_ds6_select_src
                0x00000000000078b4       0xaa contiki-sky.a(uip-ds6.o)
                0x00000000000078b4                uip_ds6_select_src
 .text.uip_ds6_compute_reachable_time
                0x000000000000795e       0x3e contiki-sky.a(uip-ds6.o)
                0x000000000000795e                uip_ds6_compute_reachable_time
 .text.uip_ds6_init
                0x000000000000799c      0x154 contiki-sky.a(uip-ds6.o)
                0x000000000000799c                uip_ds6_init
 .text.call_route_callback
                0x0000000000007af0       0x4c contiki-sky.a(uip-ds6-route.o)
 .text.uip_ds6_route_init
                0x0000000000007b3c       0x36 contiki-sky.a(uip-ds6-route.o)
                0x0000000000007b3c                uip_ds6_route_init
 .text.uip_ds6_route_nexthop
                0x0000000000007b72       0x1a contiki-sky.a(uip-ds6-route.o)
                0x0000000000007b72                uip_ds6_route_nexthop
 .text.uip_ds6_route_head
                0x0000000000007b8c        0xa contiki-sky.a(uip-ds6-route.o)
                0x0000000000007b8c                uip_ds6_route_head
 .text.uip_ds6_route_next
                0x0000000000007b96        0xe contiki-sky.a(uip-ds6-route.o)
                0x0000000000007b96                uip_ds6_route_next
 .text.uip_ds6_route_is_nexthop
                0x0000000000007ba4       0x1e contiki-sky.a(uip-ds6-route.o)
                0x0000000000007ba4                uip_ds6_route_is_nexthop
 .text.uip_ds6_route_lookup
                0x0000000000007bc2       0x8c contiki-sky.a(uip-ds6-route.o)
                0x0000000000007bc2                uip_ds6_route_lookup
 .text.uip_ds6_route_rm
                0x0000000000007c4e       0xa4 contiki-sky.a(uip-ds6-route.o)
                0x0000000000007c4e                uip_ds6_route_rm
 .text.rm_routelist
                0x0000000000007cf2       0x34 contiki-sky.a(uip-ds6-route.o)
 .text.rm_routelist_callback
                0x0000000000007d26        0x6 contiki-sky.a(uip-ds6-route.o)
 .text.uip_ds6_route_add
                0x0000000000007d2c      0x110 contiki-sky.a(uip-ds6-route.o)
                0x0000000000007d2c                uip_ds6_route_add
 .text.uip_ds6_defrt_rm
                0x0000000000007e3c       0x48 contiki-sky.a(uip-ds6-route.o)
                0x0000000000007e3c                uip_ds6_defrt_rm
 .text.uip_ds6_defrt_lookup
                0x0000000000007e84       0x36 contiki-sky.a(uip-ds6-route.o)
                0x0000000000007e84                uip_ds6_defrt_lookup
 .text.uip_ds6_defrt_add
                0x0000000000007eba       0x74 contiki-sky.a(uip-ds6-route.o)
                0x0000000000007eba                uip_ds6_defrt_add
 .text.uip_ds6_defrt_choose
                0x0000000000007f2e       0x3a contiki-sky.a(uip-ds6-route.o)
                0x0000000000007f2e                uip_ds6_defrt_choose
 .text.uip_ds6_defrt_periodic
                0x0000000000007f68       0x38 contiki-sky.a(uip-ds6-route.o)
                0x0000000000007f68                uip_ds6_defrt_periodic
 .text.chksum   0x0000000000007fa0       0x32 contiki-sky.a(uip6.o)
 .text.upper_layer_chksum
                0x0000000000007fd2       0x56 contiki-sky.a(uip6.o)
 .text.ext_hdr_options_process
                0x0000000000008028       0xda contiki-sky.a(uip6.o)
 .text.uip_add32
                0x0000000000008102       0x68 contiki-sky.a(uip6.o)
                0x0000000000008102                uip_add32
 .text.unlikely.uip_add_rcv_nxt
                0x000000000000816a       0x2e contiki-sky.a(uip6.o)
 .text.uip_icmp6chksum
                0x0000000000008198        0xa contiki-sky.a(uip6.o)
                0x0000000000008198                uip_icmp6chksum
 .text.uip_tcpchksum
                0x00000000000081a2        0xa contiki-sky.a(uip6.o)
                0x00000000000081a2                uip_tcpchksum
 .text.uip_udpchksum
                0x00000000000081ac        0xa contiki-sky.a(uip6.o)
                0x00000000000081ac                uip_udpchksum
 .text.uip_init
                0x00000000000081b6       0x56 contiki-sky.a(uip6.o)
                0x00000000000081b6                uip_init
 .text.remove_ext_hdr
                0x000000000000820c       0x56 contiki-sky.a(uip6.o)
                0x000000000000820c                remove_ext_hdr
 .text.uip_udp_new
                0x0000000000008262       0xac contiki-sky.a(uip6.o)
                0x0000000000008262                uip_udp_new
 .text.uip_unlisten
                0x000000000000830e       0x1e contiki-sky.a(uip6.o)
                0x000000000000830e                uip_unlisten
 .text.uip_process
                0x000000000000832c      0xe18 contiki-sky.a(uip6.o)
                0x000000000000832c                uip_process
 .text.uip_htonl
                0x0000000000009144       0x2e contiki-sky.a(uip6.o)
                0x0000000000009144                uip_htonl
 .text.uip_ds6_nbr_rm
                0x0000000000009172       0x1e contiki-sky.a(uip-ds6-nbr.o)
                0x0000000000009172                uip_ds6_nbr_rm
 .text.uip_ds6_neighbors_init
                0x0000000000009190       0x12 contiki-sky.a(uip-ds6-nbr.o)
                0x0000000000009190                uip_ds6_neighbors_init
 .text.uip_ds6_nbr_add
                0x00000000000091a2       0x3e contiki-sky.a(uip-ds6-nbr.o)
                0x00000000000091a2                uip_ds6_nbr_add
 .text.uip_ds6_nbr_get_ll
                0x00000000000091e0        0xc contiki-sky.a(uip-ds6-nbr.o)
                0x00000000000091e0                uip_ds6_nbr_get_ll
 .text.uip_ds6_nbr_lookup
                0x00000000000091ec       0x42 contiki-sky.a(uip-ds6-nbr.o)
                0x00000000000091ec                uip_ds6_nbr_lookup
 .text.uip_ds6_nbr_ll_lookup
                0x000000000000922e        0xc contiki-sky.a(uip-ds6-nbr.o)
                0x000000000000922e                uip_ds6_nbr_ll_lookup
 .text.uip_ds6_nbr_ipaddr_from_lladdr
                0x000000000000923a        0x6 contiki-sky.a(uip-ds6-nbr.o)
                0x000000000000923a                uip_ds6_nbr_ipaddr_from_lladdr
 .text.uip_ds6_nbr_lladdr_from_ipaddr
                0x0000000000009240       0x12 contiki-sky.a(uip-ds6-nbr.o)
                0x0000000000009240                uip_ds6_nbr_lladdr_from_ipaddr
 .text.uip_ds6_link_neighbor_callback
                0x0000000000009252       0x36 contiki-sky.a(uip-ds6-nbr.o)
                0x0000000000009252                uip_ds6_link_neighbor_callback
 .text.ns_input
                0x0000000000009288      0x266 contiki-sky.a(uip-nd6.o)
 .text.uip_nd6_init
                0x00000000000094ee        0xa contiki-sky.a(uip-nd6.o)
                0x00000000000094ee                uip_nd6_init
 .text.clear_fragments
                0x00000000000094f8       0x42 contiki-sky.a(sicslowpan.o)
 .text.set_packet_attrs
                0x000000000000953a       0x44 contiki-sky.a(sicslowpan.o)
 .text.addr_context_lookup_by_number
                0x000000000000957e       0x36 contiki-sky.a(sicslowpan.o)
 .text.compress_addr_64
                0x00000000000095b4       0xae contiki-sky.a(sicslowpan.o)
 .text.store_fragment
                0x0000000000009662       0xc8 contiki-sky.a(sicslowpan.o)
 .text.add_fragment
                0x000000000000972a      0x1ee contiki-sky.a(sicslowpan.o)
 .text.uncompress_addr
                0x0000000000009918       0xb4 contiki-sky.a(sicslowpan.o)
 .text.input    0x00000000000099cc      0x6f0 contiki-sky.a(sicslowpan.o)
 .text.sicslowpan_init
                0x000000000000a0bc       0x24 contiki-sky.a(sicslowpan.o)
                0x000000000000a0bc                sicslowpan_init
 .text.addr_context_lookup_by_prefix
                0x000000000000a0e0       0x4c contiki-sky.a(sicslowpan.o)
 .text.send_packet
                0x000000000000a12c       0x1a contiki-sky.a(sicslowpan.o)
 .text.output   0x000000000000a146      0x6d0 contiki-sky.a(sicslowpan.o)
 .text.packet_sent
                0x000000000000a816       0x22 contiki-sky.a(sicslowpan.o)
 .text.start_periodic_tcp_timer
                0x000000000000a838       0x16 contiki-sky.a(tcpip.o)
 .text.tcpip_output
                0x000000000000a84e       0x10 contiki-sky.a(tcpip.o)
                0x000000000000a84e                tcpip_output
 .text.tcpip_set_outputfunc
                0x000000000000a85e        0x6 contiki-sky.a(tcpip.o)
                0x000000000000a85e                tcpip_set_outputfunc
 .text.udp_new  0x000000000000a864       0x1a contiki-sky.a(tcpip.o)
                0x000000000000a864                udp_new
 .text.tcpip_input
                0x000000000000a87e       0x16 contiki-sky.a(tcpip.o)
                0x000000000000a87e                tcpip_input
 .text.tcpip_ipv6_output
                0x000000000000a894       0xc0 contiki-sky.a(tcpip.o)
                0x000000000000a894                tcpip_ipv6_output
 .text.process_thread_tcpip_process
                0x000000000000a954      0x1b6 contiki-sky.a(tcpip.o)
 .text.tcpip_uipcall
                0x000000000000ab0a       0x64 contiki-sky.a(tcpip.o)
                0x000000000000ab0a                tcpip_uipcall
 .text.uip_debug_ipaddr_print
                0x000000000000ab6e       0xc6 contiki-sky.a(uip-debug.o)
                0x000000000000ab6e                uip_debug_ipaddr_print
 .text.lollipop_greater_than
                0x000000000000ac34       0x44 contiki-sky.a(rpl-dag.o)
 .text.acceptable_rank
                0x000000000000ac78       0x50 contiki-sky.a(rpl-dag.o)
 .text.find_parent_any_dag_any_instance
                0x000000000000acc8       0x14 contiki-sky.a(rpl-dag.o)
 .text.rpl_set_preferred_parent
                0x000000000000acdc       0x30 contiki-sky.a(rpl-dag.o)
 .text.set_ip_from_prefix
                0x000000000000ad0c       0x38 contiki-sky.a(rpl-dag.o)
 .text.check_prefix
                0x000000000000ad44       0x80 contiki-sky.a(rpl-dag.o)
 .text.rpl_dag_init
                0x000000000000adc4        0xe contiki-sky.a(rpl-dag.o)
                0x000000000000adc4                rpl_dag_init
 .text.rpl_get_parent
                0x000000000000add2        0xc contiki-sky.a(rpl-dag.o)
                0x000000000000add2                rpl_get_parent
 .text.rpl_rank_via_parent
                0x000000000000adde       0x2e contiki-sky.a(rpl-dag.o)
                0x000000000000adde                rpl_rank_via_parent
 .text.rpl_get_parent_lladdr
                0x000000000000ae0c        0xc contiki-sky.a(rpl-dag.o)
                0x000000000000ae0c                rpl_get_parent_lladdr
 .text.rpl_get_parent_ipaddr
                0x000000000000ae18        0xa contiki-sky.a(rpl-dag.o)
                0x000000000000ae18                rpl_get_parent_ipaddr
 .text.rpl_get_parent_link_stats
                0x000000000000ae22        0xa contiki-sky.a(rpl-dag.o)
                0x000000000000ae22                rpl_get_parent_link_stats
 .text.rpl_parent_is_fresh
                0x000000000000ae2c        0xa contiki-sky.a(rpl-dag.o)
                0x000000000000ae2c                rpl_parent_is_fresh
 .text.best_parent
                0x000000000000ae36       0x80 contiki-sky.a(rpl-dag.o)
 .text.rpl_parent_is_reachable
                0x000000000000aeb6       0x46 contiki-sky.a(rpl-dag.o)
                0x000000000000aeb6                rpl_parent_is_reachable
 .text.rpl_set_prefix
                0x000000000000aefc       0x8e contiki-sky.a(rpl-dag.o)
                0x000000000000aefc                rpl_set_prefix
 .text.rpl_set_default_route
                0x000000000000af8a       0x3e contiki-sky.a(rpl-dag.o)
                0x000000000000af8a                rpl_set_default_route
 .text.rpl_alloc_instance
                0x000000000000afc8       0x34 contiki-sky.a(rpl-dag.o)
                0x000000000000afc8                rpl_alloc_instance
 .text.rpl_add_parent
                0x000000000000affc       0x3e contiki-sky.a(rpl-dag.o)
                0x000000000000affc                rpl_add_parent
 .text.rpl_find_parent
                0x000000000000b03a       0x18 contiki-sky.a(rpl-dag.o)
                0x000000000000b03a                rpl_find_parent
 .text.rpl_find_parent_any_dag
                0x000000000000b052       0x20 contiki-sky.a(rpl-dag.o)
                0x000000000000b052                rpl_find_parent_any_dag
 .text.rpl_select_parent
                0x000000000000b072       0x66 contiki-sky.a(rpl-dag.o)
                0x000000000000b072                rpl_select_parent
 .text.rpl_select_dag
                0x000000000000b0d8      0x17e contiki-sky.a(rpl-dag.o)
                0x000000000000b0d8                rpl_select_dag
 .text.rpl_nullify_parent
                0x000000000000b256       0x60 contiki-sky.a(rpl-dag.o)
                0x000000000000b256                rpl_nullify_parent
 .text.rpl_remove_parent
                0x000000000000b2b6       0x16 contiki-sky.a(rpl-dag.o)
                0x000000000000b2b6                rpl_remove_parent
 .text.nbr_callback
                0x000000000000b2cc        0x6 contiki-sky.a(rpl-dag.o)
 .text.remove_parents.constprop.3
                0x000000000000b2d2       0x30 contiki-sky.a(rpl-dag.o)
 .text.rpl_free_dag
                0x000000000000b302       0x44 contiki-sky.a(rpl-dag.o)
                0x000000000000b302                rpl_free_dag
 .text.rpl_move_parent
                0x000000000000b346       0x68 contiki-sky.a(rpl-dag.o)
                0x000000000000b346                rpl_move_parent
 .text.rpl_get_dag
                0x000000000000b3ae       0x86 contiki-sky.a(rpl-dag.o)
                0x000000000000b3ae                rpl_get_dag
 .text.rpl_get_any_dag
                0x000000000000b434       0x18 contiki-sky.a(rpl-dag.o)
                0x000000000000b434                rpl_get_any_dag
 .text.rpl_get_instance
                0x000000000000b44c       0x1a contiki-sky.a(rpl-dag.o)
                0x000000000000b44c                rpl_get_instance
 .text.rpl_alloc_dag
                0x000000000000b466       0x60 contiki-sky.a(rpl-dag.o)
                0x000000000000b466                rpl_alloc_dag
 .text.rpl_repair_root
                0x000000000000b4c6       0x50 contiki-sky.a(rpl-dag.o)
                0x000000000000b4c6                rpl_repair_root
 .text.rpl_find_of
                0x000000000000b516       0x10 contiki-sky.a(rpl-dag.o)
                0x000000000000b516                rpl_find_of
 .text.rpl_join_instance
                0x000000000000b526      0x158 contiki-sky.a(rpl-dag.o)
                0x000000000000b526                rpl_join_instance
 .text.rpl_local_repair
                0x000000000000b67e       0x9a contiki-sky.a(rpl-dag.o)
                0x000000000000b67e                rpl_local_repair
 .text.rpl_process_parent_event
                0x000000000000b718       0x8e contiki-sky.a(rpl-dag.o)
                0x000000000000b718                rpl_process_parent_event
 .text.rpl_recalculate_ranks
                0x000000000000b7a6       0x46 contiki-sky.a(rpl-dag.o)
                0x000000000000b7a6                rpl_recalculate_ranks
 .text.rpl_add_dag
                0x000000000000b7ec      0x114 contiki-sky.a(rpl-dag.o)
                0x000000000000b7ec                rpl_add_dag
 .text.rpl_process_dio
                0x000000000000b900      0x332 contiki-sky.a(rpl-dag.o)
                0x000000000000b900                rpl_process_dio
 .text.handle_unicast_dio_timer
                0x000000000000bc32       0x1c contiki-sky.a(rpl-timers.o)
 .text.new_dio_interval
                0x000000000000bc4e       0x92 contiki-sky.a(rpl-timers.o)
 .text.handle_periodic_timer
                0x000000000000bce0       0x50 contiki-sky.a(rpl-timers.o)
 .text.set_dao_lifetime_timer.part.0
                0x000000000000bd30       0x66 contiki-sky.a(rpl-timers.o)
 .text.schedule_dao
                0x000000000000bd96       0x90 contiki-sky.a(rpl-timers.o)
 .text.handle_dio_timer
                0x000000000000be26       0x88 contiki-sky.a(rpl-timers.o)
 .text.handle_dao_timer
                0x000000000000beae       0x72 contiki-sky.a(rpl-timers.o)
 .text.rpl_reset_periodic_timer
                0x000000000000bf20       0x60 contiki-sky.a(rpl-timers.o)
                0x000000000000bf20                rpl_reset_periodic_timer
 .text.rpl_reset_dio_timer
                0x000000000000bf80       0x18 contiki-sky.a(rpl-timers.o)
                0x000000000000bf80                rpl_reset_dio_timer
 .text.rpl_schedule_dao
                0x000000000000bf98        0xc contiki-sky.a(rpl-timers.o)
                0x000000000000bf98                rpl_schedule_dao
 .text.rpl_schedule_unicast_dio_immediately
                0x000000000000bfa4       0x16 contiki-sky.a(rpl-timers.o)
                0x000000000000bfa4                rpl_schedule_unicast_dio_immediately
 .text.get_probing_delay
                0x000000000000bfba       0x40 contiki-sky.a(rpl-timers.o)
                0x000000000000bfba                get_probing_delay
 .text.get_probing_target
                0x000000000000bffa       0xf6 contiki-sky.a(rpl-timers.o)
                0x000000000000bffa                get_probing_target
 .text.rpl_schedule_probing
                0x000000000000c0f0       0x26 contiki-sky.a(rpl-timers.o)
                0x000000000000c0f0                rpl_schedule_probing
 .text.handle_probing_timer
                0x000000000000c116       0x3c contiki-sky.a(rpl-timers.o)
 .text.update_hbh_header
                0x000000000000c152       0xcc contiki-sky.a(rpl-ext-header.)
 .text.insert_hbh_header
                0x000000000000c21e       0x9c contiki-sky.a(rpl-ext-header.)
 .text.rpl_verify_hbh_header
                0x000000000000c2ba      0x104 contiki-sky.a(rpl-ext-header.)
                0x000000000000c2ba                rpl_verify_hbh_header
 .text.rpl_remove_header
                0x000000000000c3be       0x7a contiki-sky.a(rpl-ext-header.)
                0x000000000000c3be                rpl_remove_header
 .text.rpl_update_header
                0x000000000000c438       0x64 contiki-sky.a(rpl-ext-header.)
                0x000000000000c438                rpl_update_header
 .text.rpl_get_mode
                0x000000000000c49c        0x6 contiki-sky.a(rpl.o)
                0x000000000000c49c                rpl_get_mode
 .text.rpl_purge_routes
                0x000000000000c4a2       0x94 contiki-sky.a(rpl.o)
                0x000000000000c4a2                rpl_purge_routes
 .text.rpl_remove_routes
                0x000000000000c536       0x22 contiki-sky.a(rpl.o)
                0x000000000000c536                rpl_remove_routes
 .text.rpl_remove_routes_by_nexthop
                0x000000000000c558       0x46 contiki-sky.a(rpl.o)
                0x000000000000c558                rpl_remove_routes_by_nexthop
 .text.rpl_add_route
                0x000000000000c59e       0x52 contiki-sky.a(rpl.o)
                0x000000000000c59e                rpl_add_route
 .text.rpl_link_neighbor_callback
                0x000000000000c5f0       0x4c contiki-sky.a(rpl.o)
                0x000000000000c5f0                rpl_link_neighbor_callback
 .text.rpl_ipv6_neighbor_callback
                0x000000000000c63c       0x1e contiki-sky.a(rpl.o)
                0x000000000000c63c                rpl_ipv6_neighbor_callback
 .text.rpl_purge_dags
                0x000000000000c65a       0x6e contiki-sky.a(rpl.o)
                0x000000000000c65a                rpl_purge_dags
 .text.rpl_init
                0x000000000000c6c8       0x44 contiki-sky.a(rpl.o)
                0x000000000000c6c8                rpl_init
 .text.reset    0x000000000000c70c        0x2 contiki-sky.a(rpl-mrhof.o)
 .text.update_metric_container
                0x000000000000c70e        0x6 contiki-sky.a(rpl-mrhof.o)
 .text.parent_link_metric
                0x000000000000c714       0x10 contiki-sky.a(rpl-mrhof.o)
 .text.parent_has_usable_link
                0x000000000000c724       0x14 contiki-sky.a(rpl-mrhof.o)
 .text.best_dag
                0x000000000000c738       0x34 contiki-sky.a(rpl-mrhof.o)
 .text.parent_path_cost
                0x000000000000c76c       0x44 contiki-sky.a(rpl-mrhof.o)
 .text.parent_is_acceptable
                0x000000000000c7b0       0x2a contiki-sky.a(rpl-mrhof.o)
 .text.best_parent
                0x000000000000c7da       0x88 contiki-sky.a(rpl-mrhof.o)
 .text.rank_via_parent
                0x000000000000c862       0x56 contiki-sky.a(rpl-mrhof.o)
 .text.parse    0x000000000000c8b8       0xa6 contiki-sky.a(framer-802154.o)
 .text.create_frame.isra.0
                0x000000000000c95e      0x118 contiki-sky.a(framer-802154.o)
 .text.create   0x000000000000ca76        0x8 contiki-sky.a(framer-802154.o)
 .text.hdr_length
                0x000000000000ca7e        0x8 contiki-sky.a(framer-802154.o)
 .text.input_packet
                0x000000000000ca86        0x6 contiki-sky.a(csma.o)
 .text.on       0x000000000000ca8c        0x6 contiki-sky.a(csma.o)
 .text.off      0x000000000000ca92        0x6 contiki-sky.a(csma.o)
 .text.channel_check_interval
                0x000000000000ca98       0x10 contiki-sky.a(csma.o)
 .text.transmit_packet_list
                0x000000000000caa8       0x24 contiki-sky.a(csma.o)
 .text.schedule_transmission
                0x000000000000cacc       0x96 contiki-sky.a(csma.o)
 .text.send_packet
                0x000000000000cb62      0x164 contiki-sky.a(csma.o)
 .text.init     0x000000000000ccc6       0x1a contiki-sky.a(csma.o)
 .text.tx_done  0x000000000000cce0       0x9a contiki-sky.a(csma.o)
 .text.packet_sent
                0x000000000000cd7a       0xd2 contiki-sky.a(csma.o)
 .text.frame802154_get_pan_id
                0x000000000000ce4c        0x6 contiki-sky.a(frame802154.o)
                0x000000000000ce4c                frame802154_get_pan_id
 .text.frame802154_has_panid
                0x000000000000ce52       0xdc contiki-sky.a(frame802154.o)
                0x000000000000ce52                frame802154_has_panid
 .text.field_len
                0x000000000000cf2e       0xb2 contiki-sky.a(frame802154.o)
 .text.frame802154_is_broadcast_addr
                0x000000000000cfe0       0x24 contiki-sky.a(frame802154.o)
                0x000000000000cfe0                frame802154_is_broadcast_addr
 .text.frame802154_hdrlen
                0x000000000000d004       0x32 contiki-sky.a(frame802154.o)
                0x000000000000d004                frame802154_hdrlen
 .text.frame802154_create_fcf
                0x000000000000d036       0x96 contiki-sky.a(frame802154.o)
                0x000000000000d036                frame802154_create_fcf
 .text.frame802154_create
                0x000000000000d0cc       0xe4 contiki-sky.a(frame802154.o)
                0x000000000000d0cc                frame802154_create
 .text.frame802154_parse_fcf
                0x000000000000d1b0       0xbe contiki-sky.a(frame802154.o)
                0x000000000000d1b0                frame802154_parse_fcf
 .text.frame802154_parse
                0x000000000000d26e      0x18c contiki-sky.a(frame802154.o)
                0x000000000000d26e                frame802154_parse
 .text.mac_call_sent_callback
                0x000000000000d3fa       0x14 contiki-sky.a(mac.o)
                0x000000000000d3fa                mac_call_sent_callback
 .text.on       0x000000000000d40e        0x6 contiki-sky.a(nullrdc.o)
 .text.channel_check_interval
                0x000000000000d414        0x4 contiki-sky.a(nullrdc.o)
 .text.init     0x000000000000d418        0x6 contiki-sky.a(nullrdc.o)
 .text.send_one_packet
                0x000000000000d41e       0x6a contiki-sky.a(nullrdc.o)
 .text.send_list
                0x000000000000d488       0x30 contiki-sky.a(nullrdc.o)
 .text.send_packet
                0x000000000000d4b8        0x6 contiki-sky.a(nullrdc.o)
 .text.off      0x000000000000d4be       0x10 contiki-sky.a(nullrdc.o)
 .text.packet_input
                0x000000000000d4ce       0x26 contiki-sky.a(nullrdc.o)
 .text.queuebuf_init
                0x000000000000d4f4       0x12 contiki-sky.a(queuebuf.o)
                0x000000000000d4f4                queuebuf_init
 .text.queuebuf_numfree
                0x000000000000d506        0xa contiki-sky.a(queuebuf.o)
                0x000000000000d506                queuebuf_numfree
 .text.queuebuf_new_from_packetbuf
                0x000000000000d510       0x52 contiki-sky.a(queuebuf.o)
                0x000000000000d510                queuebuf_new_from_packetbuf
 .text.queuebuf_update_attr_from_packetbuf
                0x000000000000d562       0x12 contiki-sky.a(queuebuf.o)
                0x000000000000d562                queuebuf_update_attr_from_packetbuf
 .text.queuebuf_free
                0x000000000000d574       0x2a contiki-sky.a(queuebuf.o)
                0x000000000000d574                queuebuf_free
 .text.queuebuf_to_packetbuf
                0x000000000000d59e       0x32 contiki-sky.a(queuebuf.o)
                0x000000000000d59e                queuebuf_to_packetbuf
 .text.queuebuf_attr
                0x000000000000d5d0        0xe contiki-sky.a(queuebuf.o)
                0x000000000000d5d0                queuebuf_attr
 .text.index_from_key
                0x000000000000d5de       0x48 contiki-sky.a(nbr-table.o)
 .text.item_from_key
                0x000000000000d626       0x34 contiki-sky.a(nbr-table.o)
 .text.nbr_set_bit
                0x000000000000d65a       0x8e contiki-sky.a(nbr-table.o)
 .text.index_from_lladdr
                0x000000000000d6e8       0x42 contiki-sky.a(nbr-table.o)
 .text.nbr_get_bit.constprop.0
                0x000000000000d72a       0x62 contiki-sky.a(nbr-table.o)
 .text.remove_key
                0x000000000000d78c       0x60 contiki-sky.a(nbr-table.o)
 .text.nbr_table_register
                0x000000000000d7ec       0x28 contiki-sky.a(nbr-table.o)
                0x000000000000d7ec                nbr_table_register
 .text.nbr_table_next
                0x000000000000d814       0x90 contiki-sky.a(nbr-table.o)
                0x000000000000d814                nbr_table_next
 .text.nbr_table_head
                0x000000000000d8a4       0x36 contiki-sky.a(nbr-table.o)
                0x000000000000d8a4                nbr_table_head
 .text.nbr_table_add_lladdr
                0x000000000000d8da      0x136 contiki-sky.a(nbr-table.o)
                0x000000000000d8da                nbr_table_add_lladdr
 .text.nbr_table_get_from_lladdr
                0x000000000000da10       0x48 contiki-sky.a(nbr-table.o)
                0x000000000000da10                nbr_table_get_from_lladdr
 .text.nbr_table_remove
                0x000000000000da58       0x32 contiki-sky.a(nbr-table.o)
                0x000000000000da58                nbr_table_remove
 .text.nbr_table_lock
                0x000000000000da8a       0x10 contiki-sky.a(nbr-table.o)
                0x000000000000da8a                nbr_table_lock
 .text.nbr_table_unlock
                0x000000000000da9a       0x10 contiki-sky.a(nbr-table.o)
                0x000000000000da9a                nbr_table_unlock
 .text.nbr_table_get_lladdr
                0x000000000000daaa       0x5a contiki-sky.a(nbr-table.o)
                0x000000000000daaa                nbr_table_get_lladdr
 .text.nbr_table_update_lladdr
                0x000000000000db04       0x68 contiki-sky.a(nbr-table.o)
                0x000000000000db04                nbr_table_update_lladdr
 .text.packetbuf_hdrreduce
                0x000000000000db6c       0x1a contiki-sky.a(packetbuf.o)
                0x000000000000db6c                packetbuf_hdrreduce
 .text.packetbuf_set_datalen
                0x000000000000db86        0x6 contiki-sky.a(packetbuf.o)
                0x000000000000db86                packetbuf_set_datalen
 .text.packetbuf_hdrptr
                0x000000000000db8c        0x6 contiki-sky.a(packetbuf.o)
                0x000000000000db8c                packetbuf_hdrptr
 .text.packetbuf_datalen
                0x000000000000db92        0x6 contiki-sky.a(packetbuf.o)
                0x000000000000db92                packetbuf_datalen
 .text.packetbuf_hdrlen
                0x000000000000db98        0xa contiki-sky.a(packetbuf.o)
                0x000000000000db98                packetbuf_hdrlen
 .text.packetbuf_dataptr
                0x000000000000dba2        0xc contiki-sky.a(packetbuf.o)
                0x000000000000dba2                packetbuf_dataptr
 .text.packetbuf_copyto
                0x000000000000dbae       0x46 contiki-sky.a(packetbuf.o)
                0x000000000000dbae                packetbuf_copyto
 .text.packetbuf_totlen
                0x000000000000dbf4        0xc contiki-sky.a(packetbuf.o)
                0x000000000000dbf4                packetbuf_totlen
 .text.packetbuf_hdralloc
                0x000000000000dc00       0x3a contiki-sky.a(packetbuf.o)
                0x000000000000dc00                packetbuf_hdralloc
 .text.packetbuf_attr_clear
                0x000000000000dc3a       0x28 contiki-sky.a(packetbuf.o)
                0x000000000000dc3a                packetbuf_attr_clear
 .text.packetbuf_clear
                0x000000000000dc62       0x12 contiki-sky.a(packetbuf.o)
                0x000000000000dc62                packetbuf_clear
 .text.packetbuf_copyfrom
                0x000000000000dc74       0x2e contiki-sky.a(packetbuf.o)
                0x000000000000dc74                packetbuf_copyfrom
 .text.packetbuf_attr_copyto
                0x000000000000dca2       0x22 contiki-sky.a(packetbuf.o)
                0x000000000000dca2                packetbuf_attr_copyto
 .text.packetbuf_attr_copyfrom
                0x000000000000dcc4       0x24 contiki-sky.a(packetbuf.o)
                0x000000000000dcc4                packetbuf_attr_copyfrom
 .text.packetbuf_holds_broadcast
                0x000000000000dce8        0xe contiki-sky.a(packetbuf.o)
                0x000000000000dce8                packetbuf_holds_broadcast
 .text.linkaddr_copy
                0x000000000000dcf6        0x8 contiki-sky.a(linkaddr.o)
                0x000000000000dcf6                linkaddr_copy
 .text.linkaddr_cmp
                0x000000000000dcfe       0x12 contiki-sky.a(linkaddr.o)
                0x000000000000dcfe                linkaddr_cmp
 .text.linkaddr_set_node_addr
                0x000000000000dd10        0xc contiki-sky.a(linkaddr.o)
                0x000000000000dd10                linkaddr_set_node_addr
 .text.periodic
                0x000000000000dd1c       0x28 contiki-sky.a(link-stats.o)
 .text.link_stats_from_lladdr
                0x000000000000dd44        0xc contiki-sky.a(link-stats.o)
                0x000000000000dd44                link_stats_from_lladdr
 .text.link_stats_is_fresh
                0x000000000000dd50       0x30 contiki-sky.a(link-stats.o)
                0x000000000000dd50                link_stats_is_fresh
 .text.link_stats_packet_sent
                0x000000000000dd80       0xda contiki-sky.a(link-stats.o)
                0x000000000000dd80                link_stats_packet_sent
 .text.link_stats_input_callback
                0x000000000000de5a       0xbc contiki-sky.a(link-stats.o)
                0x000000000000de5a                link_stats_input_callback
 .text.link_stats_init
                0x000000000000df16       0x22 contiki-sky.a(link-stats.o)
                0x000000000000df16                link_stats_init
 .text.init     0x000000000000df38        0x2 contiki-sky.a(nullsec.o)
 .text.send     0x000000000000df3a        0xa contiki-sky.a(nullsec.o)
 .text.input    0x000000000000df44        0x6 contiki-sky.a(nullsec.o)
 .text.coap_parse_int_option
                0x000000000000df4a       0x46 contiki-sky.a(er-coap.o)
 .text.coap_set_option_header
                0x000000000000df90       0xac contiki-sky.a(er-coap.o)
 .text.coap_serialize_int_option
                0x000000000000e03c       0xda contiki-sky.a(er-coap.o)
 .text.coap_get_variable
                0x000000000000e116       0xbe contiki-sky.a(er-coap.o)
 .text.coap_serialize_array_option
                0x000000000000e1d4       0xee contiki-sky.a(er-coap.o)
 .text.coap_merge_multi_option.part.1
                0x000000000000e2c2       0x34 contiki-sky.a(er-coap.o)
 .text.coap_init_connection
                0x000000000000e2f6       0x22 contiki-sky.a(er-coap.o)
                0x000000000000e2f6                coap_init_connection
 .text.coap_get_mid
                0x000000000000e318        0xc contiki-sky.a(er-coap.o)
                0x000000000000e318                coap_get_mid
 .text.coap_init_message
                0x000000000000e324       0x30 contiki-sky.a(er-coap.o)
                0x000000000000e324                coap_init_message
 .text.coap_serialize_message
                0x000000000000e354      0x470 contiki-sky.a(er-coap.o)
                0x000000000000e354                coap_serialize_message
 .text.coap_send_message
                0x000000000000e7c4       0x4a contiki-sky.a(er-coap.o)
                0x000000000000e7c4                coap_send_message
 .text.coap_parse_message
                0x000000000000e80e      0x554 contiki-sky.a(er-coap.o)
                0x000000000000e80e                coap_parse_message
 .text.coap_get_query_variable
                0x000000000000ed62       0x1c contiki-sky.a(er-coap.o)
                0x000000000000ed62                coap_get_query_variable
 .text.coap_get_post_variable
                0x000000000000ed7e       0x20 contiki-sky.a(er-coap.o)
                0x000000000000ed7e                coap_get_post_variable
 .text.coap_set_status_code
                0x000000000000ed9e       0x12 contiki-sky.a(er-coap.o)
                0x000000000000ed9e                coap_set_status_code
 .text.coap_set_token
                0x000000000000edb0       0x24 contiki-sky.a(er-coap.o)
                0x000000000000edb0                coap_set_token
 .text.coap_get_header_content_format
                0x000000000000edd4       0x18 contiki-sky.a(er-coap.o)
                0x000000000000edd4                coap_get_header_content_format
 .text.coap_set_header_content_format
                0x000000000000edec        0xe contiki-sky.a(er-coap.o)
                0x000000000000edec                coap_set_header_content_format
 .text.coap_get_header_accept
                0x000000000000edfa       0x16 contiki-sky.a(er-coap.o)
                0x000000000000edfa                coap_get_header_accept
 .text.coap_get_header_max_age
                0x000000000000ee10       0x26 contiki-sky.a(er-coap.o)
                0x000000000000ee10                coap_get_header_max_age
 .text.coap_set_header_max_age
                0x000000000000ee36       0x12 contiki-sky.a(er-coap.o)
                0x000000000000ee36                coap_set_header_max_age
 .text.coap_set_header_etag
                0x000000000000ee48       0x2a contiki-sky.a(er-coap.o)
                0x000000000000ee48                coap_set_header_etag
 .text.coap_get_header_if_match
                0x000000000000ee72       0x1c contiki-sky.a(er-coap.o)
                0x000000000000ee72                coap_get_header_if_match
 .text.coap_get_header_if_none_match
                0x000000000000ee8e       0x10 contiki-sky.a(er-coap.o)
                0x000000000000ee8e                coap_get_header_if_none_match
 .text.coap_get_header_uri_host
                0x000000000000ee9e       0x18 contiki-sky.a(er-coap.o)
                0x000000000000ee9e                coap_get_header_uri_host
 .text.coap_get_header_uri_path
                0x000000000000eeb6       0x18 contiki-sky.a(er-coap.o)
                0x000000000000eeb6                coap_get_header_uri_path
 .text.coap_set_header_uri_path
                0x000000000000eece       0x2a contiki-sky.a(er-coap.o)
                0x000000000000eece                coap_set_header_uri_path
 .text.coap_get_header_uri_query
                0x000000000000eef8       0x16 contiki-sky.a(er-coap.o)
                0x000000000000eef8                coap_get_header_uri_query
 .text.coap_set_header_location_query
                0x000000000000ef0e       0x2c contiki-sky.a(er-coap.o)
                0x000000000000ef0e                coap_set_header_location_query
 .text.coap_set_header_location_path
                0x000000000000ef3a       0x8c contiki-sky.a(er-coap.o)
                0x000000000000ef3a                coap_set_header_location_path
 .text.coap_set_header_observe
                0x000000000000efc6       0x12 contiki-sky.a(er-coap.o)
                0x000000000000efc6                coap_set_header_observe
 .text.coap_get_header_block2
                0x000000000000efd8       0x4c contiki-sky.a(er-coap.o)
                0x000000000000efd8                coap_get_header_block2
 .text.coap_set_header_block2
                0x000000000000f024       0x40 contiki-sky.a(er-coap.o)
                0x000000000000f024                coap_set_header_block2
 .text.coap_get_header_size2
                0x000000000000f064       0x1e contiki-sky.a(er-coap.o)
                0x000000000000f064                coap_get_header_size2
 .text.coap_set_header_size2
                0x000000000000f082       0x12 contiki-sky.a(er-coap.o)
                0x000000000000f082                coap_set_header_size2
 .text.coap_get_payload
                0x000000000000f094       0x1a contiki-sky.a(er-coap.o)
                0x000000000000f094                coap_get_payload
 .text.coap_set_payload
                0x000000000000f0ae       0x16 contiki-sky.a(er-coap.o)
                0x000000000000f0ae                coap_set_payload
 .text.spi_init
                0x000000000000f0c4       0x32 contiki-sky.a(spi.o)
                0x000000000000f0c4                spi_init
 .text.stimer_set
                0x000000000000f0f6       0x1c contiki-sky.a(stimer.o)
                0x000000000000f0f6                stimer_set
 .text.stimer_expired
                0x000000000000f112       0x30 contiki-sky.a(stimer.o)
                0x000000000000f112                stimer_expired
 .text.echo_reply_input
                0x000000000000f142       0xb2 contiki-sky.a(uip-icmp6.o)
 .text.echo_request_input
                0x000000000000f1f4       0xca contiki-sky.a(uip-icmp6.o)
 .text.uip_icmp6_input
                0x000000000000f2be       0x44 contiki-sky.a(uip-icmp6.o)
                0x000000000000f2be                uip_icmp6_input
 .text.uip_icmp6_register_input_handler
                0x000000000000f302        0xc contiki-sky.a(uip-icmp6.o)
                0x000000000000f302                uip_icmp6_register_input_handler
 .text.uip_icmp6_error_output
                0x000000000000f30e      0x17c contiki-sky.a(uip-icmp6.o)
                0x000000000000f30e                uip_icmp6_error_output
 .text.uip_icmp6_send
                0x000000000000f48a       0x96 contiki-sky.a(uip-icmp6.o)
                0x000000000000f48a                uip_icmp6_send
 .text.uip_icmp6_init
                0x000000000000f520       0x12 contiki-sky.a(uip-icmp6.o)
                0x000000000000f520                uip_icmp6_init
 .text.uip_udp_packet_send
                0x000000000000f532       0x2a contiki-sky.a(uip-udp-packet.)
                0x000000000000f532                uip_udp_packet_send
 .text.prepare_for_dao_fwd
                0x000000000000f55c       0x28 contiki-sky.a(rpl-icmp6.o)
 .text.get32    0x000000000000f584       0x46 contiki-sky.a(rpl-icmp6.o)
 .text.set32    0x000000000000f5ca       0x2a contiki-sky.a(rpl-icmp6.o)
 .text.get16    0x000000000000f5f4        0xe contiki-sky.a(rpl-icmp6.o)
 .text.set16    0x000000000000f602       0x10 contiki-sky.a(rpl-icmp6.o)
 .text.dao_ack_input
                0x000000000000f612        0xa contiki-sky.a(rpl-icmp6.o)
 .text.dio_input
                0x000000000000f61c      0x2aa contiki-sky.a(rpl-icmp6.o)
 .text.rpl_icmp6_update_nbr_table
                0x000000000000f8c6       0x30 contiki-sky.a(rpl-icmp6.o)
                0x000000000000f8c6                rpl_icmp6_update_nbr_table
 .text.dao_input
                0x000000000000f8f6      0x29a contiki-sky.a(rpl-icmp6.o)
 .text.dis_output
                0x000000000000fb90       0x50 contiki-sky.a(rpl-icmp6.o)
                0x000000000000fb90                dis_output
 .text.dio_output
                0x000000000000fbe0      0x276 contiki-sky.a(rpl-icmp6.o)
                0x000000000000fbe0                dio_output
 .text.dis_input
                0x000000000000fe56       0x3e contiki-sky.a(rpl-icmp6.o)
 .text.dao_output_target
                0x000000000000fe94      0x114 contiki-sky.a(rpl-icmp6.o)
                0x000000000000fe94                dao_output_target
 .text.dao_output
                0x000000000000ffa8       0xb2 contiki-sky.a(rpl-icmp6.o)
                0x000000000000ffa8                dao_output
 .text.rpl_icmp6_register_handlers
                0x000000000001005a       0x22 contiki-sky.a(rpl-icmp6.o)
                0x000000000001005a                rpl_icmp6_register_handlers
 .text.update_nbr
                0x000000000001007c       0xea contiki-sky.a(rpl-nbr-policy.)
 .text.handle_periodic_timer
                0x0000000000010166        0xe contiki-sky.a(rpl-nbr-policy.)
 .text.find_removable_dis
                0x0000000000010174       0x14 contiki-sky.a(rpl-nbr-policy.)
                0x0000000000010174                find_removable_dis
 .text.find_removable_dio
                0x0000000000010188       0x3e contiki-sky.a(rpl-nbr-policy.)
                0x0000000000010188                find_removable_dio
 .text.find_removable_dao
                0x00000000000101c6       0x32 contiki-sky.a(rpl-nbr-policy.)
                0x00000000000101c6                find_removable_dao
 .text.rpl_nbr_policy_find_removable
                0x00000000000101f8       0x30 contiki-sky.a(rpl-nbr-policy.)
                0x00000000000101f8                rpl_nbr_policy_find_removable
 .text.libgcc   0x0000000000010228       0x2c /usr/lib/gcc/msp430/4.6.3/mmpy-16/libgcc.a(_mulsi3.o)
                0x0000000000010228                __mulsi3
 .text.libgcc   0x0000000000010254       0x22 /usr/lib/gcc/msp430/4.6.3/mmpy-16/libgcc.a(_udivmod16.o)
                0x0000000000010254                __udivhi3
                0x0000000000010254                __ext_udivmod16
                0x000000000001026e                __umodhi3
 .text.libgcc   0x0000000000010276       0x3a /usr/lib/gcc/msp430/4.6.3/mmpy-16/libgcc.a(_divmod16.o)
                0x0000000000010276                __ext_divmod16
                0x0000000000010276                __divhi3
                0x00000000000102a8                __modhi3
 .text.libgcc   0x00000000000102b0       0x40 /usr/lib/gcc/msp430/4.6.3/mmpy-16/libgcc.a(_udivmod32.o)
                0x00000000000102b0                __udivsi3
                0x00000000000102b0                __ext_udivmod32
                0x00000000000102e6                __umodsi3
 .text.libgcc   0x00000000000102f0       0x4c /usr/lib/gcc/msp430/4.6.3/mmpy-16/libgcc.a(_divmod32.o)
                0x00000000000102f0                __ext_divmod32
                0x00000000000102f0                __divsi3
                0x0000000000010332                __modsi3
 .text          0x000000000001033c       0x12 /usr/lib/gcc/msp430/4.6.3/../../../../msp430/lib/mmpy-16/libc.a(strchr.o)
                0x000000000001033c                strchr
 .text          0x000000000001034e       0x1c /usr/lib/gcc/msp430/4.6.3/../../../../msp430/lib/mmpy-16/libc.a(memchr.o)
                0x000000000001034e                memchr
 .text          0x000000000001036a       0x28 /usr/lib/gcc/msp430/4.6.3/../../../../msp430/lib/mmpy-16/libc.a(strncmp.o)
                0x000000000001036a                strncmp
 .text          0x0000000000010392       0x20 /usr/lib/gcc/msp430/4.6.3/../../../../msp430/lib/mmpy-16/libc.a(memcmp.o)
                0x0000000000010392                memcmp
 .text          0x00000000000103b2       0x2a /usr/lib/gcc/msp430/4.6.3/../../../../msp430/lib/mmpy-16/libc.a(strncpy.o)
                0x00000000000103b2                strncpy
 .text          0x00000000000103dc       0xfa /usr/lib/gcc/msp430/4.6.3/../../../../msp430/lib/mmpy-16/libc.a(memcpy.o)
                0x00000000000103dc                memcpy
 .text          0x00000000000104d6       0xfa /usr/lib/gcc/msp430/4.6.3/../../../../msp430/lib/mmpy-16/libc.a(memmove.o)
                0x00000000000104d6                memmove
 .text          0x00000000000105d0       0x6a /usr/lib/gcc/msp430/4.6.3/../../../../msp430/lib/mmpy-16/libc.a(memset.o)
                0x00000000000105d0                memset
 .text          0x000000000001063a       0x1e /usr/lib/gcc/msp430/4.6.3/../../../../msp430/lib/mmpy-16/libc.a(printf.o)
                0x000000000001063a                printf
                0x000000000001064a                vprintf
 .text          0x0000000000010658       0xbc /usr/lib/gcc/msp430/4.6.3/../../../../msp430/lib/mmpy-16/libc.a(sprintf.o)
                0x00000000000106b6                sprintf
                0x00000000000106d2                snprintf
                0x00000000000106ec                vsprintf
                0x0000000000010702                vsnprintf
 .text          0x0000000000010714      0x836 /usr/lib/gcc/msp430/4.6.3/../../../../msp430/lib/mmpy-16/libc.a(vuprintf.o)
                0x00000000000108ac                vuprintf
 .text          0x0000000000010f4a       0x2c /usr/lib/gcc/msp430/4.6.3/../../../../msp430/lib/mmpy-16/libc.a(puts.o)
                0x0000000000010f4a                puts
 .text          0x0000000000010f76       0x54 /usr/lib/gcc/msp430/4.6.3/../../../../msp430/lib/mmpy-16/libc.a(rand.o)
                0x0000000000010f76                rand_r
                0x0000000000010f9a                rand
                0x0000000000010fc0                srand
 .text.libgcc   0x0000000000010fca       0xf0 /usr/lib/gcc/msp430/4.6.3/mmpy-16/libgcc.a(_udivmod64.o)
                0x0000000000010fca                __xabi_udivmod64
                0x0000000000011028                __udivdi3
                0x000000000001104e                __umoddi3
                0x000000000001107c                __udivmoddi4
 .text.crt0     0x00000000000110ba        0x2 /usr/lib/gcc/msp430/4.6.3/mmpy-16/libcrt0.a(_unexpected_.o)
                0x00000000000110ba                _unexpected_
                0x00000000000110bc                . = ALIGN (0x2)

.rodata         0x00000000000110bc      0x4c8
                0x00000000000110bc                . = ALIGN (0x2)
 *(.rodata .rodata.* .gnu.linkonce.r.*)
 .rodata        0x00000000000110bc       0x58 ex1.co
                0x00000000000110e8                autostart_processes
 .rodata        0x0000000000011114      0x12e obj_sky/contiki-sky-main.o
 .rodata        0x0000000000011242       0xec contiki-sky.a(er-coap-engine.)
                0x000000000001129c                coap_rest_implementation
 .rodata        0x000000000001132e       0x11 contiki-sky.a(er-coap-observe)
 .rodata        0x000000000001133f       0x19 contiki-sky.a(er-coap-res-wel)
 .rodata        0x0000000000011358        0xc contiki-sky.a(rest-engine.o)
 .rodata        0x0000000000011364       0x10 contiki-sky.a(button-sensor.o)
                0x000000000001136c                button_sensor
 .rodata        0x0000000000011374        0x8 contiki-sky.a(sensors.o)
 .rodata        0x000000000001137c       0x70 contiki-sky.a(cc2420.o)
                0x00000000000113ae                cc2420_aes_128_driver
                0x00000000000113b2                cc2420_driver
 .rodata        0x00000000000113ec        0xf contiki-sky.a(ctimer.o)
 .rodata        0x00000000000113fb        0xc contiki-sky.a(etimer.o)
 *fill*         0x0000000000011407        0x1 00
 .rodata        0x0000000000011408       0x20 contiki-sky.a(uip6.o)
 .rodata        0x0000000000011428       0x24 contiki-sky.a(sicslowpan.o)
                0x0000000000011434                sicslowpan_driver
                0x000000000001143a                llprefix
                0x000000000001143c                unc_mxconf
                0x0000000000011440                unc_ctxconf
                0x0000000000011444                unc_llconf
 .rodata        0x000000000001144c        0xd contiki-sky.a(tcpip.o)
 .rodata        0x0000000000011459       0x28 contiki-sky.a(uip-debug.o)
 *fill*         0x0000000000011481        0x1 00
 .rodata        0x0000000000011482        0x6 contiki-sky.a(framer-802154.o)
                0x0000000000011482                framer_802154
 .rodata        0x0000000000011488       0x14 contiki-sky.a(csma.o)
                0x000000000001148e                csma_driver
 .rodata        0x000000000001149c        0x2 contiki-sky.a(frame802154.o)
 .rodata        0x000000000001149e       0x18 contiki-sky.a(nullrdc.o)
                0x00000000000114a6                nullrdc_driver
 .rodata        0x00000000000114b6        0x8 contiki-sky.a(linkaddr.o)
                0x00000000000114b6                linkaddr_null
 .rodata        0x00000000000114be       0x10 contiki-sky.a(nullsec.o)
                0x00000000000114c6                nullsec_driver
 .rodata        0x00000000000114ce       0xaf contiki-sky.a(er-coap.o)
 .rodata        0x000000000001157d        0x7 /usr/lib/gcc/msp430/4.6.3/../../../../msp430/lib/mmpy-16/libc.a(vuprintf.o)
                0x0000000000011584                . = ALIGN (0x2)
                0x0000000000011584                _etext = .

.data           0x0000000000001100      0x140 load address 0x0000000000011584
                0x0000000000001100                . = ALIGN (0x2)
                0x0000000000001100                PROVIDE (__data_start, .)
 *(.data .data.* .gnu.linkonce.d.*)
 .data          0x0000000000001100       0x1c ex1.co
                0x0000000000001100                server
                0x000000000000110a                resource_example
 .data          0x000000000000111c        0xa contiki-sky.a(er-coap-engine.)
                0x000000000000111c                coap_engine
 .data          0x0000000000001126        0x8 contiki-sky.a(er-coap-transac)
 .data          0x000000000000112e        0x8 contiki-sky.a(er-coap-observe)
 .data          0x0000000000001136       0x12 contiki-sky.a(er-coap-res-wel)
                0x0000000000001136                res_well_known_core
 .data          0x0000000000001148        0xa contiki-sky.a(rest-engine.o)
                0x0000000000001148                rest_engine_process
 .data          0x0000000000001152        0x4 contiki-sky.a(contiki-sky-pla)
                0x0000000000001152                sensors
 .data          0x0000000000001156        0xa contiki-sky.a(sensors.o)
                0x0000000000001156                sensors_process
 .data          0x0000000000001160        0xc contiki-sky.a(cc2420.o)
                0x0000000000001160                cc2420_process
 .data          0x000000000000116c        0x2 contiki-sky.a(msp430.o)
 .data          0x000000000000116e        0xa contiki-sky.a(ctimer.o)
                0x000000000000116e                ctimer_process
 .data          0x0000000000001178        0xa contiki-sky.a(etimer.o)
                0x0000000000001178                etimer_process
 .data          0x0000000000001182       0x22 contiki-sky.a(uip-ds6-route.o)
                0x0000000000001182                nbr_routes
 .data          0x00000000000011a4        0xa contiki-sky.a(uip-ds6-nbr.o)
                0x00000000000011a4                ds6_neighbors
 .data          0x00000000000011ae        0x6 contiki-sky.a(uip-nd6.o)
 .data          0x00000000000011b4        0xa contiki-sky.a(tcpip.o)
                0x00000000000011b4                tcpip_process
 .data          0x00000000000011be        0xa contiki-sky.a(rpl-dag.o)
                0x00000000000011be                rpl_parents
 .data          0x00000000000011c8       0x12 contiki-sky.a(rpl-mrhof.o)
                0x00000000000011c8                rpl_mrhof
 .data          0x00000000000011da       0x18 contiki-sky.a(csma.o)
 .data          0x00000000000011f2        0x2 contiki-sky.a(frame802154.o)
 .data          0x00000000000011f4       0x10 contiki-sky.a(queuebuf.o)
 .data          0x0000000000001204        0x8 contiki-sky.a(nbr-table.o)